<html>
<body>
<pre>
<h1>µVision Build Log</h1>
<h2>Project:</h2>
Y:\stm32f103ret6\stmf10x-demo.uvproj
Project File Date:  06/15/2017

<h2>Output:</h2>
Build target 'stm32f103ret'
compiling main.c...
user\main.c(100): warning:  #223-D: function "RTOS_TimerInit" declared implicitly
      RTOS_TimerInit();
user\main.c(113): warning:  #167-D: argument of type "void (*)()" is incompatible with parameter of type "void (*)(void *)"
      OSTaskCreateExt(Net_Task, (void *)0, &NET_TASK_STK[NET_STK_SIZE - 1], CHECKTASK_TASK_PRIO,
user\main.c(116): warning:  #167-D: argument of type "void (*)()" is incompatible with parameter of type "void (*)(void *)"
      OSTaskCreateExt(Head_Task, (void *)0, &HEART_TASK_STK[HEART_STK_SIZE - 1], HEART_TASK_PRIO,
user\main.c(119): warning:  #167-D: argument of type "void (*)()" is incompatible with parameter of type "void (*)(void *)"
      OSTaskCreateExt(Data_Task, (void *)0, &DATA_TASK_STK[DATA_STK_SIZE - 1], DATA_TASK_PRIO,
user\main.c(49): warning:  #177-D: function "Check_Stack_Task" was declared but never referenced
  static void Check_Stack_Task()
user\main.c: 5 warnings, 0 errors
linking...
Program Size: Code=35324 RO-data=1220 RW-data=184 ZI-data=13736  
FromELF: creating hex file...
".\output\stmf10x-demo.axf" - 0 Error(s), 5 Warning(s).
ata=9640  
FromELF: creating hex file...
".\output\stmf10x-demo.axf" - 0 Error(s), 8 Warning(s).
r
      }
user\user.c(256): error:  #65: expected a ";"
      }
user\user.c(241): warning:  #177-D: variable "ret" was declared but never referenced
      uint8 ret;
user\user.c(242): warning:  #177-D: variable "sendBuf" was declared but never referenced
      uint8 sendBuf[] = "I receive the data";
user\user.c: 6 warnings, 3 errors
".\output\stmf10x-demo.axf" - 3 Error(s), 9 Warning(s).
Target not created
