<html>
<body>
<pre>
<h1>礦ision Build Log</h1>
<h2>Project:</h2>
Y:\stm32f103ret6\stmf10x-demo.uvproj
Project File Date:  06/02/2017

<h2>Output:</h2>
Build target 'stm32f103ret6'
compiling main.c...
user\main.c(129): warning:  #167-D: argument of type "void (*)()" is incompatible with parameter of type "void (*)(void *)"
      OSTaskCreateExt(PELCO_D_Task, (void *)0, &PELCO_D_TASK_STK[PELCO_D_STK_SIZE - 1], PELCO_D_TASK_PRI,
user\main.c(138): warning:  #167-D: argument of type "void (*)()" is incompatible with parameter of type "void (*)(void *)"
      OSTaskCreate(Check_Stack_Task, (void *)0, &CHECKTASK_TASK_STK[CHECKTASK_STK_SIZE - 1], CHECKTASK_TASK_PRI);
user\main.c(121): warning:  #177-D: variable "err" was declared but never referenced
      unsigned char err;
user\main.c(122): warning:  #177-D: variable "tmr" was declared but never referenced
      OS_TMR *tmr;                    //软件定时器句柄
user\main.c: 4 warnings, 0 errors
linking...
Program Size: Code=28036 RO-data=1108 RW-data=148 ZI-data=9708  
FromELF: creating hex file...
".\output\stmf10x-demo.axf" - 0 Error(s), 4 Warning(s).
Load "Y:\\stm32f103ret6\\output\\stmf10x-demo.axf" 
Erase Done.
Programming Done.
Verify OK.
Application running ...
.
\\output\\stmf10x-demo.axf" 
Erase Done.
Programming Done.
Verify OK.
Application running ...
20.c...
compiling tcrt5000.c...
compiling usart.c...
compiling hwtimer.c...
compiling main.c...
user\main.c(110): warning:  #167-D: argument of type "void (*)()" is incompatible with parameter of type "void (*)(void *)"
      OSTaskCreate(PELCO_D_Task, (void *)0, &PELCO_D_TASK_STK[PELCO_D_STK_SIZE - 1], PELCO_D_TASK_PRI);
user\main.c(113): warning:  #167-D: argument of type "void (*)()" is incompatible with parameter of type "void (*)(void *)"
      OSTaskCreateExt(Check_Stack_Task, (void *)0, &CHECKTASK_TASK_STK[CHECKTASK_STK_SIZE - 1], CHECKTASK_TASK_PRI,
user\main.c(102): warning:  #177-D: variable "err" was declared but never referenced
      unsigned char err;
user\main.c(103): warning:  #177-D: variable "tmr" was declared but never referenced
      OS_TMR *tmr;                    //软件定时器句柄
user\main.c: 4 warnings, 0 errors
compiling manage.c...
compiling os_cpu_c.c...
compiling os_core.c...
compiling os_flag.c...
compiling os_mbox.c...
compiling os_mem.c...
compiling os_mutex.c...
compiling os_q.c...
compiling os_sem.c...
compiling os_task.c...
compiling os_time.c...
compiling os_tmr.c...
assembling os_cpu_a.asm...
linking...
Program Size: Code=28020 RO-data=1108 RW-data=148 ZI-data=11756  
FromELF: creating hex file...
".\output\stmf10x-demo.axf" - 0 Error(s), 5 Warning(s).
n.c: 2 warnings, 4 errors
compiling manage.c...
".\output\stmf10x-demo.axf" - 4 Error(s), 3 Warning(s).
Target not created
