<html>
<body>
<pre>
<h1>礦ision Build Log</h1>
<h2>Project:</h2>
Y:\stm32f103ret6\stmf10x-demo.uvproj
Project File Date:  06/13/2017

<h2>Output:</h2>
Build target 'stm32f103ret'
compiling main.c...
user\main.c(105): warning:  #177-D: variable "i" was declared but never referenced
      unsigned short i = 0;
user\main.c(155): warning:  #167-D: argument of type "void (*)()" is incompatible with parameter of type "void (*)(void *)"
      OSTaskCreate(Modbus_Task, (void *)0, &MODBUS_TASK_STK[MODBUS_STK_SIZE - 1], MODBUS_TASK_PRI);
user\main.c(145): warning:  #177-D: variable "err" was declared but never referenced
      unsigned char err;
user\main.c(146): warning:  #177-D: variable "tmr" was declared but never referenced
      OS_TMR *tmr;                    //软件定时器句柄
user\main.c(88): warning:  #177-D: function "Check_Stack_Task" was declared but never referenced
  static void Check_Stack_Task()
user\main.c: 5 warnings, 0 errors
compiling modbus.c...
protocol\src\modbus.c(201): warning:  #550-D: variable "ret" was set but never used
      uint8 ret;
protocol\src\modbus.c: 1 warning, 0 errors
linking...
Program Size: Code=29352 RO-data=1108 RW-data=148 ZI-data=11756  
FromELF: creating hex file...
".\output\stmf10x-demo.axf" - 0 Error(s), 6 Warning(s).
compiling adc.c...
compiling tcrt5000.c...
compiling hwtimer.c...
compiling main.c...
user\main.c(105): warning:  #177-D: variable "i" was declared but never referenced
      unsigned short i = 0;
user\main.c(155): warning:  #167-D: argument of type "void (*)()" is incompatible with parameter of type "void (*)(void *)"
      OSTaskCreate(Modbus_Task, (void *)0, &MODBUS_TASK_STK[MODBUS_STK_SIZE - 1], MODBUS_TASK_PRI);
user\main.c(145): warning:  #177-D: variable "err" was declared but never referenced
      unsigned char err;
user\main.c(146): warning:  #177-D: variable "tmr" was declared but never referenced
      OS_TMR *tmr;                    //软件定时器句柄
user\main.c(88): warning:  #177-D: function "Check_Stack_Task" was declared but never referenced
  static void Check_Stack_Task()
user\main.c: 5 warnings, 0 errors
compiling modbus.c...
protocol\src\modbus.c(156): warning:  #550-D: variable "ret" was set but never used
      uint8 ret;
protocol\src\modbus.c: 1 warning, 0 errors
compiling pelco.c...
linking...
Program Size: Code=29352 RO-data=1108 RW-data=148 ZI-data=11756  
FromELF: creating hex file...
".\output\stmf10x-demo.axf" - 0 Error(s), 7 Warning(s).
