<html>
<body>
<pre>
<h1>礦ision Build Log</h1>
<h2>Project:</h2>
Y:\stm32f103ret6\stmf10x-demo.uvproj
Project File Date:  06/14/2017

<h2>Output:</h2>
Build target 'stm32f103ret'
compiling sim808.c...
.\hardware\inc\sim808.h(88): warning:  #1295-D: Deprecated declaration GSM_IO_Init - give arg types
  void GSM_IO_Init();
.\hardware\inc\sim808.h(90): warning:  #1295-D: Deprecated declaration GSM_Init - give arg types
  void GSM_Init();
.\hardware\inc\sim808.h(92): warning:  #1295-D: Deprecated declaration GSM_Device_Check - give arg types
  sim_status GSM_Device_Check();
.\hardware\inc\sim808.h(94): warning:  #1295-D: Deprecated declaration GSM_Device_Init - give arg types
  uint8 GSM_Device_Init();
.\hardware\inc\sim808.h(96): warning:  #1295-D: Deprecated declaration GSM_IO_WaitRecive - give arg types
  uint8 GSM_IO_WaitRecive();
.\hardware\inc\sim808.h(102): warning:  #1295-D: Deprecated declaration GSM_IO_ClearRecive - give arg types
  void GSM_IO_ClearRecive();
hardware\src\sim808.c(354): warning:  #188-D: enumerated type mixed with another type
      sim_status res = 1;
hardware\src\sim808.c(358): warning:  #223-D: function "DelayMs" declared implicitly
          DelayMs(1000);
hardware\src\sim808.c(360): warning:  #940-D: missing return statement at end of non-void function "GSM_Device_Init"
  }
hardware\src\sim808.c(439): warning:  #69-D: integer conversion resulted in truncation
      unsigned char timeout = 300;
hardware\src\sim808.c(441): warning:  #167-D: argument of type "uint8 *" is incompatible with parameter of type "const char *"
      GSM_SendString(GSM_IO, (uint8 *)cmd, strlen((uint8 *)cmd));
hardware\src\sim808.c(453): warning:  #223-D: function "DelayUs" declared implicitly
          DelayUs(200);
hardware\src\sim808.c: 12 warnings, 0 errors
linking...
Program Size: Code=33472 RO-data=1128 RW-data=180 ZI-data=8620  
FromELF: creating hex file...
".\output\stmf10x-demo.axf" - 0 Error(s), 12 Warning(s).
8.c: 12 warnings, 1 error
".\output\stmf10x-demo.axf" - 1 Error(s), 12 Warning(s).
Target not created
unction "GSM_Device_Init"
  }
hardware\src\sim808.c(439): warning:  #69-D: integer conversion resulted in truncation
      unsigned char timeout = 300;
hardware\src\sim808.c(441): warning:  #167-D: argument of type "uint8 *" is incompatible with parameter of type "const char *"
      GSM_SendString(GSM_IO, (uint8 *)cmd, strlen((uint8 *)cmd));
hardware\src\sim808.c(453): warning:  #223-D: function "DelayUs" declared implicitly
          DelayUs(200);
hardware\src\sim808.c(485): error:  #167: argument of type "int" is incompatible with parameter of type "USART_IO_INFO *"
      GSM_Device_SendCmd("AT+CMMODE=0\r\n","OK", 1);    //关闭透传模式
hardware\src\sim808.c: 12 warnings, 5 errors
".\output\stmf10x-demo.axf" - 5 Error(s), 12 Warning(s).
Target not created
ned
  NET_WORK_INFO netWorkInfo = NETWORK_ERR;
user\user.c(14): error:  #20: identifier "NETWORK_ERR" is undefined
  NET_WORK_INFO netWorkInfo = NETWORK_ERR;
user\user.c(30): warning:  #223-D: function "GSM_IO_Init" declared implicitly
      GSM_IO_Init();
user\user.c(33): error:  #20: identifier "DEV_OK" is undefined
          if ((NETWORK_ERR == netWorkInfo.netWork) && (DEV_OK == checkDeviceInfo.netDeviceStatus)) {
user\user.c(34): warning:  #223-D: function "GSM_Device_Init" declared implicitly
              GSM_Device_Init();
user\user.c(51): warning:  #940-D: missing return statement at end of non-void function "NET_DEVICE_Get_DataMode"
  }
user\user.c: 3 warnings, 5 errors
compiling os_cpu_c.c...
compiling os_core.c...
compiling os_flag.c...
compiling os_mbox.c...
compiling os_mem.c...
compiling os_mutex.c...
compiling os_q.c...
compiling os_sem.c...
compiling os_task.c...
compiling os_time.c...
compiling os_tmr.c...
".\output\stmf10x-demo.axf" - 5 Error(s), 12 Warning(s).
Target not created
