<html>
<body>
<pre>
<h1>µVision Build Log</h1>
<h2>Project:</h2>
F:\÷è÷ë\stm32f103ret6\stmf10x-demo.uvproj
Project File Date:  06/12/2017

<h2>Output:</h2>
Build target 'stm32f103ret'
compiling sim808.c...
.\hardware\inc\sim808.h(78): warning:  #1295-D: Deprecated declaration GSM_IO_Init - give arg types
  void GSM_IO_Init();
.\hardware\inc\sim808.h(80): warning:  #1295-D: Deprecated declaration GSM_Init - give arg types
  void GSM_Init();
.\hardware\inc\sim808.h(82): warning:  #1295-D: Deprecated declaration GSM_Device_Check - give arg types
  sim_status GSM_Device_Check();
.\hardware\inc\sim808.h(84): warning:  #1295-D: Deprecated declaration GSM_Device_Init - give arg types
  uint8 GSM_Device_Init();
.\hardware\inc\sim808.h(86): warning:  #1295-D: Deprecated declaration GSM_IO_WaitRecive - give arg types
  uint8 GSM_IO_WaitRecive();
.\hardware\inc\sim808.h(92): warning:  #1295-D: Deprecated declaration GSM_IO_ClearRecive - give arg types
  void GSM_IO_ClearRecive();
hardware\src\sim808.c(168): warning:  #223-D: function "strstr" declared implicitly
                  if (strstr(&gsmRevBuf.buf, "0,0")) {
hardware\src\sim808.c(300): warning:  #223-D: function "memset" declared implicitly
              memset(cfgBuffer, 0, sizeof(cfgBuffer));
hardware\src\sim808.c(302): warning:  #223-D: function "strcpy" declared implicitly
              strcpy(cfgBuffer, "AT+CIPSTART=\"TCP\",\"");
hardware\src\sim808.c(303): warning:  #223-D: function "strcat" declared implicitly
              strcat(cfgBuffer, serviceInfo.ip);
hardware\src\sim808.c(355): warning:  #188-D: enumerated type mixed with another type
      sim_status res = 1;
hardware\src\sim808.c(359): warning:  #223-D: function "DelayMs" declared implicitly
          DelayMs(1000);
hardware\src\sim808.c(361): warning:  #940-D: missing return statement at end of non-void function "GSM_Device_Init"
  }
hardware\src\sim808.c(404): warning:  #223-D: function "memset" declared implicitly
      memset(usart2IOInfo.buf, 0, sizeof(usart2IOInfo.buf));
hardware\src\sim808.c(440): warning:  #69-D: integer conversion resulted in truncation
      unsigned char timeout = 300;
hardware\src\sim808.c(442): warning:  #223-D: function "strlen" declared implicitly
      GSM_SendString(GSM_IO, (uint8 *)cmd, strlen((uint8 *)cmd));
hardware\src\sim808.c(446): warning:  #223-D: function "memcpy" declared implicitly
              memcpy(revBuf, &usart2IOInfo, sizeof(USART_IO_INFO));
hardware\src\sim808.c(448): warning:  #223-D: function "strstr" declared implicitly
              if (strstr((const char *)revBuf->buf, res) != NULL) {
hardware\src\sim808.c(454): warning:  #223-D: function "DelayUs" declared implicitly
          DelayUs(200);
hardware\src\sim808.c: 19 warnings, 0 errors
linking...
Program Size: Code=33272 RO-data=1128 RW-data=180 ZI-data=7340  
FromELF: creating hex file...
".\output\stmf10x-demo.axf" - 0 Error(s), 19 Warning(s).
