<html>
<body>
<pre>
<h1>µVision Build Log</h1>
<h2>Project:</h2>
Y:\stm32f103ret6\stmf10x-demo.uvproj
Project File Date:  06/15/2017

<h2>Output:</h2>
Rebuild target 'stm32f103ret'
compiling core_cm3.c...
compiling stm32f10x_it.c...
compiling system_stm32f10x.c...
assembling startup_stm32f10x_hd.s...
compiling misc.c...
compiling stm32f10x_gpio.c...
compiling stm32f10x_rcc.c...
compiling stm32f10x_usart.c...
compiling stm32f10x_adc.c...
compiling stm32f10x_bkp.c...
compiling stm32f10x_can.c...
compiling stm32f10x_cec.c...
compiling stm32f10x_crc.c...
compiling stm32f10x_dac.c...
compiling stm32f10x_dbgmcu.c...
compiling stm32f10x_dma.c...
compiling stm32f10x_exti.c...
compiling stm32f10x_flash.c...
compiling stm32f10x_fsmc.c...
compiling stm32f10x_i2c.c...
compiling stm32f10x_iwdg.c...
compiling stm32f10x_pwr.c...
compiling stm32f10x_rtc.c...
compiling stm32f10x_sdio.c...
compiling stm32f10x_spi.c...
compiling stm32f10x_tim.c...
compiling stm32f10x_wwdg.c...
compiling led.c...
hardware\src\led.c(94): warning:  #223-D: function "UsartPrintf" declared implicitly
          UsartPrintf(USART1, "led\r\n");
hardware\src\led.c: 1 warning, 0 errors
compiling delay.c...
compiling usart.c...
compiling key.c...
compiling beep.c...
compiling exti.c...
compiling i2c.c...
compiling adxl345.c...
compiling adc.c...
compiling tcrt5000.c...
compiling hwtimer.c...
compiling sim808.c...
hardware\src\sim808.c(354): warning:  #188-D: enumerated type mixed with another type
      sim_status res = 1;
hardware\src\sim808.c(358): warning:  #223-D: function "DelayMs" declared implicitly
          DelayMs(1000);
hardware\src\sim808.c(360): warning:  #940-D: missing return statement at end of non-void function "GSM_Device_Init"
  }
hardware\src\sim808.c(439): warning:  #69-D: integer conversion resulted in truncation
      unsigned char timeout = 300;
hardware\src\sim808.c(441): warning:  #167-D: argument of type "uint8 *" is incompatible with parameter of type "const char *"
      GSM_SendString((uint8 *)cmd, strlen((uint8 *)cmd));
hardware\src\sim808.c(453): warning:  #223-D: function "DelayUs" declared implicitly
          DelayUs(200);
hardware\src\sim808.c: 6 warnings, 0 errors
compiling esp8266.c...
.\hardware\inc\esp8266.h(51): warning:  #1295-D: Deprecated declaration ESP8266_IO_Init - give arg types
  void ESP8266_IO_Init();
.\hardware\inc\esp8266.h(53): warning:  #1295-D: Deprecated declaration ESP8266_Init - give arg types
  void ESP8266_Init();
.\hardware\inc\esp8266.h(55): warning:  #1295-D: Deprecated declaration ESP8266_Device_InitStep - give arg types
  uint8 ESP8266_Device_InitStep();
.\hardware\inc\esp8266.h(57): warning:  #1295-D: Deprecated declaration ESP8266_Device_Init - give arg types
  void ESP8266_Device_Init();
hardware\src\esp8266.c(63): warning:  #223-D: function "GSM_IO_ClearRecive" declared implicitly
      GSM_IO_ClearRecive();
hardware\src\esp8266.c(95): warning:  #223-D: function "GSM_Device_SendCmd" declared implicitly
              if (GSM_Device_SendCmd("AT+CWMODE=1\r\n", "OK", &gsmRevBuf)) {
hardware\src\esp8266.c(112): warning:  #223-D: function "memset" declared implicitly
                        memset(cfgBuffer, 0, sizeof(cfgBuffer));
hardware\src\esp8266.c(114): warning:  #223-D: function "strcpy" declared implicitly
                        strcpy(cfgBuffer, "AT+CWJAP=\"");                                                                                                               //ÃÓ–¥ssid°¢pswd
hardware\src\esp8266.c(115): warning:  #223-D: function "strcat" declared implicitly
                        strcat(cfgBuffer, wifiInfo.SSID);
hardware\src\esp8266.c(134): warning:  #127-D: expected a statement
      }
hardware\src\esp8266.c(135): warning:  #940-D: missing return statement at end of non-void function "ESP8266_Device_InitStep"
  }
hardware\src\esp8266.c: 11 warnings, 0 errors
compiling sht20.c...
compiling main.c...
user\main.c(89): warning:  #223-D: function "RTOS_TimerInit" declared implicitly
      RTOS_TimerInit();
user\main.c(102): warning:  #167-D: argument of type "void (*)()" is incompatible with parameter of type "void (*)(void *)"
      OSTaskCreateExt(Net_Task, (void *)0, &NET_TASK_STK[NET_STK_SIZE - 1], CHECKTASK_TASK_PRI,
user\main.c(43): warning:  #177-D: function "Check_Stack_Task" was declared but never referenced
  static void Check_Stack_Task()
user\main.c: 3 warnings, 0 errors
compiling user.c...
user\user.c(139): warning:  #550-D: parameter "revBuf" was set but never used
  uint8 Net_Device_GetData(uint8 *revBuf)
user\user.c: 1 warning, 0 errors
compiling os_cpu_c.c...
assembling os_cpu_a.asm...
compiling os_core.c...
compiling os_flag.c...
compiling os_mbox.c...
compiling os_mem.c...
compiling os_mutex.c...
compiling os_q.c...
compiling os_sem.c...
compiling os_task.c...
compiling os_time.c...
compiling os_tmr.c...
linking...
Program Size: Code=34788 RO-data=1188 RW-data=184 ZI-data=9640  
FromELF: creating hex file...
".\output\stmf10x-demo.axf" - 0 Error(s), 22 Warning(s).
