<html>
<body>
<pre>
<h1>µVision Build Log</h1>
<h2>Project:</h2>
Y:\stm32f103ret6\stmf10x-demo.uvproj
Project File Date:  06/09/2017

<h2>Output:</h2>
Rebuild target 'stm32f103ret'
compiling core_cm3.c...
compiling stm32f10x_it.c...
compiling system_stm32f10x.c...
assembling startup_stm32f10x_hd.s...
compiling misc.c...
compiling stm32f10x_gpio.c...
compiling stm32f10x_rcc.c...
compiling stm32f10x_usart.c...
compiling stm32f10x_adc.c...
compiling stm32f10x_bkp.c...
compiling stm32f10x_can.c...
compiling stm32f10x_cec.c...
compiling stm32f10x_crc.c...
compiling stm32f10x_dac.c...
compiling stm32f10x_dbgmcu.c...
compiling stm32f10x_dma.c...
compiling stm32f10x_exti.c...
compiling stm32f10x_flash.c...
compiling stm32f10x_fsmc.c...
compiling stm32f10x_i2c.c...
compiling stm32f10x_iwdg.c...
compiling stm32f10x_pwr.c...
compiling stm32f10x_rtc.c...
compiling stm32f10x_sdio.c...
compiling stm32f10x_spi.c...
compiling stm32f10x_tim.c...
compiling stm32f10x_wwdg.c...
compiling led.c...
hardware\src\led.c(94): warning:  #223-D: function "UsartPrintf" declared implicitly
          UsartPrintf(USART1, "led\r\n");
hardware\src\led.c: 1 warning, 0 errors
compiling delay.c...
compiling usart.c...
compiling key.c...
compiling beep.c...
compiling exti.c...
compiling i2c.c...
compiling sht20.c...
compiling adxl345.c...
compiling adc.c...
compiling tcrt5000.c...
compiling hwtimer.c...
compiling main.c...
user\main.c(106): warning:  #177-D: variable "buf" was declared but never referenced
      unsigned char buf[] = {0x01, 0x86, 0x02, 0xc3, 0xa1};
user\main.c(107): warning:  #177-D: variable "buf1" was declared but never referenced
      unsigned char buf1[] = {0x01, 0x06, 0x00, 0x04, 0x00, 0x00, 0xc8, 0x0b};
user\main.c(171): warning:  #167-D: argument of type "void (*)()" is incompatible with parameter of type "void (*)(void *)"
      OSTaskCreate(Modbus_Task, (void *)0, &MODBUS_TASK_STK[MODBUS_STK_SIZE - 1], MODBUS_TASK_PRI);
user\main.c(161): warning:  #177-D: variable "err" was declared but never referenced
      unsigned char err;
user\main.c(162): warning:  #177-D: variable "tmr" was declared but never referenced
      OS_TMR *tmr;                    //Èí¼þ¶¨Ê±Æ÷¾ä±ú
user\main.c(88): warning:  #177-D: function "Check_Stack_Task" was declared but never referenced
  static void Check_Stack_Task()
user\main.c: 6 warnings, 0 errors
compiling os_cpu_c.c...
assembling os_cpu_a.asm...
compiling os_core.c...
compiling os_flag.c...
compiling os_mbox.c...
compiling os_mem.c...
compiling os_mutex.c...
compiling os_q.c...
compiling os_sem.c...
compiling os_task.c...
compiling os_time.c...
compiling os_tmr.c...
compiling modbus.c...
protocol\src\modbus.c(162): warning:  #550-D: variable "ret" was set but never used
      uint8 ret;
protocol\src\modbus.c: 1 warning, 0 errors
compiling pelco.c...
linking...
Program Size: Code=29400 RO-data=1108 RW-data=148 ZI-data=11756  
FromELF: creating hex file...
".\output\stmf10x-demo.axf" - 0 Error(s), 8 Warning(s).
, 5);
protocol\src\modbus.c(154): warning:  #167-D: argument of type "unsigned char *" is incompatible with parameter of type "char *"
      Modbus_String_Send(bufRsp, 8);
protocol\src\modbus.c(162): warning:  #550-D: variable "ret" was set but never used
      uint8 ret;
protocol\src\modbus.c: 4 warnings, 0 errors
compiling pelco.c...
linking...
Program Size: Code=29400 RO-data=1108 RW-data=148 ZI-data=11756  
FromELF: creating hex file...
".\output\stmf10x-demo.axf" - 0 Error(s), 11 Warning(s).
