<html>
<body>
<pre>
<h1>µVision Build Log</h1>
<h2>Project:</h2>
Y:\stm32f103ret6\stmf10x-demo.uvproj
Project File Date:  05/31/2017

<h2>Output:</h2>
Build target 'stm32f103ret'
compiling main.c...
linking...
Program Size: Code=27036 RO-data=1108 RW-data=152 ZI-data=7336  
FromELF: creating hex file...
".\output\stmf10x-demo.axf" - 0 Error(s), 0 Warning(s).
g stm32f10x_rcc.c...
compiling stm32f10x_usart.c...
compiling stm32f10x_adc.c...
compiling stm32f10x_bkp.c...
compiling stm32f10x_can.c...
compiling stm32f10x_cec.c...
compiling stm32f10x_crc.c...
compiling stm32f10x_dac.c...
compiling stm32f10x_dbgmcu.c...
compiling stm32f10x_dma.c...
compiling stm32f10x_exti.c...
compiling stm32f10x_flash.c...
compiling stm32f10x_fsmc.c...
compiling stm32f10x_i2c.c...
compiling stm32f10x_iwdg.c...
compiling stm32f10x_pwr.c...
compiling stm32f10x_rtc.c...
compiling stm32f10x_sdio.c...
compiling stm32f10x_spi.c...
compiling stm32f10x_tim.c...
compiling stm32f10x_wwdg.c...
compiling led.c...
hardware\src\led.c(94): warning:  #223-D: function "UsartPrintf" declared implicitly
          UsartPrintf(USART1, "led\r\n");
hardware\src\led.c: 1 warning, 0 errors
compiling delay.c...
compiling usart.c...
compiling key.c...
compiling beep.c...
compiling exti.c...
compiling i2c.c...
compiling sht20.c...
compiling adxl345.c...
compiling adc.c...
compiling tcrt5000.c...
compiling main.c...
compiling os_cpu_c.c...
assembling os_cpu_a.asm...
compiling os_core.c...
compiling os_flag.c...
compiling os_mbox.c...
compiling os_mem.c...
compiling os_mutex.c...
compiling os_q.c...
compiling os_sem.c...
compiling os_task.c...
compiling os_time.c...
compiling os_tmr.c...
linking...
.\output\stmf10x-demo.axf: Error: L6218E: Undefined symbol usart1IOInfo (referred from usart.o).
.\output\stmf10x-demo.axf: Error: L6218E: Undefined symbol usart2IOInfo (referred from usart.o).
Not enough information to list image symbols.
Finished: 1 information, 0 warning and 2 error messages.
".\output\stmf10x-demo.axf" - 2 Error(s), 1 Warning(s).
Target not created
