Product: MDK-ARM Professional 5.10
Component: ARM Compiler 5.04 update 1 (build 49)
Tool: armlink [5040049]

==============================================================================

Section Cross References

    system_stm32f10x.o(.text) refers to system_stm32f10x.o(.data) for SystemCoreClock
    startup_stm32f10x_hd.o(STACK) refers (Special) to heapauxi.o(.text) for __use_two_region_memory
    startup_stm32f10x_hd.o(HEAP) refers (Special) to heapauxi.o(.text) for __use_two_region_memory
    startup_stm32f10x_hd.o(RESET) refers (Special) to heapauxi.o(.text) for __use_two_region_memory
    startup_stm32f10x_hd.o(RESET) refers to startup_stm32f10x_hd.o(STACK) for __initial_sp
    startup_stm32f10x_hd.o(RESET) refers to startup_stm32f10x_hd.o(.text) for Reset_Handler
    startup_stm32f10x_hd.o(RESET) refers to stm32f10x_it.o(.text) for NMI_Handler
    startup_stm32f10x_hd.o(RESET) refers to os_cpu_a.o(.text) for PendSV_Handler
    startup_stm32f10x_hd.o(RESET) refers to exti.o(.text) for EXTI2_IRQHandler
    startup_stm32f10x_hd.o(RESET) refers to usart.o(.text) for USART1_IRQHandler
    startup_stm32f10x_hd.o(RESET) refers to hwtimer.o(.text) for TIM6_IRQHandler
    startup_stm32f10x_hd.o(.text) refers (Special) to heapauxi.o(.text) for __use_two_region_memory
    startup_stm32f10x_hd.o(.text) refers to system_stm32f10x.o(.text) for SystemInit
    startup_stm32f10x_hd.o(.text) refers to __main.o(!!!main) for __main
    startup_stm32f10x_hd.o(.text) refers to startup_stm32f10x_hd.o(HEAP) for Heap_Mem
    startup_stm32f10x_hd.o(.text) refers to startup_stm32f10x_hd.o(STACK) for Stack_Mem
    stm32f10x_gpio.o(.text) refers to stm32f10x_rcc.o(.text) for RCC_APB2PeriphResetCmd
    stm32f10x_rcc.o(.text) refers to stm32f10x_rcc.o(.data) for APBAHBPrescTable
    stm32f10x_usart.o(.text) refers to stm32f10x_rcc.o(.text) for RCC_APB2PeriphResetCmd
    stm32f10x_adc.o(.text) refers to stm32f10x_rcc.o(.text) for RCC_APB2PeriphResetCmd
    stm32f10x_bkp.o(.text) refers to stm32f10x_rcc.o(.text) for RCC_BackupResetCmd
    stm32f10x_can.o(.text) refers to stm32f10x_rcc.o(.text) for RCC_APB1PeriphResetCmd
    stm32f10x_cec.o(.text) refers to stm32f10x_rcc.o(.text) for RCC_APB1PeriphResetCmd
    stm32f10x_dac.o(.text) refers to stm32f10x_rcc.o(.text) for RCC_APB1PeriphResetCmd
    stm32f10x_i2c.o(.text) refers to stm32f10x_rcc.o(.text) for RCC_APB1PeriphResetCmd
    stm32f10x_pwr.o(.text) refers to stm32f10x_rcc.o(.text) for RCC_APB1PeriphResetCmd
    stm32f10x_spi.o(.text) refers to stm32f10x_rcc.o(.text) for RCC_APB2PeriphResetCmd
    stm32f10x_tim.o(.text) refers to stm32f10x_rcc.o(.text) for RCC_APB2PeriphResetCmd
    stm32f10x_wwdg.o(.text) refers to stm32f10x_rcc.o(.text) for RCC_APB1PeriphResetCmd
    led.o(.text) refers to stm32f10x_gpio.o(.text) for GPIO_WriteBit
    led.o(.text) refers to stm32f10x_rcc.o(.text) for RCC_APB2PeriphClockCmd
    led.o(.text) refers to usart.o(.text) for UsartPrintf
    led.o(.text) refers to delay.o(.text) for DelayXms
    led.o(.text) refers to led.o(.data) for ledStatus
    delay.o(.text) refers to delay.o(.data) for UsCount
    usart.o(.text) refers to stm32f10x_rcc.o(.text) for RCC_APB2PeriphClockCmd
    usart.o(.text) refers to stm32f10x_gpio.o(.text) for GPIO_Init
    usart.o(.text) refers to stm32f10x_usart.o(.text) for USART_Init
    usart.o(.text) refers to misc.o(.text) for NVIC_Init
    usart.o(.text) refers to c89vsprintf.o(.text) for __c89vsprintf
    usart.o(.text) refers to main.o(.bss) for usart1IOInfo
    key.o(.text) refers to stm32f10x_rcc.o(.text) for RCC_APB2PeriphClockCmd
    key.o(.text) refers to stm32f10x_gpio.o(.text) for GPIO_Init
    beep.o(.text) refers to stm32f10x_gpio.o(.text) for GPIO_WriteBit
    beep.o(.text) refers to stm32f10x_rcc.o(.text) for RCC_APB2PeriphClockCmd
    beep.o(.text) refers to beep.o(.data) for beepInfo
    exti.o(.text) refers to stm32f10x_rcc.o(.text) for RCC_APB2PeriphClockCmd
    exti.o(.text) refers to stm32f10x_gpio.o(.text) for GPIO_Init
    exti.o(.text) refers to misc.o(.text) for NVIC_Init
    exti.o(.text) refers to stm32f10x_exti.o(.text) for EXTI_Init
    i2c.o(.text) refers to stm32f10x_rcc.o(.text) for RCC_APB2PeriphClockCmd
    i2c.o(.text) refers to stm32f10x_gpio.o(.text) for GPIO_Init
    i2c.o(.text) refers to delay.o(.text) for DelayUs
    i2c.o(.text) refers to usart.o(.text) for UsartPrintf
    i2c.o(.text) refers to i2c.o(.data) for iicInfo
    sht20.o(.text) refers to i2c.o(.text) for I2C_WriteByte
    sht20.o(.text) refers to fflt_clz.o(x$fpl$ffltu) for __aeabi_ui2f
    sht20.o(.text) refers to f2d.o(x$fpl$f2d) for __aeabi_f2d
    sht20.o(.text) refers to dmul.o(x$fpl$dmul) for __aeabi_dmul
    sht20.o(.text) refers to daddsub_clz.o(x$fpl$dadd) for __aeabi_dadd
    sht20.o(.text) refers to d2f.o(x$fpl$d2f) for __aeabi_d2f
    sht20.o(.text) refers to daddsub_clz.o(x$fpl$dsub) for __aeabi_dsub
[...]
    NMI_Handler                              0x08000281   Thumb Code     2  stm32f10x_it.o(.text)
    _maybe_terminate_alloc                   0x08000281   Thumb Code     0  maybetermalloc1.o(.emb_text)
    HardFault_Handler                        0x08000283   Thumb Code     4  stm32f10x_it.o(.text)
    MemManage_Handler                        0x08000287   Thumb Code     4  stm32f10x_it.o(.text)
    BusFault_Handler                         0x0800028b   Thumb Code     4  stm32f10x_it.o(.text)
    UsageFault_Handler                       0x0800028f   Thumb Code     4  stm32f10x_it.o(.text)
    SVC_Handler                              0x08000293   Thumb Code     2  stm32f10x_it.o(.text)
    DebugMon_Handler                         0x08000295   Thumb Code     2  stm32f10x_it.o(.text)
    SysTick_Handler                          0x08000297   Thumb Code     2  stm32f10x_it.o(.text)
    EXTI0_IRQHandler                         0x08000299   Thumb Code     2  stm32f10x_it.o(.text)
    RTC_IRQHandler                           0x0800029b   Thumb Code     2  stm32f10x_it.o(.text)
    SystemInit                               0x0800037b   Thumb Code    78  system_stm32f10x.o(.text)
    SystemCoreClockUpdate                    0x080003c9   Thumb Code   142  system_stm32f10x.o(.text)
    Reset_Handler                            0x08000485   Thumb Code     8  startup_stm32f10x_hd.o(.text)
    ADC1_2_IRQHandler                        0x0800049f   Thumb Code     0  startup_stm32f10x_hd.o(.text)
    ADC3_IRQHandler                          0x0800049f   Thumb Code     0  startup_stm32f10x_hd.o(.text)
    CAN1_RX1_IRQHandler                      0x0800049f   Thumb Code     0  startup_stm32f10x_hd.o(.text)
    CAN1_SCE_IRQHandler                      0x0800049f   Thumb Code     0  startup_stm32f10x_hd.o(.text)
    DMA1_Channel1_IRQHandler                 0x0800049f   Thumb Code     0  startup_stm32f10x_hd.o(.text)
    DMA1_Channel2_IRQHandler                 0x0800049f   Thumb Code     0  startup_stm32f10x_hd.o(.text)
    DMA1_Channel3_IRQHandler                 0x0800049f   Thumb Code     0  startup_stm32f10x_hd.o(.text)
    DMA1_Channel4_IRQHandler                 0x0800049f   Thumb Code     0  startup_stm32f10x_hd.o(.text)
    DMA1_Channel5_IRQHandler                 0x0800049f   Thumb Code     0  startup_stm32f10x_hd.o(.text)
    DMA1_Channel6_IRQHandler                 0x0800049f   Thumb Code     0  startup_stm32f10x_hd.o(.text)
    DMA1_Channel7_IRQHandler                 0x0800049f   Thumb Code     0  startup_stm32f10x_hd.o(.text)
    DMA2_Channel1_IRQHandler                 0x0800049f   Thumb Code     0  startup_stm32f10x_hd.o(.text)
    DMA2_Channel2_IRQHandler                 0x0800049f   Thumb Code     0  startup_stm32f10x_hd.o(.text)
    DMA2_Channel3_IRQHandler                 0x0800049f   Thumb Code     0  startup_stm32f10x_hd.o(.text)
    DMA2_Channel4_5_IRQHandler               0x0800049f   Thumb Code     0  startup_stm32f10x_hd.o(.text)
    EXTI1_IRQHandler                         0x0800049f   Thumb Code     0  startup_stm32f10x_hd.o(.text)
    EXTI3_IRQHandler                         0x0800049f   Thumb Code     0  startup_stm32f10x_hd.o(.text)
    EXTI4_IRQHandler                         0x0800049f   Thumb Code     0  startup_stm32f10x_hd.o(.text)
    EXTI9_5_IRQHandler                       0x0800049f   Thumb Code     0  startup_stm32f10x_hd.o(.text)
    FLASH_IRQHandler                         0x0800049f   Thumb Code     0  startup_stm32f10x_hd.o(.text)
    FSMC_IRQHandler                          0x0800049f   Thumb Code     0  startup_stm32f10x_hd.o(.text)
    I2C1_ER_IRQHandler                       0x0800049f   Thumb Code     0  startup_stm32f10x_hd.o(.text)
    I2C1_EV_IRQHandler                       0x0800049f   Thumb Code     0  startup_stm32f10x_hd.o(.text)
    I2C2_ER_IRQHandler                       0x0800049f   Thumb Code     0  startup_stm32f10x_hd.o(.text)
    I2C2_EV_IRQHandler                       0x0800049f   Thumb Code     0  startup_stm32f10x_hd.o(.text)
    PVD_IRQHandler                           0x0800049f   Thumb Code     0  startup_stm32f10x_hd.o(.text)
    RCC_IRQHandler                           0x0800049f   Thumb Code     0  startup_stm32f10x_hd.o(.text)
    RTCAlarm_IRQHandler                      0x0800049f   Thumb Code     0  startup_stm32f10x_hd.o(.text)
    SDIO_IRQHandler                          0x0800049f   Thumb Code     0  startup_stm32f10x_hd.o(.text)
    SPI1_IRQHandler                          0x0800049f   Thumb Code     0  startup_stm32f10x_hd.o(.text)
    SPI2_IRQHandler                          0x0800049f   Thumb Code     0  startup_stm32f10x_hd.o(.text)
    SPI3_IRQHandler                          0x0800049f   Thumb Code     0  startup_stm32f10x_hd.o(.text)
    TAMPER_IRQHandler                        0x0800049f   Thumb Code     0  startup_stm32f10x_hd.o(.text)
    TIM1_BRK_IRQHandler                      0x0800049f   Thumb Code     0  startup_stm32f10x_hd.o(.text)
    TIM1_CC_IRQHandler                       0x0800049f   Thumb Code     0  startup_stm32f10x_hd.o(.text)
    TIM1_TRG_COM_IRQHandler                  0x0800049f   Thumb Code     0  startup_stm32f10x_hd.o(.text)
    TIM1_UP_IRQHandler                       0x0800049f   Thumb Code     0  startup_stm32f10x_hd.o(.text)
    TIM2_IRQHandler                          0x0800049f   Thumb Code     0  startup_stm32f10x_hd.o(.text)
    TIM3_IRQHandler                          0x0800049f   Thumb Code     0  startup_stm32f10x_hd.o(.text)
    TIM4_IRQHandler                          0x0800049f   Thumb Code     0  startup_stm32f10x_hd.o(.text)
    TIM5_IRQHandler                          0x0800049f   Thumb Code     0  startup_stm32f10x_hd.o(.text)
    TIM8_BRK_IRQHandler                      0x0800049f   Thumb Code     0  startup_stm32f10x_hd.o(.text)
    TIM8_CC_IRQHandler                       0x0800049f   Thumb Code     0  startup_stm32f10x_hd.o(.text)
    TIM8_TRG_COM_IRQHandler                  0x0800049f   Thumb Code     0  startup_stm32f10x_hd.o(.text)
    TIM8_UP_IRQHandler                       0x0800049f   Thumb Code     0  startup_stm32f10x_hd.o(.text)
    UART4_IRQHandler                         0x0800049f   Thumb Code     0  startup_stm32f10x_hd.o(.text)
    UART5_IRQHandler                         0x0800049f   Thumb Code     0  startup_stm32f10x_hd.o(.text)
    USART3_IRQHandler                        0x0800049f   Thumb Code     0  startup_stm32f10x_hd.o(.text)
    USBWakeUp_IRQHandler                     0x0800049f   Thumb Code     0  startup_stm32f10x_hd.o(.text)
    USB_HP_CAN1_TX_IRQHandler                0x0800049f   Thumb Code     0  startup_stm32f10x_hd.o(.text)
    USB_LP_CAN1_RX0_IRQHandler               0x0800049f   Thumb Code     0  startup_stm32f10x_hd.o(.text)
    WWDG_IRQHandler                          0x0800049f   Thumb Code     0  startup_stm32f10x_hd.o(.text)
    __user_initial_stackheap                 0x080004a1   Thumb Code     0  startup_stm32f10x_hd.o(.text)
    NVIC_PriorityGroupConfig                 0x080004c5   Thumb Code    10  misc.o(.text)
    NVIC_Init                                0x080004cf   Thumb Code   100  misc.o(.text)
    NVIC_SetVectorTable                      0x08000533   Thumb Code    14  misc.o(.text)
    NVIC_SystemLPConfig                      0x08000541   Thumb Code    34  misc.o(.text)
    SysTick_CLKSourceConfig                  0x08000563   Thumb Code    40  misc.o(.text)
    GPIO_DeInit                              0x080005a1   Thumb Code   172  stm32f10x_gpio.o(.text)
    GPIO_AFIODeInit                          0x0800064d   Thumb Code    20  stm32f10x_gpio.o(.text)
    GPIO_Init                                0x08000661   Thumb Code   278  stm32f10x_gpio.o(.text)
    GPIO_StructInit                          0x08000777   Thumb Code    16  stm32f10x_gpio.o(.text)
    GPIO_ReadInputDataBit                    0x08000787   Thumb Code    18  stm32f10x_gpio.o(.text)
    GPIO_ReadInputData                       0x08000799   Thumb Code     8  stm32f10x_gpio.o(.text)
    GPIO_ReadOutputDataBit                   0x080007a1   Thumb Code    18  stm32f10x_gpio.o(.text)
    GPIO_ReadOutputData                      0x080007b3   Thumb Code     8  stm32f10x_gpio.o(.text)
    GPIO_SetBits                             0x080007bb   Thumb Code     4  stm32f10x_gpio.o(.text)
    GPIO_ResetBits                           0x080007bf   Thumb Code     4  stm32f10x_gpio.o(.text)
    GPIO_WriteBit                            0x080007c3   Thumb Code    10  stm32f10x_gpio.o(.text)
    GPIO_Write                               0x080007cd   Thumb Code     4  stm32f10x_gpio.o(.text)
    GPIO_PinLockConfig                       0x080007d1   Thumb Code    18  stm32f10x_gpio.o(.text)
    GPIO_EventOutputConfig                   0x080007e3   Thumb Code    26  stm32f10x_gpio.o(.text)
    GPIO_EventOutputCmd                      0x080007fd   Thumb Code     6  stm32f10x_gpio.o(.text)
    GPIO_PinRemapConfig                      0x08000803   Thumb Code   138  stm32f10x_gpio.o(.text)
    GPIO_EXTILineConfig                      0x0800088d   Thumb Code    66  stm32f10x_gpio.o(.text)
    GPIO_ETH_MediaInterfaceConfig            0x080008cf   Thumb Code     8  stm32f10x_gpio.o(.text)
    RCC_DeInit                               0x080008fd   Thumb Code    64  stm32f10x_rcc.o(.text)
    RCC_HSEConfig                            0x0800093d   Thumb Code    70  stm32f10x_rcc.o(.text)
    RCC_GetFlagStatus                        0x08000983   Thumb Code    56  stm32f10x_rcc.o(.text)
    RCC_WaitForHSEStartUp                    0x080009bb   Thumb Code    56  stm32f10x_rcc.o(.text)
    RCC_AdjustHSICalibrationValue            0x080009f3   Thumb Code    20  stm32f10x_rcc.o(.text)
    RCC_HSICmd                               0x08000a07   Thumb Code     6  stm32f10x_rcc.o(.text)
    RCC_PLLConfig                            0x08000a0d   Thumb Code    24  stm32f10x_rcc.o(.text)
    RCC_PLLCmd                               0x08000a25   Thumb Code     6  stm32f10x_rcc.o(.text)
    RCC_SYSCLKConfig                         0x08000a2b   Thumb Code    18  stm32f10x_rcc.o(.text)
    RCC_GetSYSCLKSource                      0x08000a3d   Thumb Code    10  stm32f10x_rcc.o(.text)
    RCC_HCLKConfig                           0x08000a47   Thumb Code    18  stm32f10x_rcc.o(.text)
    RCC_PCLK1Config                          0x08000a59   Thumb Code    18  stm32f10x_rcc.o(.text)
    RCC_PCLK2Config                          0x08000a6b   Thumb Code    20  stm32f10x_rcc.o(.text)
    RCC_ITConfig                             0x08000a7f   Thumb Code    26  stm32f10x_rcc.o(.text)
    RCC_USBCLKConfig                         0x08000a99   Thumb Code     8  stm32f10x_rcc.o(.text)
    RCC_ADCCLKConfig                         0x08000aa1   Thumb Code    18  stm32f10x_rcc.o(.text)
    RCC_LSEConfig                            0x08000ab3   Thumb Code    50  stm32f10x_rcc.o(.text)
    RCC_LSICmd                               0x08000ae5   Thumb Code     6  stm32f10x_rcc.o(.text)
    RCC_RTCCLKConfig                         0x08000aeb   Thumb Code    12  stm32f10x_rcc.o(.text)
    RCC_RTCCLKCmd                            0x08000af7   Thumb Code     8  stm32f10x_rcc.o(.text)
    RCC_GetClocksFreq                        0x08000aff   Thumb Code   192  stm32f10x_rcc.o(.text)
    RCC_AHBPeriphClockCmd                    0x08000bbf   Thumb Code    26  stm32f10x_rcc.o(.text)
    RCC_APB2PeriphClockCmd                   0x08000bd9   Thumb Code    26  stm32f10x_rcc.o(.text)
    RCC_APB1PeriphClockCmd                   0x08000bf3   Thumb Code    26  stm32f10x_rcc.o(.text)
    RCC_APB2PeriphResetCmd                   0x08000c0d   Thumb Code    26  stm32f10x_rcc.o(.text)
    RCC_APB1PeriphResetCmd                   0x08000c27   Thumb Code    26  stm32f10x_rcc.o(.text)
    RCC_BackupResetCmd                       0x08000c41   Thumb Code     8  stm32f10x_rcc.o(.text)
    RCC_ClockSecuritySystemCmd               0x08000c49   Thumb Code     6  stm32f10x_rcc.o(.text)
    RCC_MCOConfig                            0x08000c4f   Thumb Code     6  stm32f10x_rcc.o(.text)
    RCC_ClearFlag                            0x08000c55   Thumb Code    14  stm32f10x_rcc.o(.text)
    RCC_GetITStatus                          0x08000c63   Thumb Code    20  stm32f10x_rcc.o(.text)
    RCC_ClearITPendingBit                    0x08000c77   Thumb Code     6  stm32f10x_rcc.o(.text)
    USART_DeInit                             0x08000ca9   Thumb Code   134  stm32f10x_usart.o(.text)
    USART_Init                               0x08000d2f   Thumb Code   210  stm32f10x_usart.o(.text)
    USART_StructInit                         0x08000e01   Thumb Code    24  stm32f10x_usart.o(.text)
    USART_ClockInit                          0x08000e19   Thumb Code    34  stm32f10x_usart.o(.text)
    USART_ClockStructInit                    0x08000e3b   Thumb Code    12  stm32f10x_usart.o(.text)
    USART_Cmd                                0x08000e47   Thumb Code    24  stm32f10x_usart.o(.text)
    USART_ITConfig                           0x08000e5f   Thumb Code    74  stm32f10x_usart.o(.text)
    USART_DMACmd                             0x08000ea9   Thumb Code    18  stm32f10x_usart.o(.text)
    USART_SetAddress                         0x08000ebb   Thumb Code    18  stm32f10x_usart.o(.text)
    USART_WakeUpConfig                       0x08000ecd   Thumb Code    18  stm32f10x_usart.o(.text)
    USART_ReceiverWakeUpCmd                  0x08000edf   Thumb Code    24  stm32f10x_usart.o(.text)
    USART_LINBreakDetectLengthConfig         0x08000ef7   Thumb Code    18  stm32f10x_usart.o(.text)
    USART_LINCmd                             0x08000f09   Thumb Code    24  stm32f10x_usart.o(.text)
    USART_SendData                           0x08000f21   Thumb Code     8  stm32f10x_usart.o(.text)
    USART_ReceiveData                        0x08000f29   Thumb Code    10  stm32f10x_usart.o(.text)
    USART_SendBreak                          0x08000f33   Thumb Code    10  stm32f10x_usart.o(.text)
    USART_SetGuardTime                       0x08000f3d   Thumb Code    16  stm32f10x_usart.o(.text)
    USART_SetPrescaler                       0x08000f4d   Thumb Code    16  stm32f10x_usart.o(.text)
    USART_SmartCardCmd                       0x08000f5d   Thumb Code    24  stm32f10x_usart.o(.text)
    USART_SmartCardNACKCmd                   0x08000f75   Thumb Code    24  stm32f10x_usart.o(.text)
    USART_HalfDuplexCmd                      0x08000f8d   Thumb Code    24  stm32f10x_usart.o(.text)
    USART_OverSampling8Cmd                   0x08000fa5   Thumb Code    22  stm32f10x_usart.o(.text)
    USART_OneBitMethodCmd                    0x08000fbb   Thumb Code    24  stm32f10x_usart.o(.text)
    USART_IrDAConfig                         0x08000fd3   Thumb Code    18  stm32f10x_usart.o(.text)
    USART_IrDACmd                            0x08000fe5   Thumb Code    24  stm32f10x_usart.o(.text)
    USART_GetFlagStatus                      0x08000ffd   Thumb Code    26  stm32f10x_usart.o(.text)
    USART_ClearFlag                          0x08001017   Thumb Code    18  stm32f10x_usart.o(.text)
    USART_GetITStatus                        0x08001029   Thumb Code    84  stm32f10x_usart.o(.text)
    USART_ClearITPendingBit                  0x0800107d   Thumb Code    52  stm32f10x_usart.o(.text)
    EXTI_DeInit                              0x080010b1   Thumb Code    28  stm32f10x_exti.o(.text)
    EXTI_Init                                0x080010cd   Thumb Code   142  stm32f10x_exti.o(.text)
    EXTI_StructInit                          0x0800115b   Thumb Code    16  stm32f10x_exti.o(.text)
    EXTI_GenerateSWInterrupt                 0x0800116b   Thumb Code    16  stm32f10x_exti.o(.text)
    EXTI_GetFlagStatus                       0x0800117b   Thumb Code    22  stm32f10x_exti.o(.text)
    EXTI_ClearFlag                           0x08001191   Thumb Code     8  stm32f10x_exti.o(.text)
    EXTI_GetITStatus                         0x08001199   Thumb Code    34  stm32f10x_exti.o(.text)
    EXTI_ClearITPendingBit                   0x080011bb   Thumb Code     8  stm32f10x_exti.o(.text)
    TIM_DeInit                               0x080011cd   Thumb Code   424  stm32f10x_tim.o(.text)
    TIM_TimeBaseInit                         0x08001375   Thumb Code   122  stm32f10x_tim.o(.text)
    TIM_OC1Init                              0x080013ef   Thumb Code   132  stm32f10x_tim.o(.text)
    TIM_OC2Init                              0x08001473   Thumb Code   154  stm32f10x_tim.o(.text)
    TIM_OC3Init                              0x0800150d   Thumb Code   150  stm32f10x_tim.o(.text)
    TIM_OC4Init                              0x080015a3   Thumb Code   182  stm32f10x_tim.o(.text)
    TIM_SetIC4Prescaler                      0x08001659   Thumb Code    26  stm32f10x_tim.o(.text)
    TIM_SetIC3Prescaler                      0x080016f5   Thumb Code    18  stm32f10x_tim.o(.text)
    TIM_SetIC2Prescaler                      0x08001781   Thumb Code    26  stm32f10x_tim.o(.text)
    TIM_SetIC1Prescaler                      0x0800181d   Thumb Code    18  stm32f10x_tim.o(.text)
    TIM_ICInit                               0x0800189b   Thumb Code   150  stm32f10x_tim.o(.text)
    TIM_PWMIConfig                           0x08001931   Thumb Code   124  stm32f10x_tim.o(.text)
    TIM_BDTRConfig                           0x080019ad   Thumb Code    32  stm32f10x_tim.o(.text)
    TIM_TimeBaseStructInit                   0x080019cd   Thumb Code    18  stm32f10x_tim.o(.text)
    TIM_OCStructInit                         0x080019df   Thumb Code    20  stm32f10x_tim.o(.text)
    TIM_ICStructInit                         0x080019f3   Thumb Code    18  stm32f10x_tim.o(.text)
    TIM_BDTRStructInit                       0x08001a05   Thumb Code    40  stm32f10x_tim.o(.text)
    TIM_Cmd                                  0x08001a2d   Thumb Code    24  stm32f10x_tim.o(.text)
    TIM_CtrlPWMOutputs                       0x08001a45   Thumb Code    30  stm32f10x_tim.o(.text)
    TIM_ITConfig                             0x08001a63   Thumb Code    18  stm32f10x_tim.o(.text)
    TIM_GenerateEvent                        0x08001a75   Thumb Code     4  stm32f10x_tim.o(.text)
    TIM_DMAConfig                            0x08001a79   Thumb Code    10  stm32f10x_tim.o(.text)
    TIM_DMACmd                               0x08001a83   Thumb Code    18  stm32f10x_tim.o(.text)
    TIM_InternalClockConfig                  0x08001a95   Thumb Code    12  stm32f10x_tim.o(.text)
    TIM_SelectInputTrigger                   0x08001aa1   Thumb Code    18  stm32f10x_tim.o(.text)
    TIM_ITRxExternalClockConfig              0x08001ab3   Thumb Code    24  stm32f10x_tim.o(.text)
    TIM_TIxExternalClockConfig               0x08001acb   Thumb Code    62  stm32f10x_tim.o(.text)
    TIM_ETRConfig                            0x08001b09   Thumb Code    28  stm32f10x_tim.o(.text)
    TIM_ETRClockMode1Config                  0x08001b25   Thumb Code    54  stm32f10x_tim.o(.text)
    TIM_ETRClockMode2Config                  0x08001b5b   Thumb Code    32  stm32f10x_tim.o(.text)
    TIM_PrescalerConfig                      0x08001b7b   Thumb Code     6  stm32f10x_tim.o(.text)
    TIM_CounterModeConfig                    0x08001b81   Thumb Code    18  stm32f10x_tim.o(.text)
    TIM_EncoderInterfaceConfig               0x08001b93   Thumb Code    66  stm32f10x_tim.o(.text)
    TIM_ForcedOC1Config                      0x08001bd5   Thumb Code    18  stm32f10x_tim.o(.text)
    TIM_ForcedOC2Config                      0x08001be7   Thumb Code    26  stm32f10x_tim.o(.text)
    TIM_ForcedOC3Config                      0x08001c01   Thumb Code    18  stm32f10x_tim.o(.text)
    TIM_ForcedOC4Config                      0x08001c13   Thumb Code    26  stm32f10x_tim.o(.text)
    TIM_ARRPreloadConfig                     0x08001c2d   Thumb Code    24  stm32f10x_tim.o(.text)
    TIM_SelectCOM                            0x08001c45   Thumb Code    24  stm32f10x_tim.o(.text)
    TIM_SelectCCDMA                          0x08001c5d   Thumb Code    24  stm32f10x_tim.o(.text)
    TIM_CCPreloadControl                     0x08001c75   Thumb Code    24  stm32f10x_tim.o(.text)
    TIM_OC1PreloadConfig                     0x08001c8d   Thumb Code    18  stm32f10x_tim.o(.text)
    TIM_OC2PreloadConfig                     0x08001c9f   Thumb Code    26  stm32f10x_tim.o(.text)
    TIM_OC3PreloadConfig                     0x08001cb9   Thumb Code    18  stm32f10x_tim.o(.text)
    TIM_OC4PreloadConfig                     0x08001ccb   Thumb Code    26  stm32f10x_tim.o(.text)
    TIM_OC1FastConfig                        0x08001ce5   Thumb Code    18  stm32f10x_tim.o(.text)
    TIM_OC2FastConfig                        0x08001cf7   Thumb Code    26  stm32f10x_tim.o(.text)
    TIM_OC3FastConfig                        0x08001d11   Thumb Code    18  stm32f10x_tim.o(.text)
    TIM_OC4FastConfig                        0x08001d23   Thumb Code    26  stm32f10x_tim.o(.text)
    TIM_ClearOC1Ref                          0x08001d3d   Thumb Code    18  stm32f10x_tim.o(.text)
    TIM_ClearOC2Ref                          0x08001d4f   Thumb Code    24  stm32f10x_tim.o(.text)
    TIM_ClearOC3Ref                          0x08001d67   Thumb Code    18  stm32f10x_tim.o(.text)
    TIM_ClearOC4Ref                          0x08001d79   Thumb Code    24  stm32f10x_tim.o(.text)
    TIM_OC1PolarityConfig                    0x08001d91   Thumb Code    18  stm32f10x_tim.o(.text)
    TIM_OC1NPolarityConfig                   0x08001da3   Thumb Code    18  stm32f10x_tim.o(.text)
    TIM_OC2PolarityConfig                    0x08001db5   Thumb Code    26  stm32f10x_tim.o(.text)
    TIM_OC2NPolarityConfig                   0x08001dcf   Thumb Code    26  stm32f10x_tim.o(.text)
    TIM_OC3PolarityConfig                    0x08001de9   Thumb Code    26  stm32f10x_tim.o(.text)
    TIM_OC3NPolarityConfig                   0x08001e03   Thumb Code    26  stm32f10x_tim.o(.text)
    TIM_OC4PolarityConfig                    0x08001e1d   Thumb Code    26  stm32f10x_tim.o(.text)
    TIM_CCxCmd                               0x08001e37   Thumb Code    30  stm32f10x_tim.o(.text)
    TIM_CCxNCmd                              0x08001e55   Thumb Code    30  stm32f10x_tim.o(.text)
    TIM_SelectOCxM                           0x08001e73   Thumb Code    82  stm32f10x_tim.o(.text)
    TIM_UpdateDisableConfig                  0x08001ec5   Thumb Code    24  stm32f10x_tim.o(.text)
    TIM_UpdateRequestConfig                  0x08001edd   Thumb Code    24  stm32f10x_tim.o(.text)
    TIM_SelectHallSensor                     0x08001ef5   Thumb Code    24  stm32f10x_tim.o(.text)
    TIM_SelectOnePulseMode                   0x08001f0d   Thumb Code    18  stm32f10x_tim.o(.text)
    TIM_SelectOutputTrigger                  0x08001f1f   Thumb Code    18  stm32f10x_tim.o(.text)
    TIM_SelectSlaveMode                      0x08001f31   Thumb Code    18  stm32f10x_tim.o(.text)
    TIM_SelectMasterSlaveMode                0x08001f43   Thumb Code    18  stm32f10x_tim.o(.text)
    TIM_SetCounter                           0x08001f55   Thumb Code     4  stm32f10x_tim.o(.text)
    TIM_SetAutoreload                        0x08001f59   Thumb Code     4  stm32f10x_tim.o(.text)
    TIM_SetCompare1                          0x08001f5d   Thumb Code     4  stm32f10x_tim.o(.text)
    TIM_SetCompare2                          0x08001f61   Thumb Code     4  stm32f10x_tim.o(.text)
    TIM_SetCompare3                          0x08001f65   Thumb Code     4  stm32f10x_tim.o(.text)
    TIM_SetCompare4                          0x08001f69   Thumb Code     6  stm32f10x_tim.o(.text)
    TIM_SetClockDivision                     0x08001f6f   Thumb Code    18  stm32f10x_tim.o(.text)
    TIM_GetCapture1                          0x08001f81   Thumb Code     6  stm32f10x_tim.o(.text)
    TIM_GetCapture2                          0x08001f87   Thumb Code     6  stm32f10x_tim.o(.text)
    TIM_GetCapture3                          0x08001f8d   Thumb Code     6  stm32f10x_tim.o(.text)
    TIM_GetCapture4                          0x08001f93   Thumb Code     8  stm32f10x_tim.o(.text)
    TIM_GetCounter                           0x08001f9b   Thumb Code     6  stm32f10x_tim.o(.text)
    TIM_GetPrescaler                         0x08001fa1   Thumb Code     6  stm32f10x_tim.o(.text)
    TIM_GetFlagStatus                        0x08001fa7   Thumb Code    18  stm32f10x_tim.o(.text)
    TIM_ClearFlag                            0x08001fb9   Thumb Code     6  stm32f10x_tim.o(.text)
    TIM_GetITStatus                          0x08001fbf   Thumb Code    34  stm32f10x_tim.o(.text)
    TIM_ClearITPendingBit                    0x08001fe1   Thumb Code     6  stm32f10x_tim.o(.text)
    Led7_Set                                 0x08001fe9   Thumb Code    40  led.o(.text)
    Led6_Set                                 0x08002011   Thumb Code    40  led.o(.text)
    Led5_Set                                 0x08002039   Thumb Code    40  led.o(.text)
    Led4_Set                                 0x08002061   Thumb Code    38  led.o(.text)
    Led_Init                                 0x08002087   Thumb Code    80  led.o(.text)
    WaterLights                              0x080020d7   Thumb Code   104  led.o(.text)
    Delay_Init                               0x08002159   Thumb Code    48  delay.o(.text)
    DelayUs                                  0x08002189   Thumb Code    60  delay.o(.text)
    DelayXms                                 0x080021c5   Thumb Code    66  delay.o(.text)
    DelayMs                                  0x08002207   Thumb Code    60  delay.o(.text)
    Usart1_Init                              0x0800224d   Thumb Code   166  usart.o(.text)
    Usart2_Init                              0x080022f3   Thumb Code   162  usart.o(.text)
    Usart_SendString                         0x08002395   Thumb Code    50  usart.o(.text)
    UsartPrintf                              0x080023c7   Thumb Code    68  usart.o(.text)
    Usart1_IO_WaitRecive                     0x0800240b   Thumb Code    42  usart.o(.text)
    Usart2_IO_WaitRecive                     0x08002435   Thumb Code    42  usart.o(.text)
    USART1_IRQHandler                        0x0800245f   Thumb Code    62  usart.o(.text)
    USART2_IRQHandler                        0x0800249d   Thumb Code    62  usart.o(.text)
    Usart2_Send_Cmd                          0x080024db   Thumb Code    44  usart.o(.text)
    Key_Init                                 0x0800251d   Thumb Code    54  key.o(.text)
    KeyScan                                  0x08002553   Thumb Code    54  key.o(.text)
    Keyboard                                 0x08002589   Thumb Code   128  key.o(.text)
    Exti_Key_Init                            0x08002611   Thumb Code   166  exti.o(.text)
    EXTI15_10_IRQHandler                     0x080026b7   Thumb Code   130  exti.o(.text)
    EXTI2_IRQHandler                         0x08002739   Thumb Code    42  exti.o(.text)
    IIC_SpeedCtl                             0x0800276d   Thumb Code     6  i2c.o(.text)
    IIC_Init                                 0x08002773   Thumb Code    66  i2c.o(.text)
    IIC_Start                                0x080027b5   Thumb Code    60  i2c.o(.text)
    IIC_Stop                                 0x080027f1   Thumb Code    60  i2c.o(.text)
    IIC_WaitAck                              0x0800282d   Thumb Code   100  i2c.o(.text)
    IIC_Ack                                  0x08002891   Thumb Code    60  i2c.o(.text)
    IIC_NAck                                 0x080028cd   Thumb Code    60  i2c.o(.text)
    IIC_SendByte                             0x08002909   Thumb Code    96  i2c.o(.text)
    IIC_RecvByte                             0x08002969   Thumb Code    86  i2c.o(.text)
    I2C_WriteByte                            0x080029bf   Thumb Code    92  i2c.o(.text)
    I2C_ReadByte                             0x08002a1b   Thumb Code   106  i2c.o(.text)
    I2C_WriteBytes                           0x08002a85   Thumb Code   116  i2c.o(.text)
    I2C_ReadBytes                            0x08002af9   Thumb Code   168  i2c.o(.text)
    ADXL345_Init                             0x08002ba1   Thumb Code   166  adxl345.o(.text)
    ADXL345_GetValue                         0x08002c47   Thumb Code   246  adxl345.o(.text)
    Timer1_8_Init                            0x08002d45   Thumb Code   178  hwtimer.o(.text)
    Timer6_7_Init                            0x08002df7   Thumb Code   106  hwtimer.o(.text)
    RTOS_TimerInit                           0x08002e61   Thumb Code    16  hwtimer.o(.text)
    TIM6_IRQHandler                          0x08002e71   Thumb Code    36  hwtimer.o(.text)
    TIM7_IRQHandler                          0x08002e95   Thumb Code    24  hwtimer.o(.text)
    ESP8266_IO_ClearRecive                   0x08002ebd   Thumb Code    20  esp8266.o(.text)
    ESP8266_IO_Init                          0x08002ed1   Thumb Code   168  esp8266.o(.text)
    ESP8266_Init                             0x08002f79   Thumb Code    42  esp8266.o(.text)
    ESP8266_IO_WaitRecive                    0x08002fa3   Thumb Code    42  esp8266.o(.text)
    ESP8266_SendString                       0x08002fcd   Thumb Code    44  esp8266.o(.text)
    ESP8266_Device_SendCmd                   0x08002ff9   Thumb Code    92  esp8266.o(.text)
    ESP8266_Device_InitStep                  0x08003055   Thumb Code   508  esp8266.o(.text)
    NET_DEVICE_ReLink                        0x08003251   Thumb Code   736  esp8266.o(.text)
    NET_DEVICE_SendData                      0x08003531   Thumb Code   294  esp8266.o(.text)
    ESP8266_QuitTrans                        0x08003657   Thumb Code   114  esp8266.o(.text)
    NET_DEVICE_Reset                         0x080036c9   Thumb Code    40  esp8266.o(.text)
    ESP8266_Device_Init                      0x080036f1   Thumb Code   210  esp8266.o(.text)
    ESP8266_ReceiveString                    0x080037c3   Thumb Code    86  esp8266.o(.text)
    ESP8266_EnterTrans                       0x08003819   Thumb Code   390  esp8266.o(.text)
    GSM_IO_ClearRecive                       0x080039b1   Thumb Code    20  sim808.o(.text)
    GSM_IO_Init                              0x080039c5   Thumb Code   168  sim808.o(.text)
    GSM_Init                                 0x08003a6d   Thumb Code    84  sim808.o(.text)
    GSM_IO_WaitRecive                        0x08003ac1   Thumb Code    42  sim808.o(.text)
    GSM_SendString                           0x08003aeb   Thumb Code    44  sim808.o(.text)
    GSM_Device_SendCmd                       0x08003b17   Thumb Code    92  sim808.o(.text)
    GSM_Device_InitStep                      0x08003b73   Thumb Code  2640  sim808.o(.text)
    GSM_Device_Init                          0x080045c3   Thumb Code    28  sim808.o(.text)
    SIM808_QuitTrans                         0x080045df   Thumb Code    98  sim808.o(.text)
    GSM_Device_Exist                         0x08004641   Thumb Code   120  sim808.o(.text)
    Net_Task                                 0x080047b1   Thumb Code     8  main.o(.text)
    Head_Task                                0x080047b9   Thumb Code     8  main.o(.text)
    Data_Task                                0x080047c1   Thumb Code     8  main.o(.text)
    ESP8266_Init_Task                        0x080047c9   Thumb Code     8  main.o(.text)
    ESP8266_ReceiveBuf_Task                  0x080047d1   Thumb Code    12  main.o(.text)
    Hardware_Init                            0x080047dd   Thumb Code    52  main.o(.text)
    main                                     0x08004811   Thumb Code    56  main.o(.text)
    Net_Device_Set_DataMode                  0x08004879   Thumb Code     6  user.o(.text)
    Net_Connect_Check                        0x0800487f   Thumb Code    76  user.o(.text)
    Net_Device_GetData                       0x080048cb   Thumb Code    58  user.o(.text)
    Net_Device_SendData                      0x08004905   Thumb Code    16  user.o(.text)
    Heart_Data_Send                          0x08004915   Thumb Code   292  user.o(.text)
    Data_Receive                             0x08004a39   Thumb Code   126  user.o(.text)
    Net_Connect                              0x08004ab7   Thumb Code   130  user.o(.text)
    Data_Process                             0x08004b39   Thumb Code   174  user.o(.text)
    Net_Device_Get_DataMode                  0x08004be7   Thumb Code     6  user.o(.text)
    OSInitHookBegin                          0x08004d0d   Thumb Code    30  os_cpu_c.o(.text)
    OSInitHookEnd                            0x08004d2b   Thumb Code     2  os_cpu_c.o(.text)
    OSTaskCreateHook                         0x08004d2d   Thumb Code     2  os_cpu_c.o(.text)
    OSTaskDelHook                            0x08004d2f   Thumb Code     2  os_cpu_c.o(.text)
    OSTaskIdleHook                           0x08004d31   Thumb Code     2  os_cpu_c.o(.text)
    OSTaskReturnHook                         0x08004d33   Thumb Code     2  os_cpu_c.o(.text)
    OSTaskStatHook                           0x08004d35   Thumb Code     2  os_cpu_c.o(.text)
    OSTaskStkInit                            0x08004d37   Thumb Code   152  os_cpu_c.o(.text)
    OSTaskSwHook                             0x08004dcf   Thumb Code     2  os_cpu_c.o(.text)
    OSTCBInitHook                            0x08004dd1   Thumb Code     2  os_cpu_c.o(.text)
    OSTimeTickHook                           0x08004dd3   Thumb Code    30  os_cpu_c.o(.text)
    OS_CPU_SysTickHandler                    0x08004df1   Thumb Code    34  os_cpu_c.o(.text)
    OS_CPU_SysTickInit                       0x08004e13   Thumb Code    42  os_cpu_c.o(.text)
    OS_CPU_SR_Save                           0x08004e59   Thumb Code     0  os_cpu_a.o(.text)
    OS_CPU_SR_Restore                        0x08004e61   Thumb Code     0  os_cpu_a.o(.text)
    OSStartHighRdy                           0x08004e67   Thumb Code     0  os_cpu_a.o(.text)
    OSCtxSw                                  0x08004e89   Thumb Code     0  os_cpu_a.o(.text)
    OSIntCtxSw                               0x08004e97   Thumb Code     0  os_cpu_a.o(.text)
    PendSV_Handler                           0x08004ea7   Thumb Code     0  os_cpu_a.o(.text)
    OS_TaskStatStkChk                        0x08004f0d   Thumb Code    54  os_core.o(.text)
    OS_TaskStat                              0x08004f43   Thumb Code   116  os_core.o(.text)
    OS_TaskIdle                              0x08004feb   Thumb Code    34  os_core.o(.text)
    OS_MemClr                                0x08005041   Thumb Code    18  os_core.o(.text)
    OSInit                                   0x08005161   Thumb Code    48  os_core.o(.text)
    OSIntEnter                               0x08005191   Thumb Code    28  os_core.o(.text)
    OSIntExit                                0x080051c7   Thumb Code   112  os_core.o(.text)
    OSSchedLock                              0x08005237   Thumb Code    50  os_core.o(.text)
    OS_Sched                                 0x08005269   Thumb Code    88  os_core.o(.text)
    OSSchedUnlock                            0x080052c1   Thumb Code   236  os_core.o(.text)
    OSStart                                  0x080053ad   Thumb Code    48  os_core.o(.text)
    OSStatInit                               0x080053dd   Thumb Code    62  os_core.o(.text)
    OSTimeTick                               0x0800541b   Thumb Code   210  os_core.o(.text)
    OSVersion                                0x080054ed   Thumb Code     6  os_core.o(.text)
    OS_Dummy                                 0x080054f3   Thumb Code     2  os_core.o(.text)
    OS_EventTaskRemove                       0x080054f5   Thumb Code    42  os_core.o(.text)
    OS_EventTaskRdy                          0x0800551f   Thumb Code   114  os_core.o(.text)
    OS_EventTaskWait                         0x08005591   Thumb Code   112  os_core.o(.text)
    OS_EventWaitListInit                     0x08005601   Thumb Code    28  os_core.o(.text)
    OS_MemCopy                               0x0800561d   Thumb Code    20  os_core.o(.text)
    OS_StrLen                                0x08005631   Thumb Code    20  os_core.o(.text)
    OS_TCBInit                               0x08005645   Thumb Code   280  os_core.o(.text)
    OSFlagAccept                             0x080057a1   Thumb Code   252  os_flag.o(.text)
    OSFlagCreate                             0x0800589d   Thumb Code    86  os_flag.o(.text)
    OS_FlagUnlink                            0x080058f3   Thumb Code    36  os_flag.o(.text)
    OSFlagDel                                0x08005969   Thumb Code   214  os_flag.o(.text)
    OSFlagNameGet                            0x08005a3f   Thumb Code    80  os_flag.o(.text)
    OSFlagNameSet                            0x08005a8f   Thumb Code    66  os_flag.o(.text)
    OSFlagPend                               0x08005b69   Thumb Code   614  os_flag.o(.text)
    OSFlagPendGetFlagsRdy                    0x08005dcf   Thumb Code    26  os_flag.o(.text)
    OSFlagPost                               0x08005de9   Thumb Code   312  os_flag.o(.text)
    OSFlagQuery                              0x08005f21   Thumb Code    48  os_flag.o(.text)
    OS_FlagInit                              0x08005f51   Thumb Code    78  os_flag.o(.text)
    OSQAccept                                0x08005fad   Thumb Code    88  os_q.o(.text)
    OSQCreate                                0x08006005   Thumb Code   140  os_q.o(.text)
    OSQDel                                   0x08006091   Thumb Code   236  os_q.o(.text)
    OSQFlush                                 0x0800617d   Thumb Code    36  os_q.o(.text)
    OSQPend                                  0x080061a1   Thumb Code   272  os_q.o(.text)
    OSQPendAbort                             0x080062b1   Thumb Code   128  os_q.o(.text)
    OSQPost                                  0x08006331   Thumb Code   114  os_q.o(.text)
    OSQPostFront                             0x080063a3   Thumb Code   136  os_q.o(.text)
    OSQPostOpt                               0x0800642b   Thumb Code   182  os_q.o(.text)
    OSQQuery                                 0x080064e1   Thumb Code    98  os_q.o(.text)
    OS_QInit                                 0x08006543   Thumb Code    72  os_q.o(.text)
    OSSemAccept                              0x08006595   Thumb Code    42  os_sem.o(.text)
    OSSemCreate                              0x080065bf   Thumb Code    68  os_sem.o(.text)
    OSSemDel                                 0x08006603   Thumb Code   200  os_sem.o(.text)
    OSSemPend                                0x080066cb   Thumb Code   222  os_sem.o(.text)
    OSSemPendAbort                           0x080067a9   Thumb Code   128  os_sem.o(.text)
    OSSemPost                                0x08006829   Thumb Code    88  os_sem.o(.text)
    OSSemQuery                               0x08006881   Thumb Code    76  os_sem.o(.text)
    OSSemSet                                 0x080068cd   Thumb Code    66  os_sem.o(.text)
    OSTaskChangePrio                         0x08006921   Thumb Code   308  os_task.o(.text)
    OSTaskCreate                             0x08006a55   Thumb Code   148  os_task.o(.text)
    OS_TaskStkClr                            0x08006ae9   Thumb Code    26  os_task.o(.text)
    OSTaskCreateExt                          0x08006b03   Thumb Code   170  os_task.o(.text)
    OSTaskDel                                0x08006bad   Thumb Code   294  os_task.o(.text)
    OSTaskDelReq                             0x08006cd3   Thumb Code   144  os_task.o(.text)
    OSTaskNameGet                            0x08006d63   Thumb Code   114  os_task.o(.text)
    OSTaskNameSet                            0x08006dd5   Thumb Code    98  os_task.o(.text)
    OSTaskResume                             0x08006e37   Thumb Code   154  os_task.o(.text)
    OSTaskStkChk                             0x08006ed1   Thumb Code   128  os_task.o(.text)
    OSTaskSuspend                            0x08006f51   Thumb Code   152  os_task.o(.text)
    OSTaskQuery                              0x08006fe9   Thumb Code    82  os_task.o(.text)
    OSTaskRegGet                             0x0800703b   Thumb Code    60  os_task.o(.text)
    OSTaskRegSet                             0x08007077   Thumb Code    62  os_task.o(.text)
    OS_TaskReturn                            0x080070b5   Thumb Code    18  os_task.o(.text)
    OSTimeDly                                0x080070e1   Thumb Code   100  os_time.o(.text)
    OSTimeDlyHMSM                            0x08007145   Thumb Code    86  os_time.o(.text)
    OSTimeDlyResume                          0x0800719b   Thumb Code   168  os_time.o(.text)
    OSTimeGet                                0x08007243   Thumb Code    24  os_time.o(.text)
    OSTimeSet                                0x0800725b   Thumb Code    24  os_time.o(.text)
    OSTmrCreate                              0x080072c3   Thumb Code   108  os_tmr.o(.text)
    OSTmrDel                                 0x080073a7   Thumb Code   124  os_tmr.o(.text)
    OSTmrNameGet                             0x08007423   Thumb Code   114  os_tmr.o(.text)
    OSTmrRemainGet                           0x08007495   Thumb Code   164  os_tmr.o(.text)
    OSTmrStateGet                            0x08007539   Thumb Code    86  os_tmr.o(.text)
    OSTmrStart                               0x080075f3   Thumb Code   158  os_tmr.o(.text)
    OSTmrStop                                0x08007691   Thumb Code   180  os_tmr.o(.text)
    OSTmrSignal                              0x08007745   Thumb Code    16  os_tmr.o(.text)
    OSTmr_Init                               0x080077f9   Thumb Code   152  os_tmr.o(.text)
    malloc                                   0x080078d1   Thumb Code    94  h1_alloc.o(.text)
    free                                     0x0800792f   Thumb Code    78  h1_free.o(.text)
    __c89vsprintf                            0x0800797d   Thumb Code    32  c89vsprintf.o(.text)
    __2sprintf                               0x080079a1   Thumb Code    38  __2sprintf.o(.text)
    _printf_int_dec                          0x080079cd   Thumb Code   100  _printf_dec.o(.text)
    __printf                                 0x08007a41   Thumb Code   388  __printf_flags_ss_wp.o(.text)
    strncat                                  0x08007bc9   Thumb Code    36  strncat.o(.text)
    strstr                                   0x08007bed   Thumb Code    36  strstr.o(.text)
    strcpy                                   0x08007c11   Thumb Code    72  strcpy.o(.text)
    strlen                                   0x08007c59   Thumb Code    62  strlen.o(.text)
    strcat                                   0x08007c97   Thumb Code    24  strcat.o(.text)
    __aeabi_memcpy                           0x08007caf   Thumb Code     0  rt_memcpy_v6.o(.text)
    __rt_memcpy                              0x08007caf   Thumb Code   138  rt_memcpy_v6.o(.text)
    _memcpy_lastbytes                        0x08007d15   Thumb Code     0  rt_memcpy_v6.o(.text)
    __aeabi_memcpy4                          0x08007d39   Thumb Code     0  rt_memcpy_w.o(.text)
    __aeabi_memcpy8                          0x08007d39   Thumb Code     0  rt_memcpy_w.o(.text)
    __rt_memcpy_w                            0x08007d39   Thumb Code   100  rt_memcpy_w.o(.text)
    _memcpy_lastbytes_aligned                0x08007d81   Thumb Code     0  rt_memcpy_w.o(.text)
    __aeabi_memclr                           0x08007d9d   Thumb Code     0  rt_memclr.o(.text)
    __rt_memclr                              0x08007d9d   Thumb Code    68  rt_memclr.o(.text)
    _memset                                  0x08007da1   Thumb Code     0  rt_memclr.o(.text)
    __aeabi_memclr4                          0x08007de1   Thumb Code     0  rt_memclr_w.o(.text)
    __aeabi_memclr8                          0x08007de1   Thumb Code     0  rt_memclr_w.o(.text)
    __rt_memclr_w                            0x08007de1   Thumb Code    78  rt_memclr_w.o(.text)
    _memset_w                                0x08007de5   Thumb Code     0  rt_memclr_w.o(.text)
    __use_two_region_memory                  0x08007e2f   Thumb Code     2  heapauxi.o(.text)
    __rt_heap_escrow                         0x08007e31   Thumb Code     2  heapauxi.o(.text)
    __rt_heap_expand                         0x08007e33   Thumb Code     2  heapauxi.o(.text)
    __rt_heap_descriptor                     0x08007e35   Thumb Code     8  rt_heap_descriptor_intlibspace.o(.text)
    __use_no_heap                            0x08007e3d   Thumb Code     2  hguard.o(.text)
    __heap$guard                             0x08007e3f   Thumb Code     2  hguard.o(.text)
    _terminate_user_alloc                    0x08007e41   Thumb Code     2  init_alloc.o(.text)
    _init_user_alloc                         0x08007e43   Thumb Code     2  init_alloc.o(.text)
    __Heap_Full                              0x08007e45   Thumb Code    34  init_alloc.o(.text)
    __Heap_Broken                            0x08007e67   Thumb Code     6  init_alloc.o(.text)
    _init_alloc                              0x08007e6d   Thumb Code    94  init_alloc.o(.text)
    __Heap_Initialize                        0x08007ecb   Thumb Code    10  h1_init.o(.text)
    __Heap_DescSize                          0x08007ed5   Thumb Code     4  h1_init.o(.text)
    _printf_pre_padding                      0x08007ed9   Thumb Code    44  _printf_pad.o(.text)
    _printf_post_padding                     0x08007f05   Thumb Code    34  _printf_pad.o(.text)
    _printf_truncate_signed                  0x08007f27   Thumb Code    18  _printf_truncate.o(.text)
    _printf_truncate_unsigned                0x08007f39   Thumb Code    18  _printf_truncate.o(.text)
    _printf_str                              0x08007f4b   Thumb Code    82  _printf_str.o(.text)
    _printf_int_common                       0x08007f9d   Thumb Code   178  _printf_intcommon.o(.text)
    _printf_charcount                        0x0800804f   Thumb Code    40  _printf_charcount.o(.text)
    _printf_char_common                      0x08008083   Thumb Code    32  _printf_char_common.o(.text)
    _sputc                                   0x080080a9   Thumb Code    10  _sputc.o(.text)
    _printf_wctomb                           0x080080b5   Thumb Code   182  _printf_wctomb.o(.text)
    _printf_longlong_dec                     0x08008171   Thumb Code   104  _printf_longlong_dec.o(.text)
    _printf_longlong_oct                     0x080081e9   Thumb Code    68  _printf_oct_int_ll.o(.text)
    _printf_int_oct                          0x0800822d   Thumb Code    24  _printf_oct_int_ll.o(.text)
    _printf_ll_oct                           0x08008245   Thumb Code    12  _printf_oct_int_ll.o(.text)
    _printf_longlong_hex                     0x08008259   Thumb Code    86  _printf_hex_int_ll_ptr.o(.text)
    _printf_int_hex                          0x080082af   Thumb Code    28  _printf_hex_int_ll_ptr.o(.text)
    _printf_ll_hex                           0x080082cb   Thumb Code    12  _printf_hex_int_ll_ptr.o(.text)
    _printf_hex_ptr                          0x080082d7   Thumb Code    18  _printf_hex_int_ll_ptr.o(.text)
    __user_libspace                          0x080082ed   Thumb Code     8  libspace.o(.text)
    __user_perproc_libspace                  0x080082ed   Thumb Code     0  libspace.o(.text)
    __user_perthread_libspace                0x080082ed   Thumb Code     0  libspace.o(.text)
    __Heap_ProvideMemory                     0x080082f5   Thumb Code    52  h1_extend.o(.text)
    _ll_udiv10                               0x08008329   Thumb Code   138  lludiv10.o(.text)
    __lib_sel_fp_printf                      0x080083b3   Thumb Code     2  _printf_fp_dec.o(.text)
    _printf_fp_dec_real                      0x08008561   Thumb Code   616  _printf_fp_dec.o(.text)
    _printf_cs_common                        0x080087c9   Thumb Code    20  _printf_char.o(.text)
    _printf_char                             0x080087dd   Thumb Code    16  _printf_char.o(.text)
    _printf_string                           0x080087ed   Thumb Code     8  _printf_char.o(.text)
    _printf_lcs_common                       0x080087f5   Thumb Code    20  _printf_wchar.o(.text)
    _printf_wchar                            0x08008809   Thumb Code    16  _printf_wchar.o(.text)
    _printf_wstring                          0x08008819   Thumb Code     8  _printf_wchar.o(.text)
    _wcrtomb                                 0x08008821   Thumb Code    64  _wcrtomb.o(.text)
    __rt_SIGRTMEM                            0x08008861   Thumb Code    14  defsig_rtmem_outer.o(.text)
    __I$use$semihosting                      0x0800886f   Thumb Code     0  use_no_semi.o(.text)
    __use_no_semihosting_swi                 0x0800886f   Thumb Code     2  use_no_semi.o(.text)
    __semihosting_library_function           0x08008871   Thumb Code     0  indicate_semi.o(.text)
    __user_setup_stackheap                   0x08008871   Thumb Code    74  sys_stackheap_outer.o(.text)
    __rt_ctype_table                         0x080088bd   Thumb Code    16  rt_ctype_table.o(.text)
    __rt_locale                              0x080088cd   Thumb Code     8  rt_locale_intlibspace.o(.text)
    _printf_fp_infnan                        0x080088d5   Thumb Code   112  _printf_fp_infnan.o(.text)
    _btod_etento                             0x08008955   Thumb Code   212  bigflt0.o(.text)
    exit                                     0x08008a2d   Thumb Code    12  exit.o(.text)
    __sig_exit                               0x08008a39   Thumb Code    10  defsig_exit.o(.text)
    __rt_SIGRTMEM_inner                      0x08008a45   Thumb Code    22  defsig_rtmem_inner.o(.text)
    _sys_exit                                0x08008a95   Thumb Code     8  sys_exit.o(.text)
    __default_signal_display                 0x08008aa1   Thumb Code    50  defsig_general.o(.text)
    strcmp                                   0x08008ad5   Thumb Code   128  strcmpv7m.o(.text)
    _ttywrch                                 0x08008b55   Thumb Code    14  sys_wrch.o(.text)
    _btod_d2e                                0x08008b63   Thumb Code    62  btod.o(CL$$btod_d2e)
    _d2e_denorm_low                          0x08008ba1   Thumb Code    70  btod.o(CL$$btod_d2e_denorm_low)
    _d2e_norm_op1                            0x08008be7   Thumb Code    96  btod.o(CL$$btod_d2e_norm_op1)
    __btod_div_common                        0x08008c47   Thumb Code   696  btod.o(CL$$btod_div_common)
    _e2e                                     0x08008f7f   Thumb Code   198  btod.o(CL$$btod_e2e)
    _btod_ediv                               0x08009045   Thumb Code    40  btod.o(CL$$btod_ediv)
    _btod_emul                               0x0800906d   Thumb Code    40  btod.o(CL$$btod_emul)
    __btod_mult_common                       0x08009095   Thumb Code   580  btod.o(CL$$btod_mult_common)
    __ARM_fpclassify                         0x080092d9   Thumb Code    40  fpclassify.o(i.__ARM_fpclassify)
    _is_digit                                0x08009301   Thumb Code    14  __printf_wp.o(i._is_digit)
    _get_lc_numeric                          0x08009311   Thumb Code    44  lc_numeric_c.o(locale$$code)
    _get_lc_ctype                            0x0800933d   Thumb Code    44  lc_ctype_c.o(locale$$code)
    __aeabi_d2f                              0x08009369   Thumb Code     0  d2f.o(x$fpl$d2f)
    _d2f                                     0x08009369   Thumb Code    98  d2f.o(x$fpl$d2f)
    __aeabi_dmul                             0x080093cd   Thumb Code     0  dmul.o(x$fpl$dmul)
    _dmul                                    0x080093cd   Thumb Code   332  dmul.o(x$fpl$dmul)
    __fpl_dnaninf                            0x08009521   Thumb Code   156  dnaninf.o(x$fpl$dnaninf)
    __fpl_dretinf                            0x080095bd   Thumb Code    12  dretinf.o(x$fpl$dretinf)
    __aeabi_f2d                              0x080095c9   Thumb Code     0  f2d.o(x$fpl$f2d)
    _f2d                                     0x080095c9   Thumb Code    86  f2d.o(x$fpl$f2d)
    __aeabi_ui2f                             0x08009621   Thumb Code     0  fflt_clz.o(x$fpl$ffltu)
    _ffltu                                   0x08009621   Thumb Code    38  fflt_clz.o(x$fpl$ffltu)
    __fpl_fnaninf                            0x08009647   Thumb Code   140  fnaninf.o(x$fpl$fnaninf)
    __fpl_fretinf                            0x080096d3   Thumb Code    10  fretinf.o(x$fpl$fretinf)
    _printf_fp_dec                           0x080096dd   Thumb Code     4  printf1.o(x$fpl$printf1)
    __I$use$fp                               0x080096e0   Number         0  usenofp.o(x$fpl$usenofp)
    OSUnMapTbl                               0x080097b5   Data         256  os_core.o(.constdata)
    Region$$Table$$Base                      0x0800998c   Number         0  anon$$obj.o(Region$$Table)
    Region$$Table$$Limit                     0x080099ac   Number         0  anon$$obj.o(Region$$Table)
    __ctype                                  0x080099d5   Data           0  lc_ctype_c.o(locale$$data)
    SystemCoreClock                          0x20000000   Data           4  system_stm32f10x.o(.data)
    AHBPrescTable                            0x20000004   Data          16  system_stm32f10x.o(.data)
    ledStatus                                0x20000028   Data           4  led.o(.data)
    UsCount                                  0x2000002c   Data           1  delay.o(.data)
    MsCount                                  0x2000002e   Data           2  delay.o(.data)
    iicInfo                                  0x20000030   Data           2  i2c.o(.data)
    wifiInfo                                 0x20000032   Data          42  esp8266.o(.data)
    service                                  0x2000005c   Data          24  esp8266.o(.data)
    gsmDeviceInfo                            0x20000074   Data           6  sim808.o(.data)
    serviceInfo                              0x2000007a   Data          24  sim808.o(.data)
    checkDeviceInfo                          0x20000092   Data           2  user.o(.data)
    netWorkInfo                              0x20000094   Data           1  user.o(.data)
    deviceDataType                           0x20000095   Data           1  user.o(.data)
    OS_CPU_ExceptStkBase                     0x20000098   Data           4  os_cpu_c.o(.data)
    OSCtxSwCtr                               0x200000a0   Data           4  os_core.o(.data)
    OSEventFreeList                          0x200000a4   Data           4  os_core.o(.data)
    OSFlagFreeList                           0x200000a8   Data           4  os_core.o(.data)
    OSCPUUsage                               0x200000ac   Data           1  os_core.o(.data)
    OSIdleCtrMax                             0x200000b0   Data           4  os_core.o(.data)
    OSIdleCtrRun                             0x200000b4   Data           4  os_core.o(.data)
    OSStatRdy                                0x200000b8   Data           1  os_core.o(.data)
    OSIntNesting                             0x200000b9   Data           1  os_core.o(.data)
    OSLockNesting                            0x200000ba   Data           1  os_core.o(.data)
    OSPrioCur                                0x200000bb   Data           1  os_core.o(.data)
    OSPrioHighRdy                            0x200000bc   Data           1  os_core.o(.data)
    OSRdyGrp                                 0x200000bd   Data           1  os_core.o(.data)
    OSRdyTbl                                 0x200000be   Data           8  os_core.o(.data)
    OSRunning                                0x200000c6   Data           1  os_core.o(.data)
    OSTaskCtr                                0x200000c7   Data           1  os_core.o(.data)
    OSIdleCtr                                0x200000c8   Data           4  os_core.o(.data)
    OSTCBCur                                 0x200000cc   Data           4  os_core.o(.data)
    OSTCBFreeList                            0x200000d0   Data           4  os_core.o(.data)
    OSTCBHighRdy                             0x200000d4   Data           4  os_core.o(.data)
    OSTCBList                                0x200000d8   Data           4  os_core.o(.data)
    OSTickStepState                          0x200000dc   Data           1  os_core.o(.data)
    OSQFreeList                              0x200000e0   Data           4  os_core.o(.data)
    OSTime                                   0x200000e4   Data           4  os_core.o(.data)
    OSTmrFree                                0x200000e8   Data           2  os_core.o(.data)
    OSTmrUsed                                0x200000ea   Data           2  os_core.o(.data)
    OSTmrTime                                0x200000ec   Data           4  os_core.o(.data)
    OSTmrSem                                 0x200000f0   Data           4  os_core.o(.data)
    OSTmrSemSignal                           0x200000f4   Data           4  os_core.o(.data)
    OSTmrFreeList                            0x200000f8   Data           4  os_core.o(.data)
    usart1IOInfo                             0x200000fc   Data         204  main.o(.bss)
    usart2IOInfo                             0x200001c8   Data         204  main.o(.bss)
    CHECKTASK_TASK_STK                       0x20000294   Data         256  main.o(.bss)
    NET_TASK_STK                             0x20000394   Data        1024  main.o(.bss)
    HEART_TASK_STK                           0x20000794   Data        1024  main.o(.bss)
    DATA_TASK_STK                            0x20000b94   Data        4096  main.o(.bss)
    ESP8266_TASK_STK                         0x20001b94   Data        4096  main.o(.bss)
    OS_CPU_ExceptStk                         0x20002b94   Data         512  os_cpu_c.o(.bss)
    OSEventTbl                               0x20002d94   Data         400  os_core.o(.bss)
    OSFlagTbl                                0x20002f24   Data          80  os_core.o(.bss)
    OSTaskStatStk                            0x20002f74   Data         512  os_core.o(.bss)
    OSTaskIdleStk                            0x20003174   Data         512  os_core.o(.bss)
    OSTCBPrioTbl                             0x20003374   Data         256  os_core.o(.bss)
    OSTCBTbl                                 0x20003474   Data        1176  os_core.o(.bss)
    OSQTbl                                   0x2000390c   Data         120  os_core.o(.bss)
    OSTmrTbl                                 0x20003984   Data         640  os_core.o(.bss)
    OSTmrTaskStk                             0x20003c04   Data         512  os_core.o(.bss)
    OSTmrWheelTbl                            0x20003e04   Data          64  os_core.o(.bss)
    __libspace_start                         0x20003e44   Data          96  libspace.o(.bss)
    __temporary_stack_top$libspace           0x20003ea4   Data           0  libspace.o(.bss)



==============================================================================

Memory Map of the image

  Image Entry point : 0x08000131

  Load Region LR_IROM1 (Base: 0x08000000, Size: 0x00009bd4, Max: 0x00080000, ABSOLUTE)

    Execution Region ER_IROM1 (Base: 0x08000000, Size: 0x00009ad8, Max: 0x00080000, ABSOLUTE)

    Base Addr    Size         Type   Attr      Idx    E Section Name        Object

    0x08000000   0x00000130   Data   RO          136    RESET               startup_stm32f10x_hd.o
    0x08000130   0x00000008   Code   RO         1047  * !!!main             c_w.l(__main.o)
    0x08000138   0x00000034   Code   RO         1418    !!!scatter          c_w.l(__scatter.o)
    0x0800016c   0x0000001a   Code   RO         1420    !!handler_copy      c_w.l(__scatter_copy.o)
    0x08000186   0x00000002   PAD
    0x08000188   0x0000001c   Code   RO         1422    !!handler_zi        c_w.l(__scatter_zi.o)
    0x080001a4   0x00000000   Code   RO         1026    .ARM.Collect$$_printf_percent$$00000000  c_w.l(_printf_percent.o)
    0x080001a4   0x00000006   Code   RO         1161    .ARM.Collect$$_printf_percent$$00000001  c_w.l(_printf_n.o)
    0x080001aa   0x00000006   Code   RO         1163    .ARM.Collect$$_printf_percent$$00000002  c_w.l(_printf_p.o)
    0x080001b0   0x00000006   Code   RO         1167    .ARM.Collect$$_printf_percent$$00000003  c_w.l(_printf_f.o)
    0x080001b6   0x00000006   Code   RO         1168    .ARM.Collect$$_printf_percent$$00000004  c_w.l(_printf_e.o)
    0x080001bc   0x00000006   Code   RO         1169    .ARM.Collect$$_printf_percent$$00000005  c_w.l(_printf_g.o)
    0x080001c2   0x00000006   Code   RO         1170    .ARM.Collect$$_printf_percent$$00000006  c_w.l(_printf_a.o)
    0x080001c8   0x0000000a   Code   RO         1175    .ARM.Collect$$_printf_percent$$00000007  c_w.l(_printf_ll.o)
    0x080001d2   0x00000006   Code   RO         1165    .ARM.Collect$$_printf_percent$$00000008  c_w.l(_printf_i.o)
    0x080001d8   0x00000006   Code   RO         1025    .ARM.Collect$$_printf_percent$$00000009  c_w.l(_printf_d.o)
    0x080001de   0x00000006   Code   RO         1166    .ARM.Collect$$_printf_percent$$0000000A  c_w.l(_printf_u.o)
    0x080001e4   0x00000006   Code   RO         1164    .ARM.Collect$$_printf_percent$$0000000B  c_w.l(_printf_o.o)
    0x080001ea   0x00000006   Code   RO         1162    .ARM.Collect$$_printf_percent$$0000000C  c_w.l(_printf_x.o)
    0x080001f0   0x00000006   Code   RO         1172    .ARM.Collect$$_printf_percent$$0000000D  c_w.l(_printf_lli.o)
    0x080001f6   0x00000006   Code   RO         1173    .ARM.Collect$$_printf_percent$$0000000E  c_w.l(_printf_lld.o)
    0x080001fc   0x00000006   Code   RO         1174    .ARM.Collect$$_printf_percent$$0000000F  c_w.l(_printf_llu.o)
    0x08000202   0x00000006   Code   RO         1179    .ARM.Collect$$_printf_percent$$00000010  c_w.l(_printf_llo.o)
    0x08000208   0x00000006   Code   RO         1180    .ARM.Collect$$_printf_percent$$00000011  c_w.l(_printf_llx.o)
    0x0800020e   0x0000000a   Code   RO         1176    .ARM.Collect$$_printf_percent$$00000012  c_w.l(_printf_l.o)
    0x08000218   0x00000006   Code   RO         1159    .ARM.Collect$$_printf_percent$$00000013  c_w.l(_printf_c.o)
    0x0800021e   0x00000006   Code   RO         1160    .ARM.Collect$$_printf_percent$$00000014  c_w.l(_printf_s.o)
    0x08000224   0x00000006   Code   RO         1177    .ARM.Collect$$_printf_percent$$00000015  c_w.l(_printf_lc.o)
    0x0800022a   0x00000006   Code   RO         1178    .ARM.Collect$$_printf_percent$$00000016  c_w.l(_printf_ls.o)
    0x08000230   0x00000004   Code   RO         1171    .ARM.Collect$$_printf_percent$$00000017  c_w.l(_printf_percent_end.o)
    0x08000234   0x00000002   Code   RO         1349    .ARM.Collect$$libinit$$00000000  c_w.l(libinit.o)
    0x08000236   0x00000000   Code   RO         1184    .ARM.Collect$$libinit$$00000002  c_w.l(libinit2.o)
    0x08000236   0x00000008   Code   RO         1185    .ARM.Collect$$libinit$$00000003  c_w.l(libinit2.o)
    0x0800023e   0x00000000   Code   RO         1187    .ARM.Collect$$libinit$$00000008  c_w.l(libinit2.o)
    0x0800023e   0x00000000   Code   RO         1189    .ARM.Collect$$libinit$$0000000A  c_w.l(libinit2.o)
    0x0800023e   0x00000000   Code   RO         1191    .ARM.Collect$$libinit$$0000000C  c_w.l(libinit2.o)
    0x0800023e   0x00000006   Code   RO         1192    .ARM.Collect$$libinit$$0000000D  c_w.l(libinit2.o)
    0x08000244   0x00000000   Code   RO         1194    .ARM.Collect$$libinit$$0000000F  c_w.l(libinit2.o)
    0x08000244   0x0000000c   Code   RO         1195    .ARM.Collect$$libinit$$00000010  c_w.l(libinit2.o)
    0x08000250   0x00000000   Code   RO         1196    .ARM.Collect$$libinit$$00000011  c_w.l(libinit2.o)
    0x08000250   0x00000000   Code   RO         1198    .ARM.Collect$$libinit$$00000013  c_w.l(libinit2.o)
    0x08000250   0x0000000a   Code   RO         1199    .ARM.Collect$$libinit$$00000014  c_w.l(libinit2.o)
    0x0800025a   0x00000000   Code   RO         1200    .ARM.Collect$$libinit$$00000015  c_w.l(libinit2.o)
    0x0800025a   0x00000000   Code   RO         1202    .ARM.Collect$$libinit$$00000017  c_w.l(libinit2.o)
    0x0800025a   0x00000000   Code   RO         1204    .ARM.Collect$$libinit$$00000019  c_w.l(libinit2.o)
    0x0800025a   0x00000000   Code   RO         1206    .ARM.Collect$$libinit$$0000001B  c_w.l(libinit2.o)
    0x0800025a   0x00000000   Code   RO         1208    .ARM.Collect$$libinit$$0000001D  c_w.l(libinit2.o)
    0x0800025a   0x00000000   Code   RO         1210    .ARM.Collect$$libinit$$0000001F  c_w.l(libinit2.o)
    0x0800025a   0x00000000   Code   RO         1212    .ARM.Collect$$libinit$$00000021  c_w.l(libinit2.o)
    0x0800025a   0x00000000   Code   RO         1214    .ARM.Collect$$libinit$$00000023  c_w.l(libinit2.o)
    0x0800025a   0x00000000   Code   RO         1218    .ARM.Collect$$libinit$$0000002A  c_w.l(libinit2.o)
    0x0800025a   0x00000000   Code   RO         1220    .ARM.Collect$$libinit$$0000002C  c_w.l(libinit2.o)
    0x0800025a   0x00000000   Code   RO         1222    .ARM.Collect$$libinit$$0000002E  c_w.l(libinit2.o)
    0x0800025a   0x00000000   Code   RO         1224    .ARM.Collect$$libinit$$00000030  c_w.l(libinit2.o)
    0x0800025a   0x00000002   Code   RO         1225    .ARM.Collect$$libinit$$00000031  c_w.l(libinit2.o)
    0x0800025c   0x00000002   Code   RO         1415    .ARM.Collect$$libshutdown$$00000000  c_w.l(libshutdown.o)
    0x0800025e   0x00000000   Code   RO         1373    .ARM.Collect$$libshutdown$$00000003  c_w.l(libshutdown2.o)
    0x0800025e   0x00000000   Code   RO         1376    .ARM.Collect$$libshutdown$$00000006  c_w.l(libshutdown2.o)
    0x0800025e   0x00000000   Code   RO         1379    .ARM.Collect$$libshutdown$$00000009  c_w.l(libshutdown2.o)
    0x0800025e   0x00000000   Code   RO         1381    .ARM.Collect$$libshutdown$$0000000B  c_w.l(libshutdown2.o)
    0x0800025e   0x00000000   Code   RO         1384    .ARM.Collect$$libshutdown$$0000000E  c_w.l(libshutdown2.o)
    0x0800025e   0x00000002   Code   RO         1385    .ARM.Collect$$libshutdown$$0000000F  c_w.l(libshutdown2.o)
    0x08000260   0x00000000   Code   RO         1087    .ARM.Collect$$rtentry$$00000000  c_w.l(rtentry.o)
    0x08000260   0x00000000   Code   RO         1243    .ARM.Collect$$rtentry$$00000002  c_w.l(rtentry2.o)
    0x08000260   0x00000006   Code   RO         1255    .ARM.Collect$$rtentry$$00000004  c_w.l(rtentry4.o)
    0x08000266   0x00000000   Code   RO         1245    .ARM.Collect$$rtentry$$00000009  c_w.l(rtentry2.o)
    0x08000266   0x00000004   Code   RO         1246    .ARM.Collect$$rtentry$$0000000A  c_w.l(rtentry2.o)
    0x0800026a   0x00000000   Code   RO         1248    .ARM.Collect$$rtentry$$0000000C  c_w.l(rtentry2.o)
    0x0800026a   0x00000008   Code   RO         1249    .ARM.Collect$$rtentry$$0000000D  c_w.l(rtentry2.o)
    0x08000272   0x00000002   Code   RO         1356    .ARM.Collect$$rtexit$$00000000  c_w.l(rtexit.o)
    0x08000274   0x00000000   Code   RO         1389    .ARM.Collect$$rtexit$$00000002  c_w.l(rtexit2.o)
    0x08000274   0x00000004   Code   RO         1390    .ARM.Collect$$rtexit$$00000003  c_w.l(rtexit2.o)
    0x08000278   0x00000006   Code   RO         1391    .ARM.Collect$$rtexit$$00000004  c_w.l(rtexit2.o)
    0x0800027e   0x00000002   PAD
    0x08000280   0x00000000   Code   RO         1259    .emb_text           c_w.l(maybetermalloc1.o)
    0x08000280   0x0000001c   Code   RO           17    .text               stm32f10x_it.o
    0x0800029c   0x000001e8   Code   RO          116    .text               system_stm32f10x.o
    0x08000484   0x00000040   Code   RO          137    .text               startup_stm32f10x_hd.o
    0x080004c4   0x000000dc   Code   RO          141    .text               misc.o
    0x080005a0   0x0000035c   Code   RO          179    .text               stm32f10x_gpio.o
    0x080008fc   0x000003ac   Code   RO          191    .text               stm32f10x_rcc.o
    0x08000ca8   0x00000408   Code   RO          205    .text               stm32f10x_usart.o
    0x080010b0   0x0000011c   Code   RO          313    .text               stm32f10x_exti.o
    0x080011cc   0x00000e1a   Code   RO          421    .text               stm32f10x_tim.o
    0x08001fe6   0x00000002   PAD
    0x08001fe8   0x00000170   Code   RO          445    .text               led.o
    0x08002158   0x000000f4   Code   RO          466    .text               delay.o
    0x0800224c   0x000002d0   Code   RO          481    .text               usart.o
    0x0800251c   0x000000f4   Code   RO          508    .text               key.o
    0x08002610   0x0000015c   Code   RO          541    .text               exti.o
    0x0800276c   0x00000434   Code   RO          553    .text               i2c.o
    0x08002ba0   0x000001a4   Code   RO          593    .text               adxl345.o
    0x08002d44   0x00000178   Code   RO          641    .text               hwtimer.o
    0x08002ebc   0x00000af4   Code   RO          690    .text               esp8266.o
    0x080039b0   0x00000ddc   Code   RO          709    .text               sim808.o
    0x0800478c   0x000000ec   Code   RO          728    .text               main.o
    0x08004878   0x00000494   Code   RO          767    .text               user.o
    0x08004d0c   0x0000014c   Code   RO          783    .text               os_cpu_c.o
    0x08004e58   0x000000b4   Code   RO          806    .text               os_cpu_a.o
    0x08004f0c   0x00000894   Code   RO          809    .text               os_core.o
    0x080057a0   0x0000080c   Code   RO          829    .text               os_flag.o
    0x08005fac   0x000005e8   Code   RO          871    .text               os_q.o
    0x08006594   0x0000038c   Code   RO          883    .text               os_sem.o
    0x08006920   0x000007c0   Code   RO          895    .text               os_task.o
    0x080070e0   0x000001b0   Code   RO          907    .text               os_time.o
    0x08007290   0x00000640   Code   RO          919    .text               os_tmr.o
    0x080078d0   0x0000005e   Code   RO          937    .text               c_w.l(h1_alloc.o)
    0x0800792e   0x0000004e   Code   RO          939    .text               c_w.l(h1_free.o)
    0x0800797c   0x00000024   Code   RO          995    .text               c_w.l(c89vsprintf.o)
    0x080079a0   0x0000002c   Code   RO          997    .text               c_w.l(__2sprintf.o)
    0x080079cc   0x00000074   Code   RO         1003    .text               c_w.l(_printf_dec.o)
    0x08007a40   0x00000188   Code   RO         1022    .text               c_w.l(__printf_flags_ss_wp.o)
    0x08007bc8   0x00000024   Code   RO         1027    .text               c_w.l(strncat.o)
    0x08007bec   0x00000024   Code   RO         1029    .text               c_w.l(strstr.o)
    0x08007c10   0x00000048   Code   RO         1031    .text               c_w.l(strcpy.o)
    0x08007c58   0x0000003e   Code   RO         1033    .text               c_w.l(strlen.o)
    0x08007c96   0x00000018   Code   RO         1035    .text               c_w.l(strcat.o)
    0x08007cae   0x0000008a   Code   RO         1037    .text               c_w.l(rt_memcpy_v6.o)
    0x08007d38   0x00000064   Code   RO         1039    .text               c_w.l(rt_memcpy_w.o)
    0x08007d9c   0x00000044   Code   RO         1041    .text               c_w.l(rt_memclr.o)
    0x08007de0   0x0000004e   Code   RO         1043    .text               c_w.l(rt_memclr_w.o)
    0x08007e2e   0x00000006   Code   RO         1045    .text               c_w.l(heapauxi.o)
    0x08007e34   0x00000008   Code   RO         1091    .text               c_w.l(rt_heap_descriptor_intlibspace.o)
    0x08007e3c   0x00000004   Code   RO         1093    .text               c_w.l(hguard.o)
    0x08007e40   0x0000008a   Code   RO         1095    .text               c_w.l(init_alloc.o)
    0x08007eca   0x0000000e   Code   RO         1099    .text               c_w.l(h1_init.o)
    0x08007ed8   0x0000004e   Code   RO         1113    .text               c_w.l(_printf_pad.o)
    0x08007f26   0x00000024   Code   RO         1115    .text               c_w.l(_printf_truncate.o)
    0x08007f4a   0x00000052   Code   RO         1117    .text               c_w.l(_printf_str.o)
    0x08007f9c   0x000000b2   Code   RO         1119    .text               c_w.l(_printf_intcommon.o)
    0x0800804e   0x00000028   Code   RO         1121    .text               c_w.l(_printf_charcount.o)
    0x08008076   0x00000002   PAD
    0x08008078   0x00000030   Code   RO         1123    .text               c_w.l(_printf_char_common.o)
    0x080080a8   0x0000000a   Code   RO         1125    .text               c_w.l(_sputc.o)
    0x080080b2   0x00000002   PAD
    0x080080b4   0x000000bc   Code   RO         1127    .text               c_w.l(_printf_wctomb.o)
    0x08008170   0x00000078   Code   RO         1130    .text               c_w.l(_printf_longlong_dec.o)
    0x080081e8   0x00000070   Code   RO         1136    .text               c_w.l(_printf_oct_int_ll.o)
    0x08008258   0x00000094   Code   RO         1156    .text               c_w.l(_printf_hex_int_ll_ptr.o)
    0x080082ec   0x00000008   Code   RO         1239    .text               c_w.l(libspace.o)
    0x080082f4   0x00000034   Code   RO         1261    .text               c_w.l(h1_extend.o)
    0x08008328   0x0000008a   Code   RO         1265    .text               c_w.l(lludiv10.o)
    0x080083b2   0x00000416   Code   RO         1267    .text               c_w.l(_printf_fp_dec.o)
    0x080087c8   0x0000002c   Code   RO         1271    .text               c_w.l(_printf_char.o)
    0x080087f4   0x0000002c   Code   RO         1273    .text               c_w.l(_printf_wchar.o)
    0x08008820   0x00000040   Code   RO         1275    .text               c_w.l(_wcrtomb.o)
    0x08008860   0x0000000e   Code   RO         1277    .text               c_w.l(defsig_rtmem_outer.o)
    0x0800886e   0x00000002   Code   RO         1288    .text               c_w.l(use_no_semi.o)
    0x08008870   0x00000000   Code   RO         1290    .text               c_w.l(indicate_semi.o)
    0x08008870   0x0000004a   Code   RO         1291    .text               c_w.l(sys_stackheap_outer.o)
    0x080088ba   0x00000002   PAD
    0x080088bc   0x00000010   Code   RO         1293    .text               c_w.l(rt_ctype_table.o)
    0x080088cc   0x00000008   Code   RO         1300    .text               c_w.l(rt_locale_intlibspace.o)
    0x080088d4   0x00000080   Code   RO         1304    .text               c_w.l(_printf_fp_infnan.o)
    0x08008954   0x000000d8   Code   RO         1306    .text               c_w.l(bigflt0.o)
    0x08008a2c   0x0000000c   Code   RO         1334    .text               c_w.l(exit.o)
    0x08008a38   0x0000000a   Code   RO         1336    .text               c_w.l(defsig_exit.o)
    0x08008a42   0x00000002   PAD
    0x08008a44   0x00000050   Code   RO         1338    .text               c_w.l(defsig_rtmem_inner.o)
    0x08008a94   0x0000000c   Code   RO         1354    .text               c_w.l(sys_exit.o)
    0x08008aa0   0x00000032   Code   RO         1367    .text               c_w.l(defsig_general.o)
    0x08008ad2   0x00000002   PAD
    0x08008ad4   0x00000080   Code   RO         1369    .text               c_w.l(strcmpv7m.o)
    0x08008b54   0x0000000e   Code   RO         1386    .text               c_w.l(sys_wrch.o)
    0x08008b62   0x0000003e   Code   RO         1309    CL$$btod_d2e        c_w.l(btod.o)
    0x08008ba0   0x00000046   Code   RO         1311    CL$$btod_d2e_denorm_low  c_w.l(btod.o)
    0x08008be6   0x00000060   Code   RO         1310    CL$$btod_d2e_norm_op1  c_w.l(btod.o)
    0x08008c46   0x00000338   Code   RO         1319    CL$$btod_div_common  c_w.l(btod.o)
    0x08008f7e   0x000000c6   Code   RO         1316    CL$$btod_e2e        c_w.l(btod.o)
    0x08009044   0x00000028   Code   RO         1313    CL$$btod_ediv       c_w.l(btod.o)
    0x0800906c   0x00000028   Code   RO         1312    CL$$btod_emul       c_w.l(btod.o)
    0x08009094   0x00000244   Code   RO         1318    CL$$btod_mult_common  c_w.l(btod.o)
    0x080092d8   0x00000028   Code   RO         1352    i.__ARM_fpclassify  m_ws.l(fpclassify.o)
    0x08009300   0x0000000e   Code   RO         1015    i._is_digit         c_w.l(__printf_wp.o)
    0x0800930e   0x00000002   PAD
    0x08009310   0x0000002c   Code   RO         1332    locale$$code        c_w.l(lc_numeric_c.o)
    0x0800933c   0x0000002c   Code   RO         1363    locale$$code        c_w.l(lc_ctype_c.o)
    0x08009368   0x00000062   Code   RO         1049    x$fpl$d2f           fz_ws.l(d2f.o)
    0x080093ca   0x00000002   PAD
    0x080093cc   0x00000154   Code   RO         1061    x$fpl$dmul          fz_ws.l(dmul.o)
    0x08009520   0x0000009c   Code   RO         1226    x$fpl$dnaninf       fz_ws.l(dnaninf.o)
    0x080095bc   0x0000000c   Code   RO         1228    x$fpl$dretinf       fz_ws.l(dretinf.o)
    0x080095c8   0x00000056   Code   RO         1063    x$fpl$f2d           fz_ws.l(f2d.o)
    0x0800961e   0x00000002   PAD
    0x08009620   0x00000026   Code   RO         1079    x$fpl$ffltu         fz_ws.l(fflt_clz.o)
    0x08009646   0x0000008c   Code   RO         1230    x$fpl$fnaninf       fz_ws.l(fnaninf.o)
    0x080096d2   0x0000000a   Code   RO         1232    x$fpl$fretinf       fz_ws.l(fretinf.o)
    0x080096dc   0x00000004   Code   RO         1234    x$fpl$printf1       fz_ws.l(printf1.o)
    0x080096e0   0x00000000   Code   RO         1236    x$fpl$usenofp       fz_ws.l(usenofp.o)
    0x080096e0   0x00000068   Data   RO          691    .constdata          esp8266.o
    0x08009748   0x00000025   Data   RO          710    .constdata          sim808.o
    0x0800976d   0x00000048   Data   RO          768    .constdata          user.o
    0x080097b5   0x00000100   Data   RO          811    .constdata          os_core.o
    0x080098b5   0x00000011   Data   RO         1023    .constdata          c_w.l(__printf_flags_ss_wp.o)
    0x080098c6   0x00000002   PAD
    0x080098c8   0x00000008   Data   RO         1128    .constdata          c_w.l(_printf_wctomb.o)
    0x080098d0   0x00000028   Data   RO         1157    .constdata          c_w.l(_printf_hex_int_ll_ptr.o)
    0x080098f8   0x00000094   Data   RO         1307    .constdata          c_w.l(bigflt0.o)
    0x0800998c   0x00000020   Data   RO         1416    Region$$Table       anon$$obj.o
    0x080099ac   0x0000001c   Data   RO         1331    locale$$data        c_w.l(lc_numeric_c.o)
    0x080099c8   0x00000110   Data   RO         1362    locale$$data        c_w.l(lc_ctype_c.o)


    Execution Region RW_IRAM1 (Base: 0x20000000, Size: 0x000046a8, Max: 0x00010000, ABSOLUTE)

    Base Addr    Size         Type   Attr      Idx    E Section Name        Object

    0x20000000   0x00000014   Data   RW          117    .data               system_stm32f10x.o
    0x20000014   0x00000014   Data   RW          192    .data               stm32f10x_rcc.o
    0x20000028   0x00000004   Data   RW          446    .data               led.o
    0x2000002c   0x00000004   Data   RW          467    .data               delay.o
    0x20000030   0x00000002   Data   RW          554    .data               i2c.o
    0x20000032   0x00000042   Data   RW          692    .data               esp8266.o
    0x20000074   0x0000001e   Data   RW          711    .data               sim808.o
    0x20000092   0x00000004   Data   RW          769    .data               user.o
    0x20000096   0x00000002   PAD
    0x20000098   0x00000006   Data   RW          785    .data               os_cpu_c.o
    0x2000009e   0x00000002   PAD
    0x200000a0   0x0000005c   Data   RW          812    .data               os_core.o
    0x200000fc   0x00002a98   Zero   RW          729    .bss                main.o
    0x20002b94   0x00000200   Zero   RW          784    .bss                os_cpu_c.o
    0x20002d94   0x000010b0   Zero   RW          810    .bss                os_core.o
    0x20003e44   0x00000060   Zero   RW         1240    .bss                c_w.l(libspace.o)
    0x20003ea4   0x00000004   PAD
    0x20003ea8   0x00000400   Zero   RW          135    HEAP                startup_stm32f10x_hd.o
    0x200042a8   0x00000400   Zero   RW          134    STACK               startup_stm32f10x_hd.o


==============================================================================

Image component sizes


      Code (inc. data)   RO Data    RW Data    ZI Data      Debug   Object Name

       420          8          0          0          0       1872   adxl345.o
         0          0          0          0          0       4304   core_cm3.o
       244         10          0          4          0       1360   delay.o
      2804        722        104         66          0       6207   esp8266.o
       348         10          0          0          0        858   exti.o
       376         16          0          0          0      10665   hwtimer.o
      1076         32          0          2          0       4220   i2c.o
       244          8          0          0          0       1268   key.o
       368         26          0          4          0       1839   led.o
       236         48          0          0      10904       4794   main.o
       220         22          0          0          0     208397   misc.o
      2196        216        256         92       4272      15355   os_core.o
       180         36          0          0          0        280   os_cpu_a.o
       332         28          0          6        512      11399   os_cpu_c.o
      2060         42          0          0          0       6676   os_flag.o
      1512         30          0          0          0       5405   os_q.o
       908         18          0          0          0       3750   os_sem.o
      1984         70          0          0          0       7329   os_task.o
       432         30          0          0          0       1718   os_time.o
      1600         94          0          0          0       5369   os_tmr.o
      3548        960         37         30          0       5280   sim808.o
        64         26        304          0       2048        772   startup_stm32f10x_hd.o
       284         10          0          0          0       2079   stm32f10x_exti.o
       860         38          0          0          0       5493   stm32f10x_gpio.o
        28          0          0          0          0      44491   stm32f10x_it.o
       940         44          0         20          0       8608   stm32f10x_rcc.o
      3610         88          0          0          0      21976   stm32f10x_tim.o
      1032         22          0          0          0       8216   stm32f10x_usart.o
       488         46          0         20          0       1631   system_stm32f10x.o
       720         22          0          0          0       4167   usart.o
      1172        288         72          4          0       3598   user.o

    ----------------------------------------------------------------------
     30288       3010        805        252      17736     409376   Object Totals
         0          0         32          0          0          0   (incl. Generated)
         2          0          0          4          0          0   (incl. Padding)

    ----------------------------------------------------------------------

      Code (inc. data)   RO Data    RW Data    ZI Data      Debug   Library Member Name

        44          6          0          0          0         84   __2sprintf.o
         8          0          0          0          0         68   __main.o
       392          4         17          0          0         92   __printf_flags_ss_wp.o
        14          0          0          0          0         68   __printf_wp.o
        52          8          0          0          0          0   __scatter.o
        26          0          0          0          0          0   __scatter_copy.o
        28          0          0          0          0          0   __scatter_zi.o
         6          0          0          0          0          0   _printf_a.o
         6          0          0          0          0          0   _printf_c.o
        44          0          0          0          0        108   _printf_char.o
        48          6          0          0          0         96   _printf_char_common.o
        40          0          0          0          0         68   _printf_charcount.o
         6          0          0          0          0          0   _printf_d.o
       116         16          0          0          0         92   _printf_dec.o
         6          0          0          0          0          0   _printf_e.o
         6          0          0          0          0          0   _printf_f.o
      1046          0          0          0          0        216   _printf_fp_dec.o
       128         16          0          0          0         84   _printf_fp_infnan.o
         6          0          0          0          0          0   _printf_g.o
       148          4         40          0          0        160   _printf_hex_int_ll_ptr.o
         6          0          0          0          0          0   _printf_i.o
       178          0          0          0          0         88   _printf_intcommon.o
        10          0          0          0          0          0   _printf_l.o
         6          0          0          0          0          0   _printf_lc.o
        10          0          0          0          0          0   _printf_ll.o
         6          0          0          0          0          0   _printf_lld.o
         6          0          0          0          0          0   _printf_lli.o
         6          0          0          0          0          0   _printf_llo.o
         6          0          0          0          0          0   _printf_llu.o
         6          0          0          0          0          0   _printf_llx.o
       120         16          0          0          0         92   _printf_longlong_dec.o
         6          0          0          0          0          0   _printf_ls.o
         6          0          0          0          0          0   _printf_n.o
         6          0          0          0          0          0   _printf_o.o
       112          8          0          0          0        124   _printf_oct_int_ll.o
         6          0          0          0          0          0   _printf_p.o
        78          0          0          0          0        108   _printf_pad.o
         0          0          0          0          0          0   _printf_percent.o
         4          0          0          0          0          0   _printf_percent_end.o
         6          0          0          0          0          0   _printf_s.o
        82          0          0          0          0         80   _printf_str.o
        36          0          0          0          0         84   _printf_truncate.o
         6          0          0          0          0          0   _printf_u.o
        44          0          0          0          0        108   _printf_wchar.o
       188          6          8          0          0         92   _printf_wctomb.o
         6          0          0          0          0          0   _printf_x.o
        10          0          0          0          0         68   _sputc.o
        64          0          0          0          0         92   _wcrtomb.o
       216          4        148          0          0         96   bigflt0.o
      1910        128          0          0          0        672   btod.o
        36          4          0          0          0         76   c89vsprintf.o
        10          0          0          0          0         68   defsig_exit.o
        50          0          0          0          0         88   defsig_general.o
        80         58          0          0          0         76   defsig_rtmem_inner.o
        14          0          0          0          0         80   defsig_rtmem_outer.o
        12          0          0          0          0         72   exit.o
        94          0          0          0          0         80   h1_alloc.o
        52          0          0          0          0         68   h1_extend.o
        78          0          0          0          0         80   h1_free.o
        14          0          0          0          0         84   h1_init.o
         6          0          0          0          0        152   heapauxi.o
         4          0          0          0          0        136   hguard.o
         0          0          0          0          0          0   indicate_semi.o
       138          0          0          0          0        168   init_alloc.o
        44         10        272          0          0         76   lc_ctype_c.o
        44         10         28          0          0         76   lc_numeric_c.o
         2          0          0          0          0          0   libinit.o
        38          0          0          0          0          0   libinit2.o
         2          0          0          0          0          0   libshutdown.o
         2          0          0          0          0          0   libshutdown2.o
         8          4          0          0         96         68   libspace.o
       138          0          0          0          0         80   lludiv10.o
         0          0          0          0          0          0   maybetermalloc1.o
        16          4          0          0          0         76   rt_ctype_table.o
         8          4          0          0          0         68   rt_heap_descriptor_intlibspace.o
         8          4          0          0          0         68   rt_locale_intlibspace.o
        68          0          0          0          0         68   rt_memclr.o
        78          0          0          0          0         80   rt_memclr_w.o
       138          0          0          0          0         68   rt_memcpy_v6.o
       100          0          0          0          0         80   rt_memcpy_w.o
         0          0          0          0          0          0   rtentry.o
        12          0          0          0          0          0   rtentry2.o
         6          0          0          0          0          0   rtentry4.o
         2          0          0          0          0          0   rtexit.o
        10          0          0          0          0          0   rtexit2.o
        24          0          0          0          0         68   strcat.o
       128          0          0          0          0         68   strcmpv7m.o
        72          0          0          0          0         80   strcpy.o
        62          0          0          0          0         76   strlen.o
        36          0          0          0          0         76   strncat.o
        36          0          0          0          0         80   strstr.o
        12          4          0          0          0         68   sys_exit.o
        74          0          0          0          0         80   sys_stackheap_outer.o
        14          0          0          0          0         76   sys_wrch.o
         2          0          0          0          0         68   use_no_semi.o
        98          4          0          0          0         92   d2f.o
       340         12          0          0          0        104   dmul.o
       156          4          0          0          0         92   dnaninf.o
        12          0          0          0          0         68   dretinf.o
        86          4          0          0          0         84   f2d.o
        38          0          0          0          0         68   fflt_clz.o
       140          4          0          0          0         84   fnaninf.o
        10          0          0          0          0         68   fretinf.o
         4          0          0          0          0         68   printf1.o
         0          0          0          0          0          0   usenofp.o
        40          0          0          0          0         68   fpclassify.o

    ----------------------------------------------------------------------
      8032        352        515          0        100       6412   Library Totals
        20          0          2          0          4          0   (incl. Padding)

    ----------------------------------------------------------------------

      Code (inc. data)   RO Data    RW Data    ZI Data      Debug   Library Name

      7088        324        513          0         96       5616   c_w.l
       884         28          0          0          0        728   fz_ws.l
        40          0          0          0          0         68   m_ws.l

    ----------------------------------------------------------------------
      8032        352        515          0        100       6412   Library Totals

    ----------------------------------------------------------------------

==============================================================================


      Code (inc. data)   RO Data    RW Data    ZI Data      Debug   

     38320       3362       1320        252      17836     409492   Grand Totals
     38320       3362       1320        252      17836     409492   ELF Image Totals
     38320       3362       1320        252          0          0   ROM Totals

==============================================================================

    Total RO  Size (Code + RO Data)                39640 (  38.71kB)
    Total RW  Size (RW Data + ZI Data)             18088 (  17.66kB)
    Total ROM Size (Code + RO Data + RW Data)      39892 (  38.96kB)

==============================================================================

