Product: MDK-ARM Professional 5.10
Component: ARM Compiler 5.04 update 1 (build 49)
Tool: armlink [5040049]

==============================================================================

Section Cross References

    system_stm32f10x.o(.text) refers to system_stm32f10x.o(.data) for SystemCoreClock
    startup_stm32f10x_hd.o(STACK) refers (Special) to heapauxi.o(.text) for __use_two_region_memory
    startup_stm32f10x_hd.o(HEAP) refers (Special) to heapauxi.o(.text) for __use_two_region_memory
    startup_stm32f10x_hd.o(RESET) refers (Special) to heapauxi.o(.text) for __use_two_region_memory
    startup_stm32f10x_hd.o(RESET) refers to startup_stm32f10x_hd.o(STACK) for __initial_sp
    startup_stm32f10x_hd.o(RESET) refers to startup_stm32f10x_hd.o(.text) for Reset_Handler
    startup_stm32f10x_hd.o(RESET) refers to stm32f10x_it.o(.text) for NMI_Handler
    startup_stm32f10x_hd.o(RESET) refers to os_cpu_a.o(.text) for PendSV_Handler
    startup_stm32f10x_hd.o(RESET) refers to exti.o(.text) for EXTI2_IRQHandler
    startup_stm32f10x_hd.o(RESET) refers to usart.o(.text) for USART1_IRQHandler
    startup_stm32f10x_hd.o(.text) refers (Special) to heapauxi.o(.text) for __use_two_region_memory
    startup_stm32f10x_hd.o(.text) refers to system_stm32f10x.o(.text) for SystemInit
    startup_stm32f10x_hd.o(.text) refers to __main.o(!!!main) for __main
    startup_stm32f10x_hd.o(.text) refers to startup_stm32f10x_hd.o(HEAP) for Heap_Mem
    startup_stm32f10x_hd.o(.text) refers to startup_stm32f10x_hd.o(STACK) for Stack_Mem
    stm32f10x_gpio.o(.text) refers to stm32f10x_rcc.o(.text) for RCC_APB2PeriphResetCmd
    stm32f10x_rcc.o(.text) refers to stm32f10x_rcc.o(.data) for APBAHBPrescTable
    stm32f10x_usart.o(.text) refers to stm32f10x_rcc.o(.text) for RCC_APB2PeriphResetCmd
    stm32f10x_adc.o(.text) refers to stm32f10x_rcc.o(.text) for RCC_APB2PeriphResetCmd
    stm32f10x_bkp.o(.text) refers to stm32f10x_rcc.o(.text) for RCC_BackupResetCmd
    stm32f10x_can.o(.text) refers to stm32f10x_rcc.o(.text) for RCC_APB1PeriphResetCmd
    stm32f10x_cec.o(.text) refers to stm32f10x_rcc.o(.text) for RCC_APB1PeriphResetCmd
    stm32f10x_dac.o(.text) refers to stm32f10x_rcc.o(.text) for RCC_APB1PeriphResetCmd
    stm32f10x_i2c.o(.text) refers to stm32f10x_rcc.o(.text) for RCC_APB1PeriphResetCmd
    stm32f10x_pwr.o(.text) refers to stm32f10x_rcc.o(.text) for RCC_APB1PeriphResetCmd
    stm32f10x_spi.o(.text) refers to stm32f10x_rcc.o(.text) for RCC_APB2PeriphResetCmd
    stm32f10x_tim.o(.text) refers to stm32f10x_rcc.o(.text) for RCC_APB2PeriphResetCmd
    stm32f10x_wwdg.o(.text) refers to stm32f10x_rcc.o(.text) for RCC_APB1PeriphResetCmd
    led.o(.text) refers to stm32f10x_gpio.o(.text) for GPIO_WriteBit
    led.o(.text) refers to stm32f10x_rcc.o(.text) for RCC_APB2PeriphClockCmd
    led.o(.text) refers to usart.o(.text) for UsartPrintf
    led.o(.text) refers to delay.o(.text) for DelayXms
    led.o(.text) refers to led.o(.data) for ledStatus
    delay.o(.text) refers to delay.o(.data) for UsCount
    usart.o(.text) refers to stm32f10x_rcc.o(.text) for RCC_APB2PeriphClockCmd
    usart.o(.text) refers to stm32f10x_gpio.o(.text) for GPIO_Init
    usart.o(.text) refers to stm32f10x_usart.o(.text) for USART_Init
    usart.o(.text) refers to misc.o(.text) for NVIC_Init
    usart.o(.text) refers to c89vsprintf.o(.text) for __c89vsprintf
    usart.o(.text) refers to main.o(.bss) for usart1IOInfo
    key.o(.text) refers to stm32f10x_rcc.o(.text) for RCC_APB2PeriphClockCmd
    key.o(.text) refers to stm32f10x_gpio.o(.text) for GPIO_Init
    beep.o(.text) refers to stm32f10x_gpio.o(.text) for GPIO_WriteBit
    beep.o(.text) refers to stm32f10x_rcc.o(.text) for RCC_APB2PeriphClockCmd
    beep.o(.text) refers to beep.o(.data) for beepInfo
    exti.o(.text) refers to stm32f10x_rcc.o(.text) for RCC_APB2PeriphClockCmd
    exti.o(.text) refers to stm32f10x_gpio.o(.text) for GPIO_Init
    exti.o(.text) refers to misc.o(.text) for NVIC_Init
    exti.o(.text) refers to stm32f10x_exti.o(.text) for EXTI_Init
    i2c.o(.text) refers to stm32f10x_rcc.o(.text) for RCC_APB2PeriphClockCmd
    i2c.o(.text) refers to stm32f10x_gpio.o(.text) for GPIO_Init
    i2c.o(.text) refers to delay.o(.text) for DelayUs
    i2c.o(.text) refers to usart.o(.text) for UsartPrintf
    i2c.o(.text) refers to i2c.o(.data) for iicInfo
    sht20.o(.text) refers to i2c.o(.text) for I2C_WriteByte
    sht20.o(.text) refers to fflt_clz.o(x$fpl$ffltu) for __aeabi_ui2f
    sht20.o(.text) refers to f2d.o(x$fpl$f2d) for __aeabi_f2d
    sht20.o(.text) refers to dmul.o(x$fpl$dmul) for __aeabi_dmul
    sht20.o(.text) refers to daddsub_clz.o(x$fpl$dadd) for __aeabi_dadd
    sht20.o(.text) refers to d2f.o(x$fpl$d2f) for __aeabi_d2f
    sht20.o(.text) refers to daddsub_clz.o(x$fpl$dsub) for __aeabi_dsub
    sht20.o(.text) refers to delay.o(.text) for DelayXms
[...]
    _printf_longlong_oct_internal            0x08005119   Thumb Code     0  _printf_oct_int_ll.o(.text)
    .text                                    0x08005188   Section        0  _printf_hex_int_ll_ptr.o(.text)
    _printf_hex_common                       0x08005189   Thumb Code     0  _printf_hex_int_ll_ptr.o(.text)
    .text                                    0x0800521c   Section        0  __printf_flags_ss_wp.o(.text)
    .text                                    0x080053a4   Section      138  lludiv10.o(.text)
    .text                                    0x0800542e   Section        0  _printf_intcommon.o(.text)
    .text                                    0x080054e0   Section        0  _printf_fp_dec.o(.text)
    _fp_digits                               0x080054e3   Thumb Code   428  _printf_fp_dec.o(.text)
    .text                                    0x080058f6   Section        0  _printf_char.o(.text)
    .text                                    0x08005922   Section        0  _printf_wchar.o(.text)
    .text                                    0x0800594e   Section        0  _wcrtomb.o(.text)
    .text                                    0x0800598e   Section       74  sys_stackheap_outer.o(.text)
    .text                                    0x080059d8   Section       16  rt_ctype_table.o(.text)
    .text                                    0x080059e8   Section        8  rt_locale_intlibspace.o(.text)
    .text                                    0x080059f0   Section        0  _printf_fp_infnan.o(.text)
    .text                                    0x08005a70   Section        0  bigflt0.o(.text)
    .text                                    0x08005b48   Section        0  exit.o(.text)
    .text                                    0x08005b54   Section        8  libspace.o(.text)
    .text                                    0x08005b5c   Section      128  strcmpv7m.o(.text)
    .text                                    0x08005bdc   Section        0  sys_exit.o(.text)
    .text                                    0x08005be8   Section        2  use_no_semi.o(.text)
    .text                                    0x08005bea   Section        0  indicate_semi.o(.text)
    CL$$btod_d2e                             0x08005bea   Section       62  btod.o(CL$$btod_d2e)
    CL$$btod_d2e_denorm_low                  0x08005c28   Section       70  btod.o(CL$$btod_d2e_denorm_low)
    CL$$btod_d2e_norm_op1                    0x08005c6e   Section       96  btod.o(CL$$btod_d2e_norm_op1)
    CL$$btod_div_common                      0x08005cce   Section      824  btod.o(CL$$btod_div_common)
    CL$$btod_e2e                             0x08006006   Section      198  btod.o(CL$$btod_e2e)
    CL$$btod_ediv                            0x080060cc   Section       40  btod.o(CL$$btod_ediv)
    CL$$btod_emul                            0x080060f4   Section       40  btod.o(CL$$btod_emul)
    CL$$btod_mult_common                     0x0800611c   Section      580  btod.o(CL$$btod_mult_common)
    i.__ARM_fpclassify                       0x08006360   Section        0  fpclassify.o(i.__ARM_fpclassify)
    i._is_digit                              0x08006388   Section        0  __printf_wp.o(i._is_digit)
    locale$$code                             0x08006398   Section       44  lc_numeric_c.o(locale$$code)
    locale$$code                             0x080063c4   Section       44  lc_ctype_c.o(locale$$code)
    x$fpl$d2f                                0x080063f0   Section       98  d2f.o(x$fpl$d2f)
    x$fpl$dadd                               0x08006454   Section      336  daddsub_clz.o(x$fpl$dadd)
    _dadd1                                   0x08006465   Thumb Code     0  daddsub_clz.o(x$fpl$dadd)
    x$fpl$dmul                               0x080065a4   Section      340  dmul.o(x$fpl$dmul)
    x$fpl$dnaninf                            0x080066f8   Section      156  dnaninf.o(x$fpl$dnaninf)
    x$fpl$dretinf                            0x08006794   Section       12  dretinf.o(x$fpl$dretinf)
    x$fpl$dsub                               0x080067a0   Section      468  daddsub_clz.o(x$fpl$dsub)
    _dsub1                                   0x080067b1   Thumb Code     0  daddsub_clz.o(x$fpl$dsub)
    x$fpl$f2d                                0x08006974   Section       86  f2d.o(x$fpl$f2d)
    x$fpl$ffixu                              0x080069cc   Section       62  ffixu.o(x$fpl$ffixu)
    x$fpl$ffltu                              0x08006a0c   Section       38  fflt_clz.o(x$fpl$ffltu)
    x$fpl$fnaninf                            0x08006a32   Section      140  fnaninf.o(x$fpl$fnaninf)
    x$fpl$fretinf                            0x08006abe   Section       10  fretinf.o(x$fpl$fretinf)
    x$fpl$printf1                            0x08006ac8   Section        4  printf1.o(x$fpl$printf1)
    .constdata                               0x08006acc   Section      256  os_core.o(.constdata)
    x$fpl$usenofp                            0x08006acc   Section        0  usenofp.o(x$fpl$usenofp)
    .constdata                               0x08006bcc   Section        8  _printf_wctomb.o(.constdata)
    initial_mbstate                          0x08006bcc   Data           8  _printf_wctomb.o(.constdata)
    .constdata                               0x08006bd4   Section       40  _printf_hex_int_ll_ptr.o(.constdata)
    uc_hextab                                0x08006bd4   Data          20  _printf_hex_int_ll_ptr.o(.constdata)
    lc_hextab                                0x08006be8   Data          20  _printf_hex_int_ll_ptr.o(.constdata)
    .constdata                               0x08006bfc   Section       17  __printf_flags_ss_wp.o(.constdata)
    maptable                                 0x08006bfc   Data          17  __printf_flags_ss_wp.o(.constdata)
    .constdata                               0x08006c10   Section      148  bigflt0.o(.constdata)
    tenpwrs_x                                0x08006c10   Data          60  bigflt0.o(.constdata)
    tenpwrs_i                                0x08006c4c   Data          64  bigflt0.o(.constdata)
    locale$$data                             0x08006cc4   Section       28  lc_numeric_c.o(locale$$data)
    __lcnum_c_name                           0x08006cc8   Data           2  lc_numeric_c.o(locale$$data)
    __lcnum_c_start                          0x08006cd0   Data           0  lc_numeric_c.o(locale$$data)
    __lcnum_c_point                          0x08006cdc   Data           0  lc_numeric_c.o(locale$$data)
    __lcnum_c_thousands                      0x08006cde   Data           0  lc_numeric_c.o(locale$$data)
    __lcnum_c_grouping                       0x08006cdf   Data           0  lc_numeric_c.o(locale$$data)
    locale$$data                             0x08006ce0   Section      272  lc_ctype_c.o(locale$$data)
    __lcnum_c_end                            0x08006ce0   Data           0  lc_numeric_c.o(locale$$data)
    __lcctype_c_name                         0x08006ce4   Data           2  lc_ctype_c.o(locale$$data)
    __lcctype_c_start                        0x08006cec   Data           0  lc_ctype_c.o(locale$$data)
    __lcctype_c_end                          0x08006df0   Data           0  lc_ctype_c.o(locale$$data)
    .data                                    0x20000000   Section       20  system_stm32f10x.o(.data)
    .data                                    0x20000014   Section       20  stm32f10x_rcc.o(.data)
    APBAHBPrescTable                         0x20000014   Data          16  stm32f10x_rcc.o(.data)
    ADCPrescTable                            0x20000024   Data           4  stm32f10x_rcc.o(.data)
    .data                                    0x20000028   Section        4  led.o(.data)
    .data                                    0x2000002c   Section        4  delay.o(.data)
    .data                                    0x20000030   Section        2  i2c.o(.data)
    .data                                    0x20000034   Section        6  os_cpu_c.o(.data)
    OSTmrCtr                                 0x20000038   Data           2  os_cpu_c.o(.data)
    .data                                    0x2000003c   Section       92  os_core.o(.data)
    .bss                                     0x20000098   Section      408  main.o(.bss)
    .bss                                     0x20000230   Section      512  os_cpu_c.o(.bss)
    .bss                                     0x20000430   Section     4272  os_core.o(.bss)
    .bss                                     0x200014e0   Section       96  libspace.o(.bss)
    HEAP                                     0x20001540   Section     1024  startup_stm32f10x_hd.o(HEAP)
    Heap_Mem                                 0x20001540   Data        1024  startup_stm32f10x_hd.o(HEAP)
    STACK                                    0x20001940   Section     1024  startup_stm32f10x_hd.o(STACK)
    Stack_Mem                                0x20001940   Data        1024  startup_stm32f10x_hd.o(STACK)
    __initial_sp                             0x20001d40   Data           0  startup_stm32f10x_hd.o(STACK)

    Global Symbols

    Symbol Name                              Value     Ov Type        Size  Object(Section)

    BuildAttributes$$THM_ISAv4$P$D$K$B$S$PE$A:L22UL41UL21$X:L11$S22US41US21$IEEE1$IW$USESV6$~STKCKD$USESV7$~SHL$OTIME$ROPI$IEEEJ$EBA8$UX$STANDARDLIB$REQ8$PRES8$EABIv2 0x00000000   Number         0  anon$$obj.o ABSOLUTE
    __ARM_use_no_argv                        0x00000000   Number         0  main.o ABSOLUTE
    _printf_flags                            0x00000000   Number         0  printf_stubs.o ABSOLUTE
    _printf_return_value                     0x00000000   Number         0  printf_stubs.o ABSOLUTE
    _printf_sizespec                         0x00000000   Number         0  printf_stubs.o ABSOLUTE
    _printf_widthprec                        0x00000000   Number         0  printf_stubs.o ABSOLUTE
    __ARM_exceptions_init                     - Undefined Weak Reference
    __alloca_initialize                       - Undefined Weak Reference
    __cpp_initialize__aeabi_                  - Undefined Weak Reference
    __cxa_finalize                            - Undefined Weak Reference
    __sigvec_lookup                           - Undefined Weak Reference
    _atexit_init                              - Undefined Weak Reference
    _call_atexit_fns                          - Undefined Weak Reference
    _clock_init                               - Undefined Weak Reference
    _fp_trap_init                             - Undefined Weak Reference
    _fp_trap_shutdown                         - Undefined Weak Reference
    _get_lc_collate                           - Undefined Weak Reference
    _get_lc_monetary                          - Undefined Weak Reference
    _get_lc_time                              - Undefined Weak Reference
    _getenv_init                              - Undefined Weak Reference
    _handle_redirection                       - Undefined Weak Reference
    _init_alloc                               - Undefined Weak Reference
    _init_user_alloc                          - Undefined Weak Reference
    _initio                                   - Undefined Weak Reference
    _printf_fp_hex                            - Undefined Weak Reference
    _printf_mbtowc                            - Undefined Weak Reference
    _printf_wc                                - Undefined Weak Reference
    _rand_init                                - Undefined Weak Reference
    _signal_finish                            - Undefined Weak Reference
    _signal_init                              - Undefined Weak Reference
    _terminate_alloc                          - Undefined Weak Reference
    _terminate_user_alloc                     - Undefined Weak Reference
    _terminateio                              - Undefined Weak Reference
    __Vectors_Size                           0x00000130   Number         0  startup_stm32f10x_hd.o ABSOLUTE
    __Vectors                                0x08000000   Data           4  startup_stm32f10x_hd.o(RESET)
    __Vectors_End                            0x08000130   Data           0  startup_stm32f10x_hd.o(RESET)
    __main                                   0x08000131   Thumb Code     8  __main.o(!!!main)
    __scatterload                            0x08000139   Thumb Code     0  __scatter.o(!!!scatter)
    __scatterload_rt2                        0x08000139   Thumb Code    44  __scatter.o(!!!scatter)
    __scatterload_rt2_thumb_only             0x08000139   Thumb Code     0  __scatter.o(!!!scatter)
    __scatterload_null                       0x08000147   Thumb Code     0  __scatter.o(!!!scatter)
    __scatterload_copy                       0x0800016d   Thumb Code    26  __scatter_copy.o(!!handler_copy)
    __scatterload_zeroinit                   0x08000189   Thumb Code    28  __scatter_zi.o(!!handler_zi)
    _printf_n                                0x080001a5   Thumb Code     0  _printf_n.o(.ARM.Collect$$_printf_percent$$00000001)
    _printf_percent                          0x080001a5   Thumb Code     0  _printf_percent.o(.ARM.Collect$$_printf_percent$$00000000)
    _printf_p                                0x080001ab   Thumb Code     0  _printf_p.o(.ARM.Collect$$_printf_percent$$00000002)
    _printf_f                                0x080001b1   Thumb Code     0  _printf_f.o(.ARM.Collect$$_printf_percent$$00000003)
    _printf_e                                0x080001b7   Thumb Code     0  _printf_e.o(.ARM.Collect$$_printf_percent$$00000004)
    _printf_g                                0x080001bd   Thumb Code     0  _printf_g.o(.ARM.Collect$$_printf_percent$$00000005)
    _printf_a                                0x080001c3   Thumb Code     0  _printf_a.o(.ARM.Collect$$_printf_percent$$00000006)
    _printf_ll                               0x080001c9   Thumb Code     0  _printf_ll.o(.ARM.Collect$$_printf_percent$$00000007)
    _printf_i                                0x080001d3   Thumb Code     0  _printf_i.o(.ARM.Collect$$_printf_percent$$00000008)
    _printf_d                                0x080001d9   Thumb Code     0  _printf_d.o(.ARM.Collect$$_printf_percent$$00000009)
    _printf_u                                0x080001df   Thumb Code     0  _printf_u.o(.ARM.Collect$$_printf_percent$$0000000A)
    _printf_o                                0x080001e5   Thumb Code     0  _printf_o.o(.ARM.Collect$$_printf_percent$$0000000B)
    _printf_x                                0x080001eb   Thumb Code     0  _printf_x.o(.ARM.Collect$$_printf_percent$$0000000C)
    _printf_lli                              0x080001f1   Thumb Code     0  _printf_lli.o(.ARM.Collect$$_printf_percent$$0000000D)
    _printf_lld                              0x080001f7   Thumb Code     0  _printf_lld.o(.ARM.Collect$$_printf_percent$$0000000E)
    _printf_llu                              0x080001fd   Thumb Code     0  _printf_llu.o(.ARM.Collect$$_printf_percent$$0000000F)
    _printf_llo                              0x08000203   Thumb Code     0  _printf_llo.o(.ARM.Collect$$_printf_percent$$00000010)
    _printf_llx                              0x08000209   Thumb Code     0  _printf_llx.o(.ARM.Collect$$_printf_percent$$00000011)
    _printf_l                                0x0800020f   Thumb Code     0  _printf_l.o(.ARM.Collect$$_printf_percent$$00000012)
    _printf_c                                0x08000219   Thumb Code     0  _printf_c.o(.ARM.Collect$$_printf_percent$$00000013)
    _printf_s                                0x0800021f   Thumb Code     0  _printf_s.o(.ARM.Collect$$_printf_percent$$00000014)
    _printf_lc                               0x08000225   Thumb Code     0  _printf_lc.o(.ARM.Collect$$_printf_percent$$00000015)
    _printf_ls                               0x0800022b   Thumb Code     0  _printf_ls.o(.ARM.Collect$$_printf_percent$$00000016)
    _printf_percent_end                      0x08000231   Thumb Code     0  _printf_percent_end.o(.ARM.Collect$$_printf_percent$$00000017)
    __rt_lib_init                            0x08000235   Thumb Code     0  libinit.o(.ARM.Collect$$libinit$$00000000)
    __rt_lib_init_fp_1                       0x08000237   Thumb Code     0  libinit2.o(.ARM.Collect$$libinit$$00000002)
    __rt_lib_init_heap_1                     0x08000237   Thumb Code     0  libinit2.o(.ARM.Collect$$libinit$$00000008)
    __rt_lib_init_lc_common                  0x08000237   Thumb Code     0  libinit2.o(.ARM.Collect$$libinit$$0000000D)
    __rt_lib_init_rand_1                     0x08000237   Thumb Code     0  libinit2.o(.ARM.Collect$$libinit$$0000000C)
    __rt_lib_init_user_alloc_1               0x08000237   Thumb Code     0  libinit2.o(.ARM.Collect$$libinit$$0000000A)
    __rt_lib_init_lc_collate_1               0x0800023d   Thumb Code     0  libinit2.o(.ARM.Collect$$libinit$$0000000F)
    __rt_lib_init_lc_ctype_2                 0x0800023d   Thumb Code     0  libinit2.o(.ARM.Collect$$libinit$$00000010)
    __rt_lib_init_lc_ctype_1                 0x08000249   Thumb Code     0  libinit2.o(.ARM.Collect$$libinit$$00000011)
    __rt_lib_init_lc_monetary_1              0x08000249   Thumb Code     0  libinit2.o(.ARM.Collect$$libinit$$00000013)
    __rt_lib_init_lc_numeric_2               0x08000249   Thumb Code     0  libinit2.o(.ARM.Collect$$libinit$$00000014)
    __rt_lib_init_alloca_1                   0x08000253   Thumb Code     0  libinit2.o(.ARM.Collect$$libinit$$0000002C)
    __rt_lib_init_argv_1                     0x08000253   Thumb Code     0  libinit2.o(.ARM.Collect$$libinit$$0000002A)
    __rt_lib_init_atexit_1                   0x08000253   Thumb Code     0  libinit2.o(.ARM.Collect$$libinit$$00000019)
    __rt_lib_init_clock_1                    0x08000253   Thumb Code     0  libinit2.o(.ARM.Collect$$libinit$$0000001F)
    __rt_lib_init_cpp_1                      0x08000253   Thumb Code     0  libinit2.o(.ARM.Collect$$libinit$$00000030)
    __rt_lib_init_exceptions_1               0x08000253   Thumb Code     0  libinit2.o(.ARM.Collect$$libinit$$0000002E)
    __rt_lib_init_fp_trap_1                  0x08000253   Thumb Code     0  libinit2.o(.ARM.Collect$$libinit$$0000001D)
    __rt_lib_init_getenv_1                   0x08000253   Thumb Code     0  libinit2.o(.ARM.Collect$$libinit$$00000021)
    __rt_lib_init_lc_numeric_1               0x08000253   Thumb Code     0  libinit2.o(.ARM.Collect$$libinit$$00000015)
    __rt_lib_init_lc_time_1                  0x08000253   Thumb Code     0  libinit2.o(.ARM.Collect$$libinit$$00000017)
    __rt_lib_init_return                     0x08000253   Thumb Code     0  libinit2.o(.ARM.Collect$$libinit$$00000031)
    __rt_lib_init_signal_1                   0x08000253   Thumb Code     0  libinit2.o(.ARM.Collect$$libinit$$0000001B)
    __rt_lib_init_stdio_1                    0x08000253   Thumb Code     0  libinit2.o(.ARM.Collect$$libinit$$00000023)
    __rt_lib_shutdown                        0x08000255   Thumb Code     0  libshutdown.o(.ARM.Collect$$libshutdown$$00000000)
    __rt_lib_shutdown_fp_trap_1              0x08000257   Thumb Code     0  libshutdown2.o(.ARM.Collect$$libshutdown$$00000006)
    __rt_lib_shutdown_heap_1                 0x08000257   Thumb Code     0  libshutdown2.o(.ARM.Collect$$libshutdown$$0000000E)
    __rt_lib_shutdown_return                 0x08000257   Thumb Code     0  libshutdown2.o(.ARM.Collect$$libshutdown$$0000000F)
    __rt_lib_shutdown_signal_1               0x08000257   Thumb Code     0  libshutdown2.o(.ARM.Collect$$libshutdown$$00000009)
    __rt_lib_shutdown_stdio_1                0x08000257   Thumb Code     0  libshutdown2.o(.ARM.Collect$$libshutdown$$00000003)
    __rt_lib_shutdown_user_alloc_1           0x08000257   Thumb Code     0  libshutdown2.o(.ARM.Collect$$libshutdown$$0000000B)
    __rt_entry                               0x08000259   Thumb Code     0  rtentry.o(.ARM.Collect$$rtentry$$00000000)
    __rt_entry_presh_1                       0x08000259   Thumb Code     0  rtentry2.o(.ARM.Collect$$rtentry$$00000002)
    __rt_entry_sh                            0x08000259   Thumb Code     0  rtentry4.o(.ARM.Collect$$rtentry$$00000004)
    __rt_entry_li                            0x0800025f   Thumb Code     0  rtentry2.o(.ARM.Collect$$rtentry$$0000000A)
    __rt_entry_postsh_1                      0x0800025f   Thumb Code     0  rtentry2.o(.ARM.Collect$$rtentry$$00000009)
    __rt_entry_main                          0x08000263   Thumb Code     0  rtentry2.o(.ARM.Collect$$rtentry$$0000000D)
    __rt_entry_postli_1                      0x08000263   Thumb Code     0  rtentry2.o(.ARM.Collect$$rtentry$$0000000C)
    __rt_exit                                0x0800026b   Thumb Code     0  rtexit.o(.ARM.Collect$$rtexit$$00000000)
    __rt_exit_ls                             0x0800026d   Thumb Code     0  rtexit2.o(.ARM.Collect$$rtexit$$00000003)
    __rt_exit_prels_1                        0x0800026d   Thumb Code     0  rtexit2.o(.ARM.Collect$$rtexit$$00000002)
    __rt_exit_exit                           0x08000271   Thumb Code     0  rtexit2.o(.ARM.Collect$$rtexit$$00000004)
    NMI_Handler                              0x08000277   Thumb Code     2  stm32f10x_it.o(.text)
    HardFault_Handler                        0x08000279   Thumb Code     4  stm32f10x_it.o(.text)
    MemManage_Handler                        0x0800027d   Thumb Code     4  stm32f10x_it.o(.text)
    BusFault_Handler                         0x08000281   Thumb Code     4  stm32f10x_it.o(.text)
    UsageFault_Handler                       0x08000285   Thumb Code     4  stm32f10x_it.o(.text)
    SVC_Handler                              0x08000289   Thumb Code     2  stm32f10x_it.o(.text)
    DebugMon_Handler                         0x0800028b   Thumb Code     2  stm32f10x_it.o(.text)
    SysTick_Handler                          0x0800028d   Thumb Code     2  stm32f10x_it.o(.text)
    EXTI0_IRQHandler                         0x0800028f   Thumb Code     2  stm32f10x_it.o(.text)
    RTC_IRQHandler                           0x08000291   Thumb Code     2  stm32f10x_it.o(.text)
    SystemInit                               0x08000373   Thumb Code    78  system_stm32f10x.o(.text)
    SystemCoreClockUpdate                    0x080003c1   Thumb Code   142  system_stm32f10x.o(.text)
    Reset_Handler                            0x0800047d   Thumb Code     8  startup_stm32f10x_hd.o(.text)
    ADC1_2_IRQHandler                        0x08000497   Thumb Code     0  startup_stm32f10x_hd.o(.text)
    ADC3_IRQHandler                          0x08000497   Thumb Code     0  startup_stm32f10x_hd.o(.text)
    CAN1_RX1_IRQHandler                      0x08000497   Thumb Code     0  startup_stm32f10x_hd.o(.text)
    CAN1_SCE_IRQHandler                      0x08000497   Thumb Code     0  startup_stm32f10x_hd.o(.text)
    DMA1_Channel1_IRQHandler                 0x08000497   Thumb Code     0  startup_stm32f10x_hd.o(.text)
    DMA1_Channel2_IRQHandler                 0x08000497   Thumb Code     0  startup_stm32f10x_hd.o(.text)
    DMA1_Channel3_IRQHandler                 0x08000497   Thumb Code     0  startup_stm32f10x_hd.o(.text)
    DMA1_Channel4_IRQHandler                 0x08000497   Thumb Code     0  startup_stm32f10x_hd.o(.text)
    DMA1_Channel5_IRQHandler                 0x08000497   Thumb Code     0  startup_stm32f10x_hd.o(.text)
    DMA1_Channel6_IRQHandler                 0x08000497   Thumb Code     0  startup_stm32f10x_hd.o(.text)
    DMA1_Channel7_IRQHandler                 0x08000497   Thumb Code     0  startup_stm32f10x_hd.o(.text)
    DMA2_Channel1_IRQHandler                 0x08000497   Thumb Code     0  startup_stm32f10x_hd.o(.text)
    DMA2_Channel2_IRQHandler                 0x08000497   Thumb Code     0  startup_stm32f10x_hd.o(.text)
    DMA2_Channel3_IRQHandler                 0x08000497   Thumb Code     0  startup_stm32f10x_hd.o(.text)
    DMA2_Channel4_5_IRQHandler               0x08000497   Thumb Code     0  startup_stm32f10x_hd.o(.text)
    EXTI1_IRQHandler                         0x08000497   Thumb Code     0  startup_stm32f10x_hd.o(.text)
    EXTI3_IRQHandler                         0x08000497   Thumb Code     0  startup_stm32f10x_hd.o(.text)
    EXTI4_IRQHandler                         0x08000497   Thumb Code     0  startup_stm32f10x_hd.o(.text)
    EXTI9_5_IRQHandler                       0x08000497   Thumb Code     0  startup_stm32f10x_hd.o(.text)
    FLASH_IRQHandler                         0x08000497   Thumb Code     0  startup_stm32f10x_hd.o(.text)
    FSMC_IRQHandler                          0x08000497   Thumb Code     0  startup_stm32f10x_hd.o(.text)
    I2C1_ER_IRQHandler                       0x08000497   Thumb Code     0  startup_stm32f10x_hd.o(.text)
    I2C1_EV_IRQHandler                       0x08000497   Thumb Code     0  startup_stm32f10x_hd.o(.text)
    I2C2_ER_IRQHandler                       0x08000497   Thumb Code     0  startup_stm32f10x_hd.o(.text)
    I2C2_EV_IRQHandler                       0x08000497   Thumb Code     0  startup_stm32f10x_hd.o(.text)
    PVD_IRQHandler                           0x08000497   Thumb Code     0  startup_stm32f10x_hd.o(.text)
    RCC_IRQHandler                           0x08000497   Thumb Code     0  startup_stm32f10x_hd.o(.text)
    RTCAlarm_IRQHandler                      0x08000497   Thumb Code     0  startup_stm32f10x_hd.o(.text)
    SDIO_IRQHandler                          0x08000497   Thumb Code     0  startup_stm32f10x_hd.o(.text)
    SPI1_IRQHandler                          0x08000497   Thumb Code     0  startup_stm32f10x_hd.o(.text)
    SPI2_IRQHandler                          0x08000497   Thumb Code     0  startup_stm32f10x_hd.o(.text)
    SPI3_IRQHandler                          0x08000497   Thumb Code     0  startup_stm32f10x_hd.o(.text)
    TAMPER_IRQHandler                        0x08000497   Thumb Code     0  startup_stm32f10x_hd.o(.text)
    TIM1_BRK_IRQHandler                      0x08000497   Thumb Code     0  startup_stm32f10x_hd.o(.text)
    TIM1_CC_IRQHandler                       0x08000497   Thumb Code     0  startup_stm32f10x_hd.o(.text)
    TIM1_TRG_COM_IRQHandler                  0x08000497   Thumb Code     0  startup_stm32f10x_hd.o(.text)
    TIM1_UP_IRQHandler                       0x08000497   Thumb Code     0  startup_stm32f10x_hd.o(.text)
    TIM2_IRQHandler                          0x08000497   Thumb Code     0  startup_stm32f10x_hd.o(.text)
    TIM3_IRQHandler                          0x08000497   Thumb Code     0  startup_stm32f10x_hd.o(.text)
    TIM4_IRQHandler                          0x08000497   Thumb Code     0  startup_stm32f10x_hd.o(.text)
    TIM5_IRQHandler                          0x08000497   Thumb Code     0  startup_stm32f10x_hd.o(.text)
    TIM6_IRQHandler                          0x08000497   Thumb Code     0  startup_stm32f10x_hd.o(.text)
    TIM7_IRQHandler                          0x08000497   Thumb Code     0  startup_stm32f10x_hd.o(.text)
    TIM8_BRK_IRQHandler                      0x08000497   Thumb Code     0  startup_stm32f10x_hd.o(.text)
    TIM8_CC_IRQHandler                       0x08000497   Thumb Code     0  startup_stm32f10x_hd.o(.text)
    TIM8_TRG_COM_IRQHandler                  0x08000497   Thumb Code     0  startup_stm32f10x_hd.o(.text)
    TIM8_UP_IRQHandler                       0x08000497   Thumb Code     0  startup_stm32f10x_hd.o(.text)
    UART4_IRQHandler                         0x08000497   Thumb Code     0  startup_stm32f10x_hd.o(.text)
    UART5_IRQHandler                         0x08000497   Thumb Code     0  startup_stm32f10x_hd.o(.text)
    USART3_IRQHandler                        0x08000497   Thumb Code     0  startup_stm32f10x_hd.o(.text)
    USBWakeUp_IRQHandler                     0x08000497   Thumb Code     0  startup_stm32f10x_hd.o(.text)
    USB_HP_CAN1_TX_IRQHandler                0x08000497   Thumb Code     0  startup_stm32f10x_hd.o(.text)
    USB_LP_CAN1_RX0_IRQHandler               0x08000497   Thumb Code     0  startup_stm32f10x_hd.o(.text)
    WWDG_IRQHandler                          0x08000497   Thumb Code     0  startup_stm32f10x_hd.o(.text)
    __user_initial_stackheap                 0x08000499   Thumb Code     0  startup_stm32f10x_hd.o(.text)
    NVIC_PriorityGroupConfig                 0x080004bd   Thumb Code    10  misc.o(.text)
    NVIC_Init                                0x080004c7   Thumb Code   100  misc.o(.text)
    NVIC_SetVectorTable                      0x0800052b   Thumb Code    14  misc.o(.text)
    NVIC_SystemLPConfig                      0x08000539   Thumb Code    34  misc.o(.text)
    SysTick_CLKSourceConfig                  0x0800055b   Thumb Code    40  misc.o(.text)
    GPIO_DeInit                              0x08000599   Thumb Code   172  stm32f10x_gpio.o(.text)
    GPIO_AFIODeInit                          0x08000645   Thumb Code    20  stm32f10x_gpio.o(.text)
    GPIO_Init                                0x08000659   Thumb Code   278  stm32f10x_gpio.o(.text)
    GPIO_StructInit                          0x0800076f   Thumb Code    16  stm32f10x_gpio.o(.text)
    GPIO_ReadInputDataBit                    0x0800077f   Thumb Code    18  stm32f10x_gpio.o(.text)
    GPIO_ReadInputData                       0x08000791   Thumb Code     8  stm32f10x_gpio.o(.text)
    GPIO_ReadOutputDataBit                   0x08000799   Thumb Code    18  stm32f10x_gpio.o(.text)
    GPIO_ReadOutputData                      0x080007ab   Thumb Code     8  stm32f10x_gpio.o(.text)
    GPIO_SetBits                             0x080007b3   Thumb Code     4  stm32f10x_gpio.o(.text)
    GPIO_ResetBits                           0x080007b7   Thumb Code     4  stm32f10x_gpio.o(.text)
    GPIO_WriteBit                            0x080007bb   Thumb Code    10  stm32f10x_gpio.o(.text)
    GPIO_Write                               0x080007c5   Thumb Code     4  stm32f10x_gpio.o(.text)
    GPIO_PinLockConfig                       0x080007c9   Thumb Code    18  stm32f10x_gpio.o(.text)
    GPIO_EventOutputConfig                   0x080007db   Thumb Code    26  stm32f10x_gpio.o(.text)
    GPIO_EventOutputCmd                      0x080007f5   Thumb Code     6  stm32f10x_gpio.o(.text)
    GPIO_PinRemapConfig                      0x080007fb   Thumb Code   138  stm32f10x_gpio.o(.text)
    GPIO_EXTILineConfig                      0x08000885   Thumb Code    66  stm32f10x_gpio.o(.text)
    GPIO_ETH_MediaInterfaceConfig            0x080008c7   Thumb Code     8  stm32f10x_gpio.o(.text)
    RCC_DeInit                               0x080008f5   Thumb Code    64  stm32f10x_rcc.o(.text)
    RCC_HSEConfig                            0x08000935   Thumb Code    70  stm32f10x_rcc.o(.text)
    RCC_GetFlagStatus                        0x0800097b   Thumb Code    56  stm32f10x_rcc.o(.text)
    RCC_WaitForHSEStartUp                    0x080009b3   Thumb Code    56  stm32f10x_rcc.o(.text)
    RCC_AdjustHSICalibrationValue            0x080009eb   Thumb Code    20  stm32f10x_rcc.o(.text)
    RCC_HSICmd                               0x080009ff   Thumb Code     6  stm32f10x_rcc.o(.text)
    RCC_PLLConfig                            0x08000a05   Thumb Code    24  stm32f10x_rcc.o(.text)
    RCC_PLLCmd                               0x08000a1d   Thumb Code     6  stm32f10x_rcc.o(.text)
    RCC_SYSCLKConfig                         0x08000a23   Thumb Code    18  stm32f10x_rcc.o(.text)
    RCC_GetSYSCLKSource                      0x08000a35   Thumb Code    10  stm32f10x_rcc.o(.text)
    RCC_HCLKConfig                           0x08000a3f   Thumb Code    18  stm32f10x_rcc.o(.text)
    RCC_PCLK1Config                          0x08000a51   Thumb Code    18  stm32f10x_rcc.o(.text)
    RCC_PCLK2Config                          0x08000a63   Thumb Code    20  stm32f10x_rcc.o(.text)
    RCC_ITConfig                             0x08000a77   Thumb Code    26  stm32f10x_rcc.o(.text)
    RCC_USBCLKConfig                         0x08000a91   Thumb Code     8  stm32f10x_rcc.o(.text)
    RCC_ADCCLKConfig                         0x08000a99   Thumb Code    18  stm32f10x_rcc.o(.text)
    RCC_LSEConfig                            0x08000aab   Thumb Code    50  stm32f10x_rcc.o(.text)
    RCC_LSICmd                               0x08000add   Thumb Code     6  stm32f10x_rcc.o(.text)
    RCC_RTCCLKConfig                         0x08000ae3   Thumb Code    12  stm32f10x_rcc.o(.text)
    RCC_RTCCLKCmd                            0x08000aef   Thumb Code     8  stm32f10x_rcc.o(.text)
    RCC_GetClocksFreq                        0x08000af7   Thumb Code   192  stm32f10x_rcc.o(.text)
    RCC_AHBPeriphClockCmd                    0x08000bb7   Thumb Code    26  stm32f10x_rcc.o(.text)
    RCC_APB2PeriphClockCmd                   0x08000bd1   Thumb Code    26  stm32f10x_rcc.o(.text)
    RCC_APB1PeriphClockCmd                   0x08000beb   Thumb Code    26  stm32f10x_rcc.o(.text)
    RCC_APB2PeriphResetCmd                   0x08000c05   Thumb Code    26  stm32f10x_rcc.o(.text)
    RCC_APB1PeriphResetCmd                   0x08000c1f   Thumb Code    26  stm32f10x_rcc.o(.text)
    RCC_BackupResetCmd                       0x08000c39   Thumb Code     8  stm32f10x_rcc.o(.text)
    RCC_ClockSecuritySystemCmd               0x08000c41   Thumb Code     6  stm32f10x_rcc.o(.text)
    RCC_MCOConfig                            0x08000c47   Thumb Code     6  stm32f10x_rcc.o(.text)
    RCC_ClearFlag                            0x08000c4d   Thumb Code    14  stm32f10x_rcc.o(.text)
    RCC_GetITStatus                          0x08000c5b   Thumb Code    20  stm32f10x_rcc.o(.text)
    RCC_ClearITPendingBit                    0x08000c6f   Thumb Code     6  stm32f10x_rcc.o(.text)
    USART_DeInit                             0x08000ca1   Thumb Code   134  stm32f10x_usart.o(.text)
    USART_Init                               0x08000d27   Thumb Code   210  stm32f10x_usart.o(.text)
    USART_StructInit                         0x08000df9   Thumb Code    24  stm32f10x_usart.o(.text)
    USART_ClockInit                          0x08000e11   Thumb Code    34  stm32f10x_usart.o(.text)
    USART_ClockStructInit                    0x08000e33   Thumb Code    12  stm32f10x_usart.o(.text)
    USART_Cmd                                0x08000e3f   Thumb Code    24  stm32f10x_usart.o(.text)
    USART_ITConfig                           0x08000e57   Thumb Code    74  stm32f10x_usart.o(.text)
    USART_DMACmd                             0x08000ea1   Thumb Code    18  stm32f10x_usart.o(.text)
    USART_SetAddress                         0x08000eb3   Thumb Code    18  stm32f10x_usart.o(.text)
    USART_WakeUpConfig                       0x08000ec5   Thumb Code    18  stm32f10x_usart.o(.text)
    USART_ReceiverWakeUpCmd                  0x08000ed7   Thumb Code    24  stm32f10x_usart.o(.text)
    USART_LINBreakDetectLengthConfig         0x08000eef   Thumb Code    18  stm32f10x_usart.o(.text)
    USART_LINCmd                             0x08000f01   Thumb Code    24  stm32f10x_usart.o(.text)
    USART_SendData                           0x08000f19   Thumb Code     8  stm32f10x_usart.o(.text)
    USART_ReceiveData                        0x08000f21   Thumb Code    10  stm32f10x_usart.o(.text)
    USART_SendBreak                          0x08000f2b   Thumb Code    10  stm32f10x_usart.o(.text)
    USART_SetGuardTime                       0x08000f35   Thumb Code    16  stm32f10x_usart.o(.text)
    USART_SetPrescaler                       0x08000f45   Thumb Code    16  stm32f10x_usart.o(.text)
    USART_SmartCardCmd                       0x08000f55   Thumb Code    24  stm32f10x_usart.o(.text)
    USART_SmartCardNACKCmd                   0x08000f6d   Thumb Code    24  stm32f10x_usart.o(.text)
    USART_HalfDuplexCmd                      0x08000f85   Thumb Code    24  stm32f10x_usart.o(.text)
    USART_OverSampling8Cmd                   0x08000f9d   Thumb Code    22  stm32f10x_usart.o(.text)
    USART_OneBitMethodCmd                    0x08000fb3   Thumb Code    24  stm32f10x_usart.o(.text)
    USART_IrDAConfig                         0x08000fcb   Thumb Code    18  stm32f10x_usart.o(.text)
    USART_IrDACmd                            0x08000fdd   Thumb Code    24  stm32f10x_usart.o(.text)
    USART_GetFlagStatus                      0x08000ff5   Thumb Code    26  stm32f10x_usart.o(.text)
    USART_ClearFlag                          0x0800100f   Thumb Code    18  stm32f10x_usart.o(.text)
    USART_GetITStatus                        0x08001021   Thumb Code    84  stm32f10x_usart.o(.text)
    USART_ClearITPendingBit                  0x08001075   Thumb Code    52  stm32f10x_usart.o(.text)
    EXTI_DeInit                              0x080010a9   Thumb Code    28  stm32f10x_exti.o(.text)
    EXTI_Init                                0x080010c5   Thumb Code   142  stm32f10x_exti.o(.text)
    EXTI_StructInit                          0x08001153   Thumb Code    16  stm32f10x_exti.o(.text)
    EXTI_GenerateSWInterrupt                 0x08001163   Thumb Code    16  stm32f10x_exti.o(.text)
    EXTI_GetFlagStatus                       0x08001173   Thumb Code    22  stm32f10x_exti.o(.text)
    EXTI_ClearFlag                           0x08001189   Thumb Code     8  stm32f10x_exti.o(.text)
    EXTI_GetITStatus                         0x08001191   Thumb Code    34  stm32f10x_exti.o(.text)
    EXTI_ClearITPendingBit                   0x080011b3   Thumb Code     8  stm32f10x_exti.o(.text)
    Led7_Set                                 0x080011c5   Thumb Code    40  led.o(.text)
    Led6_Set                                 0x080011ed   Thumb Code    40  led.o(.text)
    Led5_Set                                 0x08001215   Thumb Code    40  led.o(.text)
    Led4_Set                                 0x0800123d   Thumb Code    38  led.o(.text)
    Led_Init                                 0x08001263   Thumb Code    80  led.o(.text)
    WaterLights                              0x080012b3   Thumb Code   104  led.o(.text)
    Delay_Init                               0x08001335   Thumb Code    48  delay.o(.text)
    DelayUs                                  0x08001365   Thumb Code    60  delay.o(.text)
    DelayXms                                 0x080013a1   Thumb Code    66  delay.o(.text)
    DelayMs                                  0x080013e3   Thumb Code    60  delay.o(.text)
    Usart1_Init                              0x08001429   Thumb Code   166  usart.o(.text)
    Usart2_Init                              0x080014cf   Thumb Code   162  usart.o(.text)
    Usart_SendString                         0x08001571   Thumb Code    50  usart.o(.text)
    UsartPrintf                              0x080015a3   Thumb Code    68  usart.o(.text)
    Usart1_IO_WaitRecive                     0x080015e7   Thumb Code    42  usart.o(.text)
    Usart2_IO_WaitRecive                     0x08001611   Thumb Code    42  usart.o(.text)
    USART1_IRQHandler                        0x0800163b   Thumb Code    62  usart.o(.text)
    USART2_IRQHandler                        0x08001679   Thumb Code    62  usart.o(.text)
    Usart2_Send_Cmd                          0x080016b7   Thumb Code    44  usart.o(.text)
    Key_Init                                 0x080016f9   Thumb Code    54  key.o(.text)
    KeyScan                                  0x0800172f   Thumb Code    54  key.o(.text)
    Keyboard                                 0x08001765   Thumb Code   128  key.o(.text)
    Exti_Key_Init                            0x080017ed   Thumb Code   166  exti.o(.text)
    EXTI15_10_IRQHandler                     0x08001893   Thumb Code   130  exti.o(.text)
    EXTI2_IRQHandler                         0x08001915   Thumb Code    42  exti.o(.text)
    IIC_SpeedCtl                             0x08001949   Thumb Code     6  i2c.o(.text)
    IIC_Init                                 0x0800194f   Thumb Code    66  i2c.o(.text)
    IIC_Start                                0x08001991   Thumb Code    60  i2c.o(.text)
    IIC_Stop                                 0x080019cd   Thumb Code    60  i2c.o(.text)
    IIC_WaitAck                              0x08001a09   Thumb Code   100  i2c.o(.text)
    IIC_Ack                                  0x08001a6d   Thumb Code    60  i2c.o(.text)
    IIC_NAck                                 0x08001aa9   Thumb Code    60  i2c.o(.text)
    IIC_SendByte                             0x08001ae5   Thumb Code    96  i2c.o(.text)
    IIC_RecvByte                             0x08001b45   Thumb Code    86  i2c.o(.text)
    I2C_WriteByte                            0x08001b9b   Thumb Code    92  i2c.o(.text)
    I2C_ReadByte                             0x08001bf7   Thumb Code   106  i2c.o(.text)
    I2C_WriteBytes                           0x08001c61   Thumb Code   116  i2c.o(.text)
    I2C_ReadBytes                            0x08001cd5   Thumb Code   168  i2c.o(.text)
    SHT20_Reset                              0x08001d7d   Thumb Code    14  sht20.o(.text)
    SHT20_read_user_reg                      0x08001d8b   Thumb Code    22  sht20.o(.text)
    SHT2x_CheckCrc                           0x08001da1   Thumb Code    74  sht20.o(.text)
    SHT2x_CalcTemperatureC                   0x08001deb   Thumb Code    60  sht20.o(.text)
    SHT2x_CalcRH                             0x08001e27   Thumb Code    60  sht20.o(.text)
    SHT2x_MeasureHM                          0x08001e63   Thumb Code   208  sht20.o(.text)
    SHT20_GetValue                           0x08001f33   Thumb Code   112  sht20.o(.text)
    ADXL345_Init                             0x08001fc1   Thumb Code   166  adxl345.o(.text)
    ADXL345_GetValue                         0x08002067   Thumb Code   246  adxl345.o(.text)
    Hardware_Init                            0x08002165   Thumb Code    44  main.o(.text)
    main                                     0x08002191   Thumb Code   126  main.o(.text)
    OSInitHookBegin                          0x08002259   Thumb Code    30  os_cpu_c.o(.text)
    OSInitHookEnd                            0x08002277   Thumb Code     2  os_cpu_c.o(.text)
    OSTaskCreateHook                         0x08002279   Thumb Code     2  os_cpu_c.o(.text)
    OSTaskDelHook                            0x0800227b   Thumb Code     2  os_cpu_c.o(.text)
    OSTaskIdleHook                           0x0800227d   Thumb Code     2  os_cpu_c.o(.text)
    OSTaskReturnHook                         0x0800227f   Thumb Code     2  os_cpu_c.o(.text)
    OSTaskStatHook                           0x08002281   Thumb Code     2  os_cpu_c.o(.text)
    OSTaskStkInit                            0x08002283   Thumb Code   152  os_cpu_c.o(.text)
    OSTaskSwHook                             0x0800231b   Thumb Code     2  os_cpu_c.o(.text)
    OSTCBInitHook                            0x0800231d   Thumb Code     2  os_cpu_c.o(.text)
    OSTimeTickHook                           0x0800231f   Thumb Code    30  os_cpu_c.o(.text)
    OS_CPU_SysTickHandler                    0x0800233d   Thumb Code    34  os_cpu_c.o(.text)
    OS_CPU_SysTickInit                       0x0800235f   Thumb Code    42  os_cpu_c.o(.text)
    OS_CPU_SR_Save                           0x080023a5   Thumb Code     0  os_cpu_a.o(.text)
    OS_CPU_SR_Restore                        0x080023ad   Thumb Code     0  os_cpu_a.o(.text)
    OSStartHighRdy                           0x080023b3   Thumb Code     0  os_cpu_a.o(.text)
    OSCtxSw                                  0x080023d5   Thumb Code     0  os_cpu_a.o(.text)
    OSIntCtxSw                               0x080023e3   Thumb Code     0  os_cpu_a.o(.text)
    PendSV_Handler                           0x080023f3   Thumb Code     0  os_cpu_a.o(.text)
    OS_TaskStatStkChk                        0x08002459   Thumb Code    54  os_core.o(.text)
    OS_TaskStat                              0x0800248f   Thumb Code   116  os_core.o(.text)
    OS_TaskIdle                              0x08002537   Thumb Code    34  os_core.o(.text)
    OS_MemClr                                0x0800258d   Thumb Code    18  os_core.o(.text)
    OSInit                                   0x080026ad   Thumb Code    48  os_core.o(.text)
    OSIntEnter                               0x080026dd   Thumb Code    28  os_core.o(.text)
    OSIntExit                                0x08002713   Thumb Code   112  os_core.o(.text)
    OSSchedLock                              0x08002783   Thumb Code    50  os_core.o(.text)
    OS_Sched                                 0x080027b5   Thumb Code    88  os_core.o(.text)
    OSSchedUnlock                            0x0800280d   Thumb Code   236  os_core.o(.text)
    OSStart                                  0x080028f9   Thumb Code    48  os_core.o(.text)
    OSStatInit                               0x08002929   Thumb Code    62  os_core.o(.text)
    OSTimeTick                               0x08002967   Thumb Code   210  os_core.o(.text)
    OSVersion                                0x08002a39   Thumb Code     6  os_core.o(.text)
    OS_Dummy                                 0x08002a3f   Thumb Code     2  os_core.o(.text)
    OS_EventTaskRemove                       0x08002a41   Thumb Code    42  os_core.o(.text)
    OS_EventTaskRdy                          0x08002a6b   Thumb Code   114  os_core.o(.text)
    OS_EventTaskWait                         0x08002add   Thumb Code   112  os_core.o(.text)
    OS_EventWaitListInit                     0x08002b4d   Thumb Code    28  os_core.o(.text)
    OS_MemCopy                               0x08002b69   Thumb Code    20  os_core.o(.text)
    OS_StrLen                                0x08002b7d   Thumb Code    20  os_core.o(.text)
    OS_TCBInit                               0x08002b91   Thumb Code   280  os_core.o(.text)
    OSFlagAccept                             0x08002ced   Thumb Code   252  os_flag.o(.text)
    OSFlagCreate                             0x08002de9   Thumb Code    86  os_flag.o(.text)
    OS_FlagUnlink                            0x08002e3f   Thumb Code    36  os_flag.o(.text)
    OSFlagDel                                0x08002eb5   Thumb Code   214  os_flag.o(.text)
    OSFlagNameGet                            0x08002f8b   Thumb Code    80  os_flag.o(.text)
    OSFlagNameSet                            0x08002fdb   Thumb Code    66  os_flag.o(.text)
    OSFlagPend                               0x080030b5   Thumb Code   614  os_flag.o(.text)
    OSFlagPendGetFlagsRdy                    0x0800331b   Thumb Code    26  os_flag.o(.text)
    OSFlagPost                               0x08003335   Thumb Code   312  os_flag.o(.text)
    OSFlagQuery                              0x0800346d   Thumb Code    48  os_flag.o(.text)
    OS_FlagInit                              0x0800349d   Thumb Code    78  os_flag.o(.text)
    OSQAccept                                0x080034f9   Thumb Code    88  os_q.o(.text)
    OSQCreate                                0x08003551   Thumb Code   140  os_q.o(.text)
    OSQDel                                   0x080035dd   Thumb Code   236  os_q.o(.text)
    OSQFlush                                 0x080036c9   Thumb Code    36  os_q.o(.text)
    OSQPend                                  0x080036ed   Thumb Code   272  os_q.o(.text)
    OSQPendAbort                             0x080037fd   Thumb Code   128  os_q.o(.text)
    OSQPost                                  0x0800387d   Thumb Code   114  os_q.o(.text)
    OSQPostFront                             0x080038ef   Thumb Code   136  os_q.o(.text)
    OSQPostOpt                               0x08003977   Thumb Code   182  os_q.o(.text)
    OSQQuery                                 0x08003a2d   Thumb Code    98  os_q.o(.text)
    OS_QInit                                 0x08003a8f   Thumb Code    72  os_q.o(.text)
    OSSemAccept                              0x08003ae1   Thumb Code    42  os_sem.o(.text)
    OSSemCreate                              0x08003b0b   Thumb Code    68  os_sem.o(.text)
    OSSemDel                                 0x08003b4f   Thumb Code   200  os_sem.o(.text)
    OSSemPend                                0x08003c17   Thumb Code   222  os_sem.o(.text)
    OSSemPendAbort                           0x08003cf5   Thumb Code   128  os_sem.o(.text)
    OSSemPost                                0x08003d75   Thumb Code    88  os_sem.o(.text)
    OSSemQuery                               0x08003dcd   Thumb Code    76  os_sem.o(.text)
    OSSemSet                                 0x08003e19   Thumb Code    66  os_sem.o(.text)
    OSTaskChangePrio                         0x08003e6d   Thumb Code   308  os_task.o(.text)
    OSTaskCreate                             0x08003fa1   Thumb Code   148  os_task.o(.text)
    OS_TaskStkClr                            0x08004035   Thumb Code    26  os_task.o(.text)
    OSTaskCreateExt                          0x0800404f   Thumb Code   170  os_task.o(.text)
    OSTaskDel                                0x080040f9   Thumb Code   294  os_task.o(.text)
    OSTaskDelReq                             0x0800421f   Thumb Code   144  os_task.o(.text)
    OSTaskNameGet                            0x080042af   Thumb Code   114  os_task.o(.text)
    OSTaskNameSet                            0x08004321   Thumb Code    98  os_task.o(.text)
    OSTaskResume                             0x08004383   Thumb Code   154  os_task.o(.text)
    OSTaskStkChk                             0x0800441d   Thumb Code   128  os_task.o(.text)
    OSTaskSuspend                            0x0800449d   Thumb Code   152  os_task.o(.text)
    OSTaskQuery                              0x08004535   Thumb Code    82  os_task.o(.text)
    OSTaskRegGet                             0x08004587   Thumb Code    60  os_task.o(.text)
    OSTaskRegSet                             0x080045c3   Thumb Code    62  os_task.o(.text)
    OS_TaskReturn                            0x08004601   Thumb Code    18  os_task.o(.text)
    OSTimeDly                                0x0800462d   Thumb Code   100  os_time.o(.text)
    OSTimeDlyHMSM                            0x08004691   Thumb Code    86  os_time.o(.text)
    OSTimeDlyResume                          0x080046e7   Thumb Code   168  os_time.o(.text)
    OSTimeGet                                0x0800478f   Thumb Code    24  os_time.o(.text)
    OSTimeSet                                0x080047a7   Thumb Code    24  os_time.o(.text)
    OSTmrCreate                              0x0800480f   Thumb Code   108  os_tmr.o(.text)
    OSTmrDel                                 0x080048f3   Thumb Code   124  os_tmr.o(.text)
    OSTmrNameGet                             0x0800496f   Thumb Code   114  os_tmr.o(.text)
    OSTmrRemainGet                           0x080049e1   Thumb Code   164  os_tmr.o(.text)
    OSTmrStateGet                            0x08004a85   Thumb Code    86  os_tmr.o(.text)
    OSTmrStart                               0x08004b3f   Thumb Code   158  os_tmr.o(.text)
    OSTmrStop                                0x08004bdd   Thumb Code   180  os_tmr.o(.text)
    OSTmrSignal                              0x08004c91   Thumb Code    16  os_tmr.o(.text)
    OSTmr_Init                               0x08004d45   Thumb Code   152  os_tmr.o(.text)
    __c89vsprintf                            0x08004e1d   Thumb Code    32  c89vsprintf.o(.text)
    __use_two_region_memory                  0x08004e41   Thumb Code     2  heapauxi.o(.text)
    __rt_heap_escrow$2region                 0x08004e43   Thumb Code     2  heapauxi.o(.text)
    __rt_heap_expand$2region                 0x08004e45   Thumb Code     2  heapauxi.o(.text)
    _printf_pre_padding                      0x08004e47   Thumb Code    44  _printf_pad.o(.text)
    _printf_post_padding                     0x08004e73   Thumb Code    34  _printf_pad.o(.text)
    _printf_truncate_signed                  0x08004e95   Thumb Code    18  _printf_truncate.o(.text)
    _printf_truncate_unsigned                0x08004ea7   Thumb Code    18  _printf_truncate.o(.text)
    _printf_str                              0x08004eb9   Thumb Code    82  _printf_str.o(.text)
    _printf_int_dec                          0x08004f0d   Thumb Code   100  _printf_dec.o(.text)
    _printf_charcount                        0x08004f81   Thumb Code    40  _printf_charcount.o(.text)
    _printf_char_common                      0x08004fb3   Thumb Code    32  _printf_char_common.o(.text)
    _sputc                                   0x08004fd9   Thumb Code    10  _sputc.o(.text)
    _printf_wctomb                           0x08004fe5   Thumb Code   182  _printf_wctomb.o(.text)
    _printf_longlong_dec                     0x080050a1   Thumb Code   104  _printf_longlong_dec.o(.text)
    _printf_longlong_oct                     0x08005119   Thumb Code    68  _printf_oct_int_ll.o(.text)
    _printf_int_oct                          0x0800515d   Thumb Code    24  _printf_oct_int_ll.o(.text)
    _printf_ll_oct                           0x08005175   Thumb Code    12  _printf_oct_int_ll.o(.text)
    _printf_longlong_hex                     0x08005189   Thumb Code    86  _printf_hex_int_ll_ptr.o(.text)
    _printf_int_hex                          0x080051df   Thumb Code    28  _printf_hex_int_ll_ptr.o(.text)
    _printf_ll_hex                           0x080051fb   Thumb Code    12  _printf_hex_int_ll_ptr.o(.text)
    _printf_hex_ptr                          0x08005207   Thumb Code    18  _printf_hex_int_ll_ptr.o(.text)
    __printf                                 0x0800521d   Thumb Code   388  __printf_flags_ss_wp.o(.text)
    _ll_udiv10                               0x080053a5   Thumb Code   138  lludiv10.o(.text)
    _printf_int_common                       0x0800542f   Thumb Code   178  _printf_intcommon.o(.text)
    __lib_sel_fp_printf                      0x080054e1   Thumb Code     2  _printf_fp_dec.o(.text)
    _printf_fp_dec_real                      0x0800568f   Thumb Code   616  _printf_fp_dec.o(.text)
    _printf_cs_common                        0x080058f7   Thumb Code    20  _printf_char.o(.text)
    _printf_char                             0x0800590b   Thumb Code    16  _printf_char.o(.text)
    _printf_string                           0x0800591b   Thumb Code     8  _printf_char.o(.text)
    _printf_lcs_common                       0x08005923   Thumb Code    20  _printf_wchar.o(.text)
    _printf_wchar                            0x08005937   Thumb Code    16  _printf_wchar.o(.text)
    _printf_wstring                          0x08005947   Thumb Code     8  _printf_wchar.o(.text)
    _wcrtomb                                 0x0800594f   Thumb Code    64  _wcrtomb.o(.text)
    __user_setup_stackheap                   0x0800598f   Thumb Code    74  sys_stackheap_outer.o(.text)
    __rt_ctype_table                         0x080059d9   Thumb Code    16  rt_ctype_table.o(.text)
    __rt_locale                              0x080059e9   Thumb Code     8  rt_locale_intlibspace.o(.text)
    _printf_fp_infnan                        0x080059f1   Thumb Code   112  _printf_fp_infnan.o(.text)
    _btod_etento                             0x08005a71   Thumb Code   212  bigflt0.o(.text)
    exit                                     0x08005b49   Thumb Code    12  exit.o(.text)
    __user_libspace                          0x08005b55   Thumb Code     8  libspace.o(.text)
    __user_perproc_libspace                  0x08005b55   Thumb Code     0  libspace.o(.text)
    __user_perthread_libspace                0x08005b55   Thumb Code     0  libspace.o(.text)
    strcmp                                   0x08005b5d   Thumb Code   128  strcmpv7m.o(.text)
    _sys_exit                                0x08005bdd   Thumb Code     8  sys_exit.o(.text)
    __I$use$semihosting                      0x08005be9   Thumb Code     0  use_no_semi.o(.text)
    __use_no_semihosting_swi                 0x08005be9   Thumb Code     2  use_no_semi.o(.text)
    __semihosting_library_function           0x08005beb   Thumb Code     0  indicate_semi.o(.text)
    _btod_d2e                                0x08005beb   Thumb Code    62  btod.o(CL$$btod_d2e)
    _d2e_denorm_low                          0x08005c29   Thumb Code    70  btod.o(CL$$btod_d2e_denorm_low)
    _d2e_norm_op1                            0x08005c6f   Thumb Code    96  btod.o(CL$$btod_d2e_norm_op1)
    __btod_div_common                        0x08005ccf   Thumb Code   696  btod.o(CL$$btod_div_common)
    _e2e                                     0x08006007   Thumb Code   198  btod.o(CL$$btod_e2e)
    _btod_ediv                               0x080060cd   Thumb Code    40  btod.o(CL$$btod_ediv)
    _btod_emul                               0x080060f5   Thumb Code    40  btod.o(CL$$btod_emul)
    __btod_mult_common                       0x0800611d   Thumb Code   580  btod.o(CL$$btod_mult_common)
    __ARM_fpclassify                         0x08006361   Thumb Code    40  fpclassify.o(i.__ARM_fpclassify)
    _is_digit                                0x08006389   Thumb Code    14  __printf_wp.o(i._is_digit)
    _get_lc_numeric                          0x08006399   Thumb Code    44  lc_numeric_c.o(locale$$code)
    _get_lc_ctype                            0x080063c5   Thumb Code    44  lc_ctype_c.o(locale$$code)
    __aeabi_d2f                              0x080063f1   Thumb Code     0  d2f.o(x$fpl$d2f)
    _d2f                                     0x080063f1   Thumb Code    98  d2f.o(x$fpl$d2f)
    __aeabi_dadd                             0x08006455   Thumb Code     0  daddsub_clz.o(x$fpl$dadd)
    _dadd                                    0x08006455   Thumb Code   332  daddsub_clz.o(x$fpl$dadd)
    __aeabi_dmul                             0x080065a5   Thumb Code     0  dmul.o(x$fpl$dmul)
    _dmul                                    0x080065a5   Thumb Code   332  dmul.o(x$fpl$dmul)
    __fpl_dnaninf                            0x080066f9   Thumb Code   156  dnaninf.o(x$fpl$dnaninf)
    __fpl_dretinf                            0x08006795   Thumb Code    12  dretinf.o(x$fpl$dretinf)
    __aeabi_dsub                             0x080067a1   Thumb Code     0  daddsub_clz.o(x$fpl$dsub)
    _dsub                                    0x080067a1   Thumb Code   464  daddsub_clz.o(x$fpl$dsub)
    __aeabi_f2d                              0x08006975   Thumb Code     0  f2d.o(x$fpl$f2d)
    _f2d                                     0x08006975   Thumb Code    86  f2d.o(x$fpl$f2d)
    __aeabi_f2uiz                            0x080069cd   Thumb Code     0  ffixu.o(x$fpl$ffixu)
    _ffixu                                   0x080069cd   Thumb Code    62  ffixu.o(x$fpl$ffixu)
    __aeabi_ui2f                             0x08006a0d   Thumb Code     0  fflt_clz.o(x$fpl$ffltu)
    _ffltu                                   0x08006a0d   Thumb Code    38  fflt_clz.o(x$fpl$ffltu)
    __fpl_fnaninf                            0x08006a33   Thumb Code   140  fnaninf.o(x$fpl$fnaninf)
    __fpl_fretinf                            0x08006abf   Thumb Code    10  fretinf.o(x$fpl$fretinf)
    _printf_fp_dec                           0x08006ac9   Thumb Code     4  printf1.o(x$fpl$printf1)
    OSUnMapTbl                               0x08006acc   Data         256  os_core.o(.constdata)
    __I$use$fp                               0x08006acc   Number         0  usenofp.o(x$fpl$usenofp)
    Region$$Table$$Base                      0x08006ca4   Number         0  anon$$obj.o(Region$$Table)
    Region$$Table$$Limit                     0x08006cc4   Number         0  anon$$obj.o(Region$$Table)
    __ctype                                  0x08006ced   Data           0  lc_ctype_c.o(locale$$data)
    SystemCoreClock                          0x20000000   Data           4  system_stm32f10x.o(.data)
    AHBPrescTable                            0x20000004   Data          16  system_stm32f10x.o(.data)
    ledStatus                                0x20000028   Data           4  led.o(.data)
    UsCount                                  0x2000002c   Data           1  delay.o(.data)
    MsCount                                  0x2000002e   Data           2  delay.o(.data)
    iicInfo                                  0x20000030   Data           2  i2c.o(.data)
    OS_CPU_ExceptStkBase                     0x20000034   Data           4  os_cpu_c.o(.data)
    OSCtxSwCtr                               0x2000003c   Data           4  os_core.o(.data)
    OSEventFreeList                          0x20000040   Data           4  os_core.o(.data)
    OSFlagFreeList                           0x20000044   Data           4  os_core.o(.data)
    OSCPUUsage                               0x20000048   Data           1  os_core.o(.data)
    OSIdleCtrMax                             0x2000004c   Data           4  os_core.o(.data)
    OSIdleCtrRun                             0x20000050   Data           4  os_core.o(.data)
    OSStatRdy                                0x20000054   Data           1  os_core.o(.data)
    OSIntNesting                             0x20000055   Data           1  os_core.o(.data)
    OSLockNesting                            0x20000056   Data           1  os_core.o(.data)
    OSPrioCur                                0x20000057   Data           1  os_core.o(.data)
    OSPrioHighRdy                            0x20000058   Data           1  os_core.o(.data)
    OSRdyGrp                                 0x20000059   Data           1  os_core.o(.data)
    OSRdyTbl                                 0x2000005a   Data           8  os_core.o(.data)
    OSRunning                                0x20000062   Data           1  os_core.o(.data)
    OSTaskCtr                                0x20000063   Data           1  os_core.o(.data)
    OSIdleCtr                                0x20000064   Data           4  os_core.o(.data)
    OSTCBCur                                 0x20000068   Data           4  os_core.o(.data)
    OSTCBFreeList                            0x2000006c   Data           4  os_core.o(.data)
    OSTCBHighRdy                             0x20000070   Data           4  os_core.o(.data)
    OSTCBList                                0x20000074   Data           4  os_core.o(.data)
    OSTickStepState                          0x20000078   Data           1  os_core.o(.data)
    OSQFreeList                              0x2000007c   Data           4  os_core.o(.data)
    OSTime                                   0x20000080   Data           4  os_core.o(.data)
    OSTmrFree                                0x20000084   Data           2  os_core.o(.data)
    OSTmrUsed                                0x20000086   Data           2  os_core.o(.data)
    OSTmrTime                                0x20000088   Data           4  os_core.o(.data)
    OSTmrSem                                 0x2000008c   Data           4  os_core.o(.data)
    OSTmrSemSignal                           0x20000090   Data           4  os_core.o(.data)
    OSTmrFreeList                            0x20000094   Data           4  os_core.o(.data)
    usart1IOInfo                             0x20000098   Data         204  main.o(.bss)
    usart2IOInfo                             0x20000164   Data         204  main.o(.bss)
    OS_CPU_ExceptStk                         0x20000230   Data         512  os_cpu_c.o(.bss)
    OSEventTbl                               0x20000430   Data         400  os_core.o(.bss)
    OSFlagTbl                                0x200005c0   Data          80  os_core.o(.bss)
    OSTaskStatStk                            0x20000610   Data         512  os_core.o(.bss)
    OSTaskIdleStk                            0x20000810   Data         512  os_core.o(.bss)
    OSTCBPrioTbl                             0x20000a10   Data         256  os_core.o(.bss)
    OSTCBTbl                                 0x20000b10   Data        1176  os_core.o(.bss)
    OSQTbl                                   0x20000fa8   Data         120  os_core.o(.bss)
    OSTmrTbl                                 0x20001020   Data         640  os_core.o(.bss)
    OSTmrTaskStk                             0x200012a0   Data         512  os_core.o(.bss)
    OSTmrWheelTbl                            0x200014a0   Data          64  os_core.o(.bss)
    __libspace_start                         0x200014e0   Data          96  libspace.o(.bss)
    __temporary_stack_top$libspace           0x20001540   Data           0  libspace.o(.bss)



==============================================================================

Memory Map of the image

  Image Entry point : 0x08000131

  Load Region LR_IROM1 (Base: 0x08000000, Size: 0x00006e88, Max: 0x00080000, ABSOLUTE)

    Execution Region ER_IROM1 (Base: 0x08000000, Size: 0x00006df0, Max: 0x00080000, ABSOLUTE)

    Base Addr    Size         Type   Attr      Idx    E Section Name        Object

    0x08000000   0x00000130   Data   RO          136    RESET               startup_stm32f10x_hd.o
    0x08000130   0x00000008   Code   RO          827  * !!!main             c_w.l(__main.o)
    0x08000138   0x00000034   Code   RO         1180    !!!scatter          c_w.l(__scatter.o)
    0x0800016c   0x0000001a   Code   RO         1182    !!handler_copy      c_w.l(__scatter_copy.o)
    0x08000186   0x00000002   PAD
    0x08000188   0x0000001c   Code   RO         1184    !!handler_zi        c_w.l(__scatter_zi.o)
    0x080001a4   0x00000000   Code   RO          947    .ARM.Collect$$_printf_percent$$00000000  c_w.l(_printf_percent.o)
    0x080001a4   0x00000006   Code   RO          936    .ARM.Collect$$_printf_percent$$00000001  c_w.l(_printf_n.o)
    0x080001aa   0x00000006   Code   RO          938    .ARM.Collect$$_printf_percent$$00000002  c_w.l(_printf_p.o)
    0x080001b0   0x00000006   Code   RO          943    .ARM.Collect$$_printf_percent$$00000003  c_w.l(_printf_f.o)
    0x080001b6   0x00000006   Code   RO          944    .ARM.Collect$$_printf_percent$$00000004  c_w.l(_printf_e.o)
    0x080001bc   0x00000006   Code   RO          945    .ARM.Collect$$_printf_percent$$00000005  c_w.l(_printf_g.o)
    0x080001c2   0x00000006   Code   RO          946    .ARM.Collect$$_printf_percent$$00000006  c_w.l(_printf_a.o)
    0x080001c8   0x0000000a   Code   RO          951    .ARM.Collect$$_printf_percent$$00000007  c_w.l(_printf_ll.o)
    0x080001d2   0x00000006   Code   RO          940    .ARM.Collect$$_printf_percent$$00000008  c_w.l(_printf_i.o)
    0x080001d8   0x00000006   Code   RO          941    .ARM.Collect$$_printf_percent$$00000009  c_w.l(_printf_d.o)
    0x080001de   0x00000006   Code   RO          942    .ARM.Collect$$_printf_percent$$0000000A  c_w.l(_printf_u.o)
    0x080001e4   0x00000006   Code   RO          939    .ARM.Collect$$_printf_percent$$0000000B  c_w.l(_printf_o.o)
    0x080001ea   0x00000006   Code   RO          937    .ARM.Collect$$_printf_percent$$0000000C  c_w.l(_printf_x.o)
    0x080001f0   0x00000006   Code   RO          948    .ARM.Collect$$_printf_percent$$0000000D  c_w.l(_printf_lli.o)
    0x080001f6   0x00000006   Code   RO          949    .ARM.Collect$$_printf_percent$$0000000E  c_w.l(_printf_lld.o)
    0x080001fc   0x00000006   Code   RO          950    .ARM.Collect$$_printf_percent$$0000000F  c_w.l(_printf_llu.o)
    0x08000202   0x00000006   Code   RO          955    .ARM.Collect$$_printf_percent$$00000010  c_w.l(_printf_llo.o)
    0x08000208   0x00000006   Code   RO          956    .ARM.Collect$$_printf_percent$$00000011  c_w.l(_printf_llx.o)
    0x0800020e   0x0000000a   Code   RO          952    .ARM.Collect$$_printf_percent$$00000012  c_w.l(_printf_l.o)
    0x08000218   0x00000006   Code   RO          934    .ARM.Collect$$_printf_percent$$00000013  c_w.l(_printf_c.o)
    0x0800021e   0x00000006   Code   RO          935    .ARM.Collect$$_printf_percent$$00000014  c_w.l(_printf_s.o)
    0x08000224   0x00000006   Code   RO          953    .ARM.Collect$$_printf_percent$$00000015  c_w.l(_printf_lc.o)
    0x0800022a   0x00000006   Code   RO          954    .ARM.Collect$$_printf_percent$$00000016  c_w.l(_printf_ls.o)
    0x08000230   0x00000004   Code   RO          995    .ARM.Collect$$_printf_percent$$00000017  c_w.l(_printf_percent_end.o)
    0x08000234   0x00000002   Code   RO         1044    .ARM.Collect$$libinit$$00000000  c_w.l(libinit.o)
    0x08000236   0x00000000   Code   RO         1060    .ARM.Collect$$libinit$$00000002  c_w.l(libinit2.o)
    0x08000236   0x00000000   Code   RO         1063    .ARM.Collect$$libinit$$00000008  c_w.l(libinit2.o)
    0x08000236   0x00000000   Code   RO         1065    .ARM.Collect$$libinit$$0000000A  c_w.l(libinit2.o)
    0x08000236   0x00000000   Code   RO         1067    .ARM.Collect$$libinit$$0000000C  c_w.l(libinit2.o)
    0x08000236   0x00000006   Code   RO         1068    .ARM.Collect$$libinit$$0000000D  c_w.l(libinit2.o)
    0x0800023c   0x00000000   Code   RO         1070    .ARM.Collect$$libinit$$0000000F  c_w.l(libinit2.o)
    0x0800023c   0x0000000c   Code   RO         1071    .ARM.Collect$$libinit$$00000010  c_w.l(libinit2.o)
    0x08000248   0x00000000   Code   RO         1072    .ARM.Collect$$libinit$$00000011  c_w.l(libinit2.o)
    0x08000248   0x00000000   Code   RO         1074    .ARM.Collect$$libinit$$00000013  c_w.l(libinit2.o)
    0x08000248   0x0000000a   Code   RO         1075    .ARM.Collect$$libinit$$00000014  c_w.l(libinit2.o)
    0x08000252   0x00000000   Code   RO         1076    .ARM.Collect$$libinit$$00000015  c_w.l(libinit2.o)
    0x08000252   0x00000000   Code   RO         1078    .ARM.Collect$$libinit$$00000017  c_w.l(libinit2.o)
    0x08000252   0x00000000   Code   RO         1080    .ARM.Collect$$libinit$$00000019  c_w.l(libinit2.o)
    0x08000252   0x00000000   Code   RO         1082    .ARM.Collect$$libinit$$0000001B  c_w.l(libinit2.o)
    0x08000252   0x00000000   Code   RO         1084    .ARM.Collect$$libinit$$0000001D  c_w.l(libinit2.o)
    0x08000252   0x00000000   Code   RO         1086    .ARM.Collect$$libinit$$0000001F  c_w.l(libinit2.o)
    0x08000252   0x00000000   Code   RO         1088    .ARM.Collect$$libinit$$00000021  c_w.l(libinit2.o)
    0x08000252   0x00000000   Code   RO         1090    .ARM.Collect$$libinit$$00000023  c_w.l(libinit2.o)
    0x08000252   0x00000000   Code   RO         1094    .ARM.Collect$$libinit$$0000002A  c_w.l(libinit2.o)
    0x08000252   0x00000000   Code   RO         1096    .ARM.Collect$$libinit$$0000002C  c_w.l(libinit2.o)
    0x08000252   0x00000000   Code   RO         1098    .ARM.Collect$$libinit$$0000002E  c_w.l(libinit2.o)
    0x08000252   0x00000000   Code   RO         1100    .ARM.Collect$$libinit$$00000030  c_w.l(libinit2.o)
    0x08000252   0x00000002   Code   RO         1101    .ARM.Collect$$libinit$$00000031  c_w.l(libinit2.o)
    0x08000254   0x00000002   Code   RO         1121    .ARM.Collect$$libshutdown$$00000000  c_w.l(libshutdown.o)
    0x08000256   0x00000000   Code   RO         1135    .ARM.Collect$$libshutdown$$00000003  c_w.l(libshutdown2.o)
    0x08000256   0x00000000   Code   RO         1138    .ARM.Collect$$libshutdown$$00000006  c_w.l(libshutdown2.o)
    0x08000256   0x00000000   Code   RO         1141    .ARM.Collect$$libshutdown$$00000009  c_w.l(libshutdown2.o)
    0x08000256   0x00000000   Code   RO         1143    .ARM.Collect$$libshutdown$$0000000B  c_w.l(libshutdown2.o)
    0x08000256   0x00000000   Code   RO         1146    .ARM.Collect$$libshutdown$$0000000E  c_w.l(libshutdown2.o)
    0x08000256   0x00000002   Code   RO         1147    .ARM.Collect$$libshutdown$$0000000F  c_w.l(libshutdown2.o)
    0x08000258   0x00000000   Code   RO          865    .ARM.Collect$$rtentry$$00000000  c_w.l(rtentry.o)
    0x08000258   0x00000000   Code   RO          969    .ARM.Collect$$rtentry$$00000002  c_w.l(rtentry2.o)
    0x08000258   0x00000006   Code   RO          981    .ARM.Collect$$rtentry$$00000004  c_w.l(rtentry4.o)
    0x0800025e   0x00000000   Code   RO          971    .ARM.Collect$$rtentry$$00000009  c_w.l(rtentry2.o)
    0x0800025e   0x00000004   Code   RO          972    .ARM.Collect$$rtentry$$0000000A  c_w.l(rtentry2.o)
    0x08000262   0x00000000   Code   RO          974    .ARM.Collect$$rtentry$$0000000C  c_w.l(rtentry2.o)
    0x08000262   0x00000008   Code   RO          975    .ARM.Collect$$rtentry$$0000000D  c_w.l(rtentry2.o)
    0x0800026a   0x00000002   Code   RO         1052    .ARM.Collect$$rtexit$$00000000  c_w.l(rtexit.o)
    0x0800026c   0x00000000   Code   RO         1103    .ARM.Collect$$rtexit$$00000002  c_w.l(rtexit2.o)
    0x0800026c   0x00000004   Code   RO         1104    .ARM.Collect$$rtexit$$00000003  c_w.l(rtexit2.o)
    0x08000270   0x00000006   Code   RO         1105    .ARM.Collect$$rtexit$$00000004  c_w.l(rtexit2.o)
    0x08000276   0x0000001c   Code   RO           17    .text               stm32f10x_it.o
    0x08000292   0x00000002   PAD
    0x08000294   0x000001e8   Code   RO          116    .text               system_stm32f10x.o
    0x0800047c   0x00000040   Code   RO          137    .text               startup_stm32f10x_hd.o
    0x080004bc   0x000000dc   Code   RO          141    .text               misc.o
    0x08000598   0x0000035c   Code   RO          179    .text               stm32f10x_gpio.o
    0x080008f4   0x000003ac   Code   RO          191    .text               stm32f10x_rcc.o
    0x08000ca0   0x00000408   Code   RO          205    .text               stm32f10x_usart.o
    0x080010a8   0x0000011c   Code   RO          313    .text               stm32f10x_exti.o
    0x080011c4   0x00000170   Code   RO          445    .text               led.o
    0x08001334   0x000000f4   Code   RO          466    .text               delay.o
    0x08001428   0x000002d0   Code   RO          481    .text               usart.o
    0x080016f8   0x000000f4   Code   RO          507    .text               key.o
    0x080017ec   0x0000015c   Code   RO          540    .text               exti.o
    0x08001948   0x00000434   Code   RO          552    .text               i2c.o
    0x08001d7c   0x00000244   Code   RO          570    .text               sht20.o
    0x08001fc0   0x000001a4   Code   RO          592    .text               adxl345.o
    0x08002164   0x000000f4   Code   RO          640    .text               main.o
    0x08002258   0x0000014c   Code   RO          662    .text               os_cpu_c.o
    0x080023a4   0x000000b4   Code   RO          688    .text               os_cpu_a.o
    0x08002458   0x00000894   Code   RO          691    .text               os_core.o
    0x08002cec   0x0000080c   Code   RO          715    .text               os_flag.o
    0x080034f8   0x000005e8   Code   RO          761    .text               os_q.o
    0x08003ae0   0x0000038c   Code   RO          773    .text               os_sem.o
    0x08003e6c   0x000007c0   Code   RO          785    .text               os_task.o
    0x0800462c   0x000001b0   Code   RO          797    .text               os_time.o
    0x080047dc   0x00000640   Code   RO          809    .text               os_tmr.o
    0x08004e1c   0x00000024   Code   RO          823    .text               c_w.l(c89vsprintf.o)
    0x08004e40   0x00000006   Code   RO          825    .text               c_w.l(heapauxi.o)
    0x08004e46   0x0000004e   Code   RO          868    .text               c_w.l(_printf_pad.o)
    0x08004e94   0x00000024   Code   RO          870    .text               c_w.l(_printf_truncate.o)
    0x08004eb8   0x00000052   Code   RO          872    .text               c_w.l(_printf_str.o)
    0x08004f0a   0x00000002   PAD
    0x08004f0c   0x00000074   Code   RO          874    .text               c_w.l(_printf_dec.o)
    0x08004f80   0x00000028   Code   RO          876    .text               c_w.l(_printf_charcount.o)
    0x08004fa8   0x00000030   Code   RO          878    .text               c_w.l(_printf_char_common.o)
    0x08004fd8   0x0000000a   Code   RO          880    .text               c_w.l(_sputc.o)
    0x08004fe2   0x00000002   PAD
    0x08004fe4   0x000000bc   Code   RO          882    .text               c_w.l(_printf_wctomb.o)
    0x080050a0   0x00000078   Code   RO          885    .text               c_w.l(_printf_longlong_dec.o)
    0x08005118   0x00000070   Code   RO          891    .text               c_w.l(_printf_oct_int_ll.o)
    0x08005188   0x00000094   Code   RO          911    .text               c_w.l(_printf_hex_int_ll_ptr.o)
    0x0800521c   0x00000188   Code   RO          931    .text               c_w.l(__printf_flags_ss_wp.o)
    0x080053a4   0x0000008a   Code   RO          983    .text               c_w.l(lludiv10.o)
    0x0800542e   0x000000b2   Code   RO          985    .text               c_w.l(_printf_intcommon.o)
    0x080054e0   0x00000416   Code   RO          987    .text               c_w.l(_printf_fp_dec.o)
    0x080058f6   0x0000002c   Code   RO          991    .text               c_w.l(_printf_char.o)
    0x08005922   0x0000002c   Code   RO          993    .text               c_w.l(_printf_wchar.o)
    0x0800594e   0x00000040   Code   RO          996    .text               c_w.l(_wcrtomb.o)
    0x0800598e   0x0000004a   Code   RO          998    .text               c_w.l(sys_stackheap_outer.o)
    0x080059d8   0x00000010   Code   RO         1000    .text               c_w.l(rt_ctype_table.o)
    0x080059e8   0x00000008   Code   RO         1005    .text               c_w.l(rt_locale_intlibspace.o)
    0x080059f0   0x00000080   Code   RO         1007    .text               c_w.l(_printf_fp_infnan.o)
    0x08005a70   0x000000d8   Code   RO         1009    .text               c_w.l(bigflt0.o)
    0x08005b48   0x0000000c   Code   RO         1037    .text               c_w.l(exit.o)
    0x08005b54   0x00000008   Code   RO         1049    .text               c_w.l(libspace.o)
    0x08005b5c   0x00000080   Code   RO         1057    .text               c_w.l(strcmpv7m.o)
    0x08005bdc   0x0000000c   Code   RO         1113    .text               c_w.l(sys_exit.o)
    0x08005be8   0x00000002   Code   RO         1124    .text               c_w.l(use_no_semi.o)
    0x08005bea   0x00000000   Code   RO         1126    .text               c_w.l(indicate_semi.o)
    0x08005bea   0x0000003e   Code   RO         1012    CL$$btod_d2e        c_w.l(btod.o)
    0x08005c28   0x00000046   Code   RO         1014    CL$$btod_d2e_denorm_low  c_w.l(btod.o)
    0x08005c6e   0x00000060   Code   RO         1013    CL$$btod_d2e_norm_op1  c_w.l(btod.o)
    0x08005cce   0x00000338   Code   RO         1022    CL$$btod_div_common  c_w.l(btod.o)
    0x08006006   0x000000c6   Code   RO         1019    CL$$btod_e2e        c_w.l(btod.o)
    0x080060cc   0x00000028   Code   RO         1016    CL$$btod_ediv       c_w.l(btod.o)
    0x080060f4   0x00000028   Code   RO         1015    CL$$btod_emul       c_w.l(btod.o)
    0x0800611c   0x00000244   Code   RO         1021    CL$$btod_mult_common  c_w.l(btod.o)
    0x08006360   0x00000028   Code   RO         1047    i.__ARM_fpclassify  m_ws.l(fpclassify.o)
    0x08006388   0x0000000e   Code   RO          924    i._is_digit         c_w.l(__printf_wp.o)
    0x08006396   0x00000002   PAD
    0x08006398   0x0000002c   Code   RO         1035    locale$$code        c_w.l(lc_numeric_c.o)
    0x080063c4   0x0000002c   Code   RO         1055    locale$$code        c_w.l(lc_ctype_c.o)
    0x080063f0   0x00000062   Code   RO          829    x$fpl$d2f           fz_ws.l(d2f.o)
    0x08006452   0x00000002   PAD
    0x08006454   0x00000150   Code   RO          831    x$fpl$dadd          fz_ws.l(daddsub_clz.o)
    0x080065a4   0x00000154   Code   RO          841    x$fpl$dmul          fz_ws.l(dmul.o)
    0x080066f8   0x0000009c   Code   RO          957    x$fpl$dnaninf       fz_ws.l(dnaninf.o)
    0x08006794   0x0000000c   Code   RO          959    x$fpl$dretinf       fz_ws.l(dretinf.o)
    0x080067a0   0x000001d4   Code   RO          833    x$fpl$dsub          fz_ws.l(daddsub_clz.o)
    0x08006974   0x00000056   Code   RO          843    x$fpl$f2d           fz_ws.l(f2d.o)
    0x080069ca   0x00000002   PAD
    0x080069cc   0x0000003e   Code   RO          855    x$fpl$ffixu         fz_ws.l(ffixu.o)
    0x08006a0a   0x00000002   PAD
    0x08006a0c   0x00000026   Code   RO          859    x$fpl$ffltu         fz_ws.l(fflt_clz.o)
    0x08006a32   0x0000008c   Code   RO          961    x$fpl$fnaninf       fz_ws.l(fnaninf.o)
    0x08006abe   0x0000000a   Code   RO          963    x$fpl$fretinf       fz_ws.l(fretinf.o)
    0x08006ac8   0x00000004   Code   RO          965    x$fpl$printf1       fz_ws.l(printf1.o)
    0x08006acc   0x00000000   Code   RO          967    x$fpl$usenofp       fz_ws.l(usenofp.o)
    0x08006acc   0x00000100   Data   RO          693    .constdata          os_core.o
    0x08006bcc   0x00000008   Data   RO          883    .constdata          c_w.l(_printf_wctomb.o)
    0x08006bd4   0x00000028   Data   RO          912    .constdata          c_w.l(_printf_hex_int_ll_ptr.o)
    0x08006bfc   0x00000011   Data   RO          932    .constdata          c_w.l(__printf_flags_ss_wp.o)
    0x08006c0d   0x00000003   PAD
    0x08006c10   0x00000094   Data   RO         1010    .constdata          c_w.l(bigflt0.o)
    0x08006ca4   0x00000020   Data   RO         1178    Region$$Table       anon$$obj.o
    0x08006cc4   0x0000001c   Data   RO         1034    locale$$data        c_w.l(lc_numeric_c.o)
    0x08006ce0   0x00000110   Data   RO         1054    locale$$data        c_w.l(lc_ctype_c.o)


    Execution Region RW_IRAM1 (Base: 0x20000000, Size: 0x00001d40, Max: 0x00010000, ABSOLUTE)

    Base Addr    Size         Type   Attr      Idx    E Section Name        Object

    0x20000000   0x00000014   Data   RW          117    .data               system_stm32f10x.o
    0x20000014   0x00000014   Data   RW          192    .data               stm32f10x_rcc.o
    0x20000028   0x00000004   Data   RW          446    .data               led.o
    0x2000002c   0x00000004   Data   RW          467    .data               delay.o
    0x20000030   0x00000002   Data   RW          553    .data               i2c.o
    0x20000032   0x00000002   PAD
    0x20000034   0x00000006   Data   RW          664    .data               os_cpu_c.o
    0x2000003a   0x00000002   PAD
    0x2000003c   0x0000005c   Data   RW          694    .data               os_core.o
    0x20000098   0x00000198   Zero   RW          641    .bss                main.o
    0x20000230   0x00000200   Zero   RW          663    .bss                os_cpu_c.o
    0x20000430   0x000010b0   Zero   RW          692    .bss                os_core.o
    0x200014e0   0x00000060   Zero   RW         1050    .bss                c_w.l(libspace.o)
    0x20001540   0x00000400   Zero   RW          135    HEAP                startup_stm32f10x_hd.o
    0x20001940   0x00000400   Zero   RW          134    STACK               startup_stm32f10x_hd.o


==============================================================================

Image component sizes


      Code (inc. data)   RO Data    RW Data    ZI Data      Debug   Object Name

       420          8          0          0          0       1872   adxl345.o
         0          0          0          0          0       4304   core_cm3.o
       244         10          0          4          0       1360   delay.o
       348         10          0          0          0        858   exti.o
      1076         32          0          2          0       4220   i2c.o
       244          8          0          0          0       1268   key.o
       368         26          0          4          0       1839   led.o
       244         74          0          0        408        857   main.o
       220         22          0          0          0     208397   misc.o
      2196        216        256         92       4272      16167   os_core.o
       180         36          0          0          0        280   os_cpu_a.o
       332         28          0          6        512      11399   os_cpu_c.o
      2060         42          0          0          0      14776   os_flag.o
      1512         30          0          0          0       5405   os_q.o
       908         18          0          0          0       3750   os_sem.o
      1984         70          0          0          0       7329   os_task.o
       432         30          0          0          0       1718   os_time.o
      1600         94          0          0          0       5369   os_tmr.o
       580         30          0          0          0       3268   sht20.o
        64         26        304          0       2048        772   startup_stm32f10x_hd.o
       284         10          0          0          0       2079   stm32f10x_exti.o
       860         38          0          0          0       5493   stm32f10x_gpio.o
        28          0          0          0          0      24207   stm32f10x_it.o
       940         44          0         20          0       8608   stm32f10x_rcc.o
      1032         22          0          0          0       8216   stm32f10x_usart.o
       488         46          0         20          0       1631   system_stm32f10x.o
       720         22          0          0          0       4153   usart.o

    ----------------------------------------------------------------------
     19366        992        592        152       7240     349595   Object Totals
         0          0         32          0          0          0   (incl. Generated)
         2          0          0          4          0          0   (incl. Padding)

    ----------------------------------------------------------------------

      Code (inc. data)   RO Data    RW Data    ZI Data      Debug   Library Member Name

         8          0          0          0          0         68   __main.o
       392          4         17          0          0         92   __printf_flags_ss_wp.o
        14          0          0          0          0         68   __printf_wp.o
        52          8          0          0          0          0   __scatter.o
        26          0          0          0          0          0   __scatter_copy.o
        28          0          0          0          0          0   __scatter_zi.o
         6          0          0          0          0          0   _printf_a.o
         6          0          0          0          0          0   _printf_c.o
        44          0          0          0          0        108   _printf_char.o
        48          6          0          0          0         96   _printf_char_common.o
        40          0          0          0          0         68   _printf_charcount.o
         6          0          0          0          0          0   _printf_d.o
       116         16          0          0          0         92   _printf_dec.o
         6          0          0          0          0          0   _printf_e.o
         6          0          0          0          0          0   _printf_f.o
      1046          0          0          0          0        216   _printf_fp_dec.o
       128         16          0          0          0         84   _printf_fp_infnan.o
         6          0          0          0          0          0   _printf_g.o
       148          4         40          0          0        160   _printf_hex_int_ll_ptr.o
         6          0          0          0          0          0   _printf_i.o
       178          0          0          0          0         88   _printf_intcommon.o
        10          0          0          0          0          0   _printf_l.o
         6          0          0          0          0          0   _printf_lc.o
        10          0          0          0          0          0   _printf_ll.o
         6          0          0          0          0          0   _printf_lld.o
         6          0          0          0          0          0   _printf_lli.o
         6          0          0          0          0          0   _printf_llo.o
         6          0          0          0          0          0   _printf_llu.o
         6          0          0          0          0          0   _printf_llx.o
       120         16          0          0          0         92   _printf_longlong_dec.o
         6          0          0          0          0          0   _printf_ls.o
         6          0          0          0          0          0   _printf_n.o
         6          0          0          0          0          0   _printf_o.o
       112          8          0          0          0        124   _printf_oct_int_ll.o
         6          0          0          0          0          0   _printf_p.o
        78          0          0          0          0        108   _printf_pad.o
         0          0          0          0          0          0   _printf_percent.o
         4          0          0          0          0          0   _printf_percent_end.o
         6          0          0          0          0          0   _printf_s.o
        82          0          0          0          0         80   _printf_str.o
        36          0          0          0          0         84   _printf_truncate.o
         6          0          0          0          0          0   _printf_u.o
        44          0          0          0          0        108   _printf_wchar.o
       188          6          8          0          0         92   _printf_wctomb.o
         6          0          0          0          0          0   _printf_x.o
        10          0          0          0          0         68   _sputc.o
        64          0          0          0          0         92   _wcrtomb.o
       216          4        148          0          0         96   bigflt0.o
      1910        128          0          0          0        672   btod.o
        36          4          0          0          0         76   c89vsprintf.o
        12          0          0          0          0         72   exit.o
         6          0          0          0          0        152   heapauxi.o
         0          0          0          0          0          0   indicate_semi.o
        44         10        272          0          0         76   lc_ctype_c.o
        44         10         28          0          0         76   lc_numeric_c.o
         2          0          0          0          0          0   libinit.o
        30          0          0          0          0          0   libinit2.o
         2          0          0          0          0          0   libshutdown.o
         2          0          0          0          0          0   libshutdown2.o
         8          4          0          0         96         68   libspace.o
       138          0          0          0          0         80   lludiv10.o
        16          4          0          0          0         76   rt_ctype_table.o
         8          4          0          0          0         68   rt_locale_intlibspace.o
         0          0          0          0          0          0   rtentry.o
        12          0          0          0          0          0   rtentry2.o
         6          0          0          0          0          0   rtentry4.o
         2          0          0          0          0          0   rtexit.o
        10          0          0          0          0          0   rtexit2.o
       128          0          0          0          0         68   strcmpv7m.o
        12          4          0          0          0         68   sys_exit.o
        74          0          0          0          0         80   sys_stackheap_outer.o
         2          0          0          0          0         68   use_no_semi.o
        98          4          0          0          0         92   d2f.o
       804         16          0          0          0        272   daddsub_clz.o
       340         12          0          0          0        104   dmul.o
       156          4          0          0          0         92   dnaninf.o
        12          0          0          0          0         68   dretinf.o
        86          4          0          0          0         84   f2d.o
        62          4          0          0          0         84   ffixu.o
        38          0          0          0          0         68   fflt_clz.o
       140          4          0          0          0         84   fnaninf.o
        10          0          0          0          0         68   fretinf.o
         4          0          0          0          0         68   printf1.o
         0          0          0          0          0          0   usenofp.o
        40          0          0          0          0         68   fpclassify.o

    ----------------------------------------------------------------------
      7670        304        516          0         96       4936   Library Totals
        14          0          3          0          0          0   (incl. Padding)

    ----------------------------------------------------------------------

      Code (inc. data)   RO Data    RW Data    ZI Data      Debug   Library Name

      5866        256        513          0         96       3784   c_w.l
      1750         48          0          0          0       1084   fz_ws.l
        40          0          0          0          0         68   m_ws.l

    ----------------------------------------------------------------------
      7670        304        516          0         96       4936   Library Totals

    ----------------------------------------------------------------------

==============================================================================


      Code (inc. data)   RO Data    RW Data    ZI Data      Debug   

     27036       1296       1108        152       7336     349795   Grand Totals
     27036       1296       1108        152       7336     349795   ELF Image Totals
     27036       1296       1108        152          0          0   ROM Totals

==============================================================================

    Total RO  Size (Code + RO Data)                28144 (  27.48kB)
    Total RW  Size (RW Data + ZI Data)              7488 (   7.31kB)
    Total ROM Size (Code + RO Data + RW Data)      28296 (  27.63kB)

==============================================================================

