Product: MDK-ARM Professional 5.10
Component: ARM Compiler 5.04 update 1 (build 49)
Tool: armlink [5040049]

==============================================================================

Section Cross References

    system_stm32f10x.o(.text) refers to system_stm32f10x.o(.data) for SystemCoreClock
    startup_stm32f10x_hd.o(STACK) refers (Special) to heapauxi.o(.text) for __use_two_region_memory
    startup_stm32f10x_hd.o(HEAP) refers (Special) to heapauxi.o(.text) for __use_two_region_memory
    startup_stm32f10x_hd.o(RESET) refers (Special) to heapauxi.o(.text) for __use_two_region_memory
    startup_stm32f10x_hd.o(RESET) refers to startup_stm32f10x_hd.o(STACK) for __initial_sp
    startup_stm32f10x_hd.o(RESET) refers to startup_stm32f10x_hd.o(.text) for Reset_Handler
    startup_stm32f10x_hd.o(RESET) refers to stm32f10x_it.o(.text) for NMI_Handler
    startup_stm32f10x_hd.o(RESET) refers to os_cpu_a.o(.text) for PendSV_Handler
    startup_stm32f10x_hd.o(RESET) refers to exti.o(.text) for EXTI2_IRQHandler
    startup_stm32f10x_hd.o(RESET) refers to usart.o(.text) for USART1_IRQHandler
    startup_stm32f10x_hd.o(.text) refers (Special) to heapauxi.o(.text) for __use_two_region_memory
    startup_stm32f10x_hd.o(.text) refers to system_stm32f10x.o(.text) for SystemInit
    startup_stm32f10x_hd.o(.text) refers to __main.o(!!!main) for __main
    startup_stm32f10x_hd.o(.text) refers to startup_stm32f10x_hd.o(HEAP) for Heap_Mem
    startup_stm32f10x_hd.o(.text) refers to startup_stm32f10x_hd.o(STACK) for Stack_Mem
    stm32f10x_gpio.o(.text) refers to stm32f10x_rcc.o(.text) for RCC_APB2PeriphResetCmd
    stm32f10x_rcc.o(.text) refers to stm32f10x_rcc.o(.data) for APBAHBPrescTable
    stm32f10x_adc.o(.text) refers to stm32f10x_rcc.o(.text) for RCC_APB2PeriphResetCmd
    stm32f10x_bkp.o(.text) refers to stm32f10x_rcc.o(.text) for RCC_BackupResetCmd
    stm32f10x_can.o(.text) refers to stm32f10x_rcc.o(.text) for RCC_APB1PeriphResetCmd
    stm32f10x_cec.o(.text) refers to stm32f10x_rcc.o(.text) for RCC_APB1PeriphResetCmd
    stm32f10x_dac.o(.text) refers to stm32f10x_rcc.o(.text) for RCC_APB1PeriphResetCmd
    stm32f10x_i2c.o(.text) refers to stm32f10x_rcc.o(.text) for RCC_APB1PeriphResetCmd
    stm32f10x_pwr.o(.text) refers to stm32f10x_rcc.o(.text) for RCC_APB1PeriphResetCmd
    stm32f10x_spi.o(.text) refers to stm32f10x_rcc.o(.text) for RCC_APB2PeriphResetCmd
    stm32f10x_tim.o(.text) refers to stm32f10x_rcc.o(.text) for RCC_APB2PeriphResetCmd
    stm32f10x_usart.o(.text) refers to stm32f10x_rcc.o(.text) for RCC_APB2PeriphResetCmd
    stm32f10x_wwdg.o(.text) refers to stm32f10x_rcc.o(.text) for RCC_APB1PeriphResetCmd
    led.o(.text) refers to stm32f10x_gpio.o(.text) for GPIO_WriteBit
    led.o(.text) refers to stm32f10x_rcc.o(.text) for RCC_APB2PeriphClockCmd
    led.o(.text) refers to usart.o(.text) for UsartPrintf
    led.o(.text) refers to delay.o(.text) for DelayXms
    led.o(.text) refers to led.o(.data) for ledStatus
    delay.o(.text) refers to delay.o(.data) for UsCount
    adc.o(.text) refers to stm32f10x_rcc.o(.text) for RCC_APB2PeriphClockCmd
    adc.o(.text) refers to stm32f10x_adc.o(.text) for ADC_DeInit
    adc.o(.text) refers to fflt_clz.o(x$fpl$ffltu) for __aeabi_ui2f
    adc.o(.text) refers to faddsub_clz.o(x$fpl$fadd) for __aeabi_fadd
    adc.o(.text) refers to fdiv.o(x$fpl$fdiv) for __aeabi_fdiv
    adc.o(.text) refers to f2d.o(x$fpl$f2d) for __aeabi_f2d
    adc.o(.text) refers to dmul.o(x$fpl$dmul) for __aeabi_dmul
    adc.o(.text) refers to ddiv.o(x$fpl$ddiv) for __aeabi_ddiv
    adc.o(.text) refers to d2f.o(x$fpl$d2f) for __aeabi_d2f
    adc.o(.text) refers to daddsub_clz.o(x$fpl$drsb) for __aeabi_drsub
    adc.o(.text) refers to daddsub_clz.o(x$fpl$dadd) for __aeabi_dadd
    adxl345.o(.text) refers to delay.o(.text) for DelayUs
    adxl345.o(.text) refers to i2c.o(.text) for I2C_ReadByte
    adxl345.o(.text) refers to fflt_clz.o(x$fpl$ffltu) for __aeabi_ui2f
    adxl345.o(.text) refers to f2d.o(x$fpl$f2d) for __aeabi_f2d
    adxl345.o(.text) refers to dmul.o(x$fpl$dmul) for __aeabi_dmul
    adxl345.o(.text) refers to d2f.o(x$fpl$d2f) for __aeabi_d2f
    beep.o(.text) refers to stm32f10x_gpio.o(.text) for GPIO_WriteBit
    beep.o(.text) refers to stm32f10x_rcc.o(.text) for RCC_APB2PeriphClockCmd
    beep.o(.text) refers to beep.o(.data) for beepInfo
    exti.o(.text) refers to stm32f10x_rcc.o(.text) for RCC_APB2PeriphClockCmd
    exti.o(.text) refers to stm32f10x_gpio.o(.text) for GPIO_Init
    exti.o(.text) refers to misc.o(.text) for NVIC_Init
    exti.o(.text) refers to stm32f10x_exti.o(.text) for EXTI_Init
    i2c.o(.text) refers to stm32f10x_rcc.o(.text) for RCC_APB2PeriphClockCmd
    i2c.o(.text) refers to stm32f10x_gpio.o(.text) for GPIO_Init
    i2c.o(.text) refers to delay.o(.text) for DelayUs
    i2c.o(.text) refers to usart.o(.text) for UsartPrintf
    i2c.o(.text) refers to i2c.o(.data) for iicInfo
[...]
    .text                                    0x08000276   Section        0  stm32f10x_it.o(.text)
    .text                                    0x08000294   Section        0  system_stm32f10x.o(.text)
    SetSysClockTo72                          0x08000295   Thumb Code   214  system_stm32f10x.o(.text)
    SetSysClock                              0x0800036b   Thumb Code     8  system_stm32f10x.o(.text)
    .text                                    0x0800047c   Section       64  startup_stm32f10x_hd.o(.text)
    .text                                    0x080004bc   Section        0  misc.o(.text)
    .text                                    0x08000598   Section        0  stm32f10x_gpio.o(.text)
    .text                                    0x080008f4   Section        0  stm32f10x_rcc.o(.text)
    .text                                    0x08000ca0   Section        0  stm32f10x_exti.o(.text)
    .text                                    0x08000dbc   Section        0  stm32f10x_usart.o(.text)
    .text                                    0x080011c4   Section        0  led.o(.text)
    .text                                    0x08001334   Section        0  delay.o(.text)
    .text                                    0x08001428   Section        0  exti.o(.text)
    .text                                    0x08001584   Section        0  usart.o(.text)
    .text                                    0x08001854   Section        0  main.o(.text)
    .text                                    0x0800191c   Section        0  manage.o(.text)
    .text                                    0x08001b38   Section        0  os_cpu_c.o(.text)
    .text                                    0x08001c84   Section        0  os_core.o(.text)
    OS_InitTaskStat                          0x08001d2f   Thumb Code    52  os_core.o(.text)
    OS_InitTaskIdle                          0x08001d85   Thumb Code    52  os_core.o(.text)
    OS_InitEventList                         0x08001dcb   Thumb Code    76  os_core.o(.text)
    OS_InitTCBList                           0x08001e17   Thumb Code   106  os_core.o(.text)
    OS_InitRdyList                           0x08001e81   Thumb Code    44  os_core.o(.text)
    OS_InitMisc                              0x08001ead   Thumb Code    44  os_core.o(.text)
    OS_SchedNew                              0x08001f25   Thumb Code    26  os_core.o(.text)
    .text                                    0x08002518   Section        0  os_flag.o(.text)
    OS_FlagTaskRdy                           0x0800268f   Thumb Code    82  os_flag.o(.text)
    OS_FlagBlock                             0x08002849   Thumb Code   152  os_flag.o(.text)
    .text                                    0x08002d24   Section        0  os_q.o(.text)
    .text                                    0x0800330c   Section        0  os_sem.o(.text)
    .text                                    0x08003698   Section        0  os_task.o(.text)
    .text                                    0x08003e58   Section        0  os_time.o(.text)
    .text                                    0x08004008   Section        0  os_tmr.o(.text)
    OSTmr_Alloc                              0x08004009   Thumb Code    50  os_tmr.o(.text)
    OSTmr_Free                               0x080040a7   Thumb Code    58  os_tmr.o(.text)
    OSTmr_Unlink                             0x080040e1   Thumb Code    62  os_tmr.o(.text)
    OSTmr_Link                               0x08004307   Thumb Code   100  os_tmr.o(.text)
    OSTmr_Task                               0x080044cd   Thumb Code   114  os_tmr.o(.text)
    OSTmr_InitTask                           0x0800453f   Thumb Code    50  os_tmr.o(.text)
    .text                                    0x08004648   Section      180  os_cpu_a.o(.text)
    .text                                    0x080046fc   Section        0  c89vsprintf.o(.text)
    .text                                    0x08004720   Section      138  rt_memcpy_v6.o(.text)
    .text                                    0x080047aa   Section      100  rt_memcpy_w.o(.text)
    .text                                    0x0800480e   Section       68  rt_memclr.o(.text)
    .text                                    0x08004852   Section       78  rt_memclr_w.o(.text)
    .text                                    0x080048a0   Section        0  heapauxi.o(.text)
    .text                                    0x080048a6   Section        0  _printf_pad.o(.text)
    .text                                    0x080048f4   Section        0  _printf_truncate.o(.text)
    .text                                    0x08004918   Section        0  _printf_str.o(.text)
    .text                                    0x0800496c   Section        0  _printf_dec.o(.text)
    .text                                    0x080049e0   Section        0  _printf_charcount.o(.text)
    .text                                    0x08004a08   Section        0  _printf_char_common.o(.text)
    _printf_input_char                       0x08004a09   Thumb Code    10  _printf_char_common.o(.text)
    .text                                    0x08004a38   Section        0  _sputc.o(.text)
    .text                                    0x08004a44   Section        0  _printf_wctomb.o(.text)
    .text                                    0x08004b00   Section        0  _printf_longlong_dec.o(.text)
    .text                                    0x08004b78   Section        0  _printf_oct_int_ll.o(.text)
    _printf_longlong_oct_internal            0x08004b79   Thumb Code     0  _printf_oct_int_ll.o(.text)
    .text                                    0x08004be8   Section        0  _printf_hex_int_ll_ptr.o(.text)
    _printf_hex_common                       0x08004be9   Thumb Code     0  _printf_hex_int_ll_ptr.o(.text)
    .text                                    0x08004c7c   Section        0  __printf_flags_ss_wp.o(.text)
    .text                                    0x08004e04   Section      138  lludiv10.o(.text)
    .text                                    0x08004e8e   Section        0  _printf_intcommon.o(.text)
    .text                                    0x08004f40   Section        0  _printf_fp_dec.o(.text)
    _fp_digits                               0x08004f43   Thumb Code   428  _printf_fp_dec.o(.text)
    .text                                    0x08005356   Section        0  _printf_char.o(.text)
    .text                                    0x08005382   Section        0  _printf_wchar.o(.text)
    .text                                    0x080053ae   Section        0  _wcrtomb.o(.text)
    .text                                    0x080053ee   Section       74  sys_stackheap_outer.o(.text)
    .text                                    0x08005438   Section       16  rt_ctype_table.o(.text)
    .text                                    0x08005448   Section        8  rt_locale_intlibspace.o(.text)
    .text                                    0x08005450   Section        0  _printf_fp_infnan.o(.text)
    .text                                    0x080054d0   Section        0  bigflt0.o(.text)
    .text                                    0x080055a8   Section        0  exit.o(.text)
    .text                                    0x080055b4   Section        8  libspace.o(.text)
    .text                                    0x080055bc   Section      128  strcmpv7m.o(.text)
    .text                                    0x0800563c   Section        0  sys_exit.o(.text)
    .text                                    0x08005648   Section        2  use_no_semi.o(.text)
    .text                                    0x0800564a   Section        0  indicate_semi.o(.text)
    CL$$btod_d2e                             0x0800564a   Section       62  btod.o(CL$$btod_d2e)
    CL$$btod_d2e_denorm_low                  0x08005688   Section       70  btod.o(CL$$btod_d2e_denorm_low)
    CL$$btod_d2e_norm_op1                    0x080056ce   Section       96  btod.o(CL$$btod_d2e_norm_op1)
    CL$$btod_div_common                      0x0800572e   Section      824  btod.o(CL$$btod_div_common)
    CL$$btod_e2e                             0x08005a66   Section      198  btod.o(CL$$btod_e2e)
    CL$$btod_ediv                            0x08005b2c   Section       40  btod.o(CL$$btod_ediv)
    CL$$btod_emul                            0x08005b54   Section       40  btod.o(CL$$btod_emul)
    CL$$btod_mult_common                     0x08005b7c   Section      580  btod.o(CL$$btod_mult_common)
    i.__ARM_fpclassify                       0x08005dc0   Section        0  fpclassify.o(i.__ARM_fpclassify)
    i._is_digit                              0x08005de8   Section        0  __printf_wp.o(i._is_digit)
    locale$$code                             0x08005df8   Section       44  lc_numeric_c.o(locale$$code)
    locale$$code                             0x08005e24   Section       44  lc_ctype_c.o(locale$$code)
    x$fpl$printf1                            0x08005e50   Section        4  printf1.o(x$fpl$printf1)
    .constdata                               0x08005e54   Section      256  os_core.o(.constdata)
    x$fpl$usenofp                            0x08005e54   Section        0  usenofp.o(x$fpl$usenofp)
    .constdata                               0x08005f54   Section        8  _printf_wctomb.o(.constdata)
    initial_mbstate                          0x08005f54   Data           8  _printf_wctomb.o(.constdata)
    .constdata                               0x08005f5c   Section       40  _printf_hex_int_ll_ptr.o(.constdata)
    uc_hextab                                0x08005f5c   Data          20  _printf_hex_int_ll_ptr.o(.constdata)
    lc_hextab                                0x08005f70   Data          20  _printf_hex_int_ll_ptr.o(.constdata)
    .constdata                               0x08005f84   Section       17  __printf_flags_ss_wp.o(.constdata)
    maptable                                 0x08005f84   Data          17  __printf_flags_ss_wp.o(.constdata)
    .constdata                               0x08005f98   Section      148  bigflt0.o(.constdata)
    tenpwrs_x                                0x08005f98   Data          60  bigflt0.o(.constdata)
    tenpwrs_i                                0x08005fd4   Data          64  bigflt0.o(.constdata)
    locale$$data                             0x0800604c   Section       28  lc_numeric_c.o(locale$$data)
    __lcnum_c_name                           0x08006050   Data           2  lc_numeric_c.o(locale$$data)
    __lcnum_c_start                          0x08006058   Data           0  lc_numeric_c.o(locale$$data)
    __lcnum_c_point                          0x08006064   Data           0  lc_numeric_c.o(locale$$data)
    __lcnum_c_thousands                      0x08006066   Data           0  lc_numeric_c.o(locale$$data)
    __lcnum_c_grouping                       0x08006067   Data           0  lc_numeric_c.o(locale$$data)
    locale$$data                             0x08006068   Section      272  lc_ctype_c.o(locale$$data)
    __lcnum_c_end                            0x08006068   Data           0  lc_numeric_c.o(locale$$data)
    __lcctype_c_name                         0x0800606c   Data           2  lc_ctype_c.o(locale$$data)
    __lcctype_c_start                        0x08006074   Data           0  lc_ctype_c.o(locale$$data)
    __lcctype_c_end                          0x08006178   Data           0  lc_ctype_c.o(locale$$data)
    .data                                    0x20000000   Section       20  system_stm32f10x.o(.data)
    .data                                    0x20000014   Section       20  stm32f10x_rcc.o(.data)
    APBAHBPrescTable                         0x20000014   Data          16  stm32f10x_rcc.o(.data)
    ADCPrescTable                            0x20000024   Data           4  stm32f10x_rcc.o(.data)
    .data                                    0x20000028   Section        4  led.o(.data)
    .data                                    0x2000002c   Section        4  delay.o(.data)
    .data                                    0x20000030   Section        6  os_cpu_c.o(.data)
    OSTmrCtr                                 0x20000034   Data           2  os_cpu_c.o(.data)
    .data                                    0x20000038   Section       92  os_core.o(.data)
    .bss                                     0x20000094   Section      472  main.o(.bss)
    .bss                                     0x2000026c   Section      512  os_cpu_c.o(.bss)
    .bss                                     0x2000046c   Section     4272  os_core.o(.bss)
    .bss                                     0x2000151c   Section       96  libspace.o(.bss)
    HEAP                                     0x20001580   Section     1024  startup_stm32f10x_hd.o(HEAP)
    Heap_Mem                                 0x20001580   Data        1024  startup_stm32f10x_hd.o(HEAP)
    STACK                                    0x20001980   Section     1024  startup_stm32f10x_hd.o(STACK)
    Stack_Mem                                0x20001980   Data        1024  startup_stm32f10x_hd.o(STACK)
    __initial_sp                             0x20001d80   Data           0  startup_stm32f10x_hd.o(STACK)

    Global Symbols

    Symbol Name                              Value     Ov Type        Size  Object(Section)

    BuildAttributes$$THM_ISAv4$P$D$K$B$S$PE$A:L22UL41UL21$X:L11$S22US41US21$IEEE1$IW$USESV6$~STKCKD$USESV7$~SHL$OTIME$ROPI$IEEEJ$EBA8$UX$STANDARDLIB$REQ8$PRES8$EABIv2 0x00000000   Number         0  anon$$obj.o ABSOLUTE
    __ARM_use_no_argv                        0x00000000   Number         0  main.o ABSOLUTE
    _printf_flags                            0x00000000   Number         0  printf_stubs.o ABSOLUTE
    _printf_return_value                     0x00000000   Number         0  printf_stubs.o ABSOLUTE
    _printf_sizespec                         0x00000000   Number         0  printf_stubs.o ABSOLUTE
    _printf_widthprec                        0x00000000   Number         0  printf_stubs.o ABSOLUTE
    __ARM_exceptions_init                     - Undefined Weak Reference
    __alloca_initialize                       - Undefined Weak Reference
    __cpp_initialize__aeabi_                  - Undefined Weak Reference
    __cxa_finalize                            - Undefined Weak Reference
    __sigvec_lookup                           - Undefined Weak Reference
    _atexit_init                              - Undefined Weak Reference
    _call_atexit_fns                          - Undefined Weak Reference
    _clock_init                               - Undefined Weak Reference
    _fp_trap_init                             - Undefined Weak Reference
    _fp_trap_shutdown                         - Undefined Weak Reference
    _get_lc_collate                           - Undefined Weak Reference
    _get_lc_monetary                          - Undefined Weak Reference
    _get_lc_time                              - Undefined Weak Reference
    _getenv_init                              - Undefined Weak Reference
    _handle_redirection                       - Undefined Weak Reference
    _init_alloc                               - Undefined Weak Reference
    _init_user_alloc                          - Undefined Weak Reference
    _initio                                   - Undefined Weak Reference
    _printf_fp_hex                            - Undefined Weak Reference
    _printf_mbtowc                            - Undefined Weak Reference
    _printf_wc                                - Undefined Weak Reference
    _rand_init                                - Undefined Weak Reference
    _signal_finish                            - Undefined Weak Reference
    _signal_init                              - Undefined Weak Reference
    _terminate_alloc                          - Undefined Weak Reference
    _terminate_user_alloc                     - Undefined Weak Reference
    _terminateio                              - Undefined Weak Reference
    __Vectors_Size                           0x00000130   Number         0  startup_stm32f10x_hd.o ABSOLUTE
    __Vectors                                0x08000000   Data           4  startup_stm32f10x_hd.o(RESET)
    __Vectors_End                            0x08000130   Data           0  startup_stm32f10x_hd.o(RESET)
    __main                                   0x08000131   Thumb Code     8  __main.o(!!!main)
    __scatterload                            0x08000139   Thumb Code     0  __scatter.o(!!!scatter)
    __scatterload_rt2                        0x08000139   Thumb Code    44  __scatter.o(!!!scatter)
    __scatterload_rt2_thumb_only             0x08000139   Thumb Code     0  __scatter.o(!!!scatter)
    __scatterload_null                       0x08000147   Thumb Code     0  __scatter.o(!!!scatter)
    __scatterload_copy                       0x0800016d   Thumb Code    26  __scatter_copy.o(!!handler_copy)
    __scatterload_zeroinit                   0x08000189   Thumb Code    28  __scatter_zi.o(!!handler_zi)
    _printf_n                                0x080001a5   Thumb Code     0  _printf_n.o(.ARM.Collect$$_printf_percent$$00000001)
    _printf_percent                          0x080001a5   Thumb Code     0  _printf_percent.o(.ARM.Collect$$_printf_percent$$00000000)
    _printf_p                                0x080001ab   Thumb Code     0  _printf_p.o(.ARM.Collect$$_printf_percent$$00000002)
    _printf_f                                0x080001b1   Thumb Code     0  _printf_f.o(.ARM.Collect$$_printf_percent$$00000003)
    _printf_e                                0x080001b7   Thumb Code     0  _printf_e.o(.ARM.Collect$$_printf_percent$$00000004)
    _printf_g                                0x080001bd   Thumb Code     0  _printf_g.o(.ARM.Collect$$_printf_percent$$00000005)
    _printf_a                                0x080001c3   Thumb Code     0  _printf_a.o(.ARM.Collect$$_printf_percent$$00000006)
    _printf_ll                               0x080001c9   Thumb Code     0  _printf_ll.o(.ARM.Collect$$_printf_percent$$00000007)
    _printf_i                                0x080001d3   Thumb Code     0  _printf_i.o(.ARM.Collect$$_printf_percent$$00000008)
    _printf_d                                0x080001d9   Thumb Code     0  _printf_d.o(.ARM.Collect$$_printf_percent$$00000009)
    _printf_u                                0x080001df   Thumb Code     0  _printf_u.o(.ARM.Collect$$_printf_percent$$0000000A)
    _printf_o                                0x080001e5   Thumb Code     0  _printf_o.o(.ARM.Collect$$_printf_percent$$0000000B)
    _printf_x                                0x080001eb   Thumb Code     0  _printf_x.o(.ARM.Collect$$_printf_percent$$0000000C)
    _printf_lli                              0x080001f1   Thumb Code     0  _printf_lli.o(.ARM.Collect$$_printf_percent$$0000000D)
    _printf_lld                              0x080001f7   Thumb Code     0  _printf_lld.o(.ARM.Collect$$_printf_percent$$0000000E)
    _printf_llu                              0x080001fd   Thumb Code     0  _printf_llu.o(.ARM.Collect$$_printf_percent$$0000000F)
    _printf_llo                              0x08000203   Thumb Code     0  _printf_llo.o(.ARM.Collect$$_printf_percent$$00000010)
    _printf_llx                              0x08000209   Thumb Code     0  _printf_llx.o(.ARM.Collect$$_printf_percent$$00000011)
    _printf_l                                0x0800020f   Thumb Code     0  _printf_l.o(.ARM.Collect$$_printf_percent$$00000012)
    _printf_c                                0x08000219   Thumb Code     0  _printf_c.o(.ARM.Collect$$_printf_percent$$00000013)
    _printf_s                                0x0800021f   Thumb Code     0  _printf_s.o(.ARM.Collect$$_printf_percent$$00000014)
    _printf_lc                               0x08000225   Thumb Code     0  _printf_lc.o(.ARM.Collect$$_printf_percent$$00000015)
    _printf_ls                               0x0800022b   Thumb Code     0  _printf_ls.o(.ARM.Collect$$_printf_percent$$00000016)
    _printf_percent_end                      0x08000231   Thumb Code     0  _printf_percent_end.o(.ARM.Collect$$_printf_percent$$00000017)
    __rt_lib_init                            0x08000235   Thumb Code     0  libinit.o(.ARM.Collect$$libinit$$00000000)
    __rt_lib_init_fp_1                       0x08000237   Thumb Code     0  libinit2.o(.ARM.Collect$$libinit$$00000002)
    __rt_lib_init_heap_1                     0x08000237   Thumb Code     0  libinit2.o(.ARM.Collect$$libinit$$00000008)
    __rt_lib_init_lc_common                  0x08000237   Thumb Code     0  libinit2.o(.ARM.Collect$$libinit$$0000000D)
    __rt_lib_init_rand_1                     0x08000237   Thumb Code     0  libinit2.o(.ARM.Collect$$libinit$$0000000C)
    __rt_lib_init_user_alloc_1               0x08000237   Thumb Code     0  libinit2.o(.ARM.Collect$$libinit$$0000000A)
    __rt_lib_init_lc_collate_1               0x0800023d   Thumb Code     0  libinit2.o(.ARM.Collect$$libinit$$0000000F)
    __rt_lib_init_lc_ctype_2                 0x0800023d   Thumb Code     0  libinit2.o(.ARM.Collect$$libinit$$00000010)
    __rt_lib_init_lc_ctype_1                 0x08000249   Thumb Code     0  libinit2.o(.ARM.Collect$$libinit$$00000011)
    __rt_lib_init_lc_monetary_1              0x08000249   Thumb Code     0  libinit2.o(.ARM.Collect$$libinit$$00000013)
    __rt_lib_init_lc_numeric_2               0x08000249   Thumb Code     0  libinit2.o(.ARM.Collect$$libinit$$00000014)
    __rt_lib_init_alloca_1                   0x08000253   Thumb Code     0  libinit2.o(.ARM.Collect$$libinit$$0000002C)
    __rt_lib_init_argv_1                     0x08000253   Thumb Code     0  libinit2.o(.ARM.Collect$$libinit$$0000002A)
    __rt_lib_init_atexit_1                   0x08000253   Thumb Code     0  libinit2.o(.ARM.Collect$$libinit$$00000019)
    __rt_lib_init_clock_1                    0x08000253   Thumb Code     0  libinit2.o(.ARM.Collect$$libinit$$0000001F)
    __rt_lib_init_cpp_1                      0x08000253   Thumb Code     0  libinit2.o(.ARM.Collect$$libinit$$00000030)
    __rt_lib_init_exceptions_1               0x08000253   Thumb Code     0  libinit2.o(.ARM.Collect$$libinit$$0000002E)
    __rt_lib_init_fp_trap_1                  0x08000253   Thumb Code     0  libinit2.o(.ARM.Collect$$libinit$$0000001D)
    __rt_lib_init_getenv_1                   0x08000253   Thumb Code     0  libinit2.o(.ARM.Collect$$libinit$$00000021)
    __rt_lib_init_lc_numeric_1               0x08000253   Thumb Code     0  libinit2.o(.ARM.Collect$$libinit$$00000015)
    __rt_lib_init_lc_time_1                  0x08000253   Thumb Code     0  libinit2.o(.ARM.Collect$$libinit$$00000017)
    __rt_lib_init_return                     0x08000253   Thumb Code     0  libinit2.o(.ARM.Collect$$libinit$$00000031)
    __rt_lib_init_signal_1                   0x08000253   Thumb Code     0  libinit2.o(.ARM.Collect$$libinit$$0000001B)
    __rt_lib_init_stdio_1                    0x08000253   Thumb Code     0  libinit2.o(.ARM.Collect$$libinit$$00000023)
    __rt_lib_shutdown                        0x08000255   Thumb Code     0  libshutdown.o(.ARM.Collect$$libshutdown$$00000000)
    __rt_lib_shutdown_fp_trap_1              0x08000257   Thumb Code     0  libshutdown2.o(.ARM.Collect$$libshutdown$$00000006)
    __rt_lib_shutdown_heap_1                 0x08000257   Thumb Code     0  libshutdown2.o(.ARM.Collect$$libshutdown$$0000000E)
    __rt_lib_shutdown_return                 0x08000257   Thumb Code     0  libshutdown2.o(.ARM.Collect$$libshutdown$$0000000F)
    __rt_lib_shutdown_signal_1               0x08000257   Thumb Code     0  libshutdown2.o(.ARM.Collect$$libshutdown$$00000009)
    __rt_lib_shutdown_stdio_1                0x08000257   Thumb Code     0  libshutdown2.o(.ARM.Collect$$libshutdown$$00000003)
    __rt_lib_shutdown_user_alloc_1           0x08000257   Thumb Code     0  libshutdown2.o(.ARM.Collect$$libshutdown$$0000000B)
    __rt_entry                               0x08000259   Thumb Code     0  rtentry.o(.ARM.Collect$$rtentry$$00000000)
    __rt_entry_presh_1                       0x08000259   Thumb Code     0  rtentry2.o(.ARM.Collect$$rtentry$$00000002)
    __rt_entry_sh                            0x08000259   Thumb Code     0  rtentry4.o(.ARM.Collect$$rtentry$$00000004)
    __rt_entry_li                            0x0800025f   Thumb Code     0  rtentry2.o(.ARM.Collect$$rtentry$$0000000A)
    __rt_entry_postsh_1                      0x0800025f   Thumb Code     0  rtentry2.o(.ARM.Collect$$rtentry$$00000009)
    __rt_entry_main                          0x08000263   Thumb Code     0  rtentry2.o(.ARM.Collect$$rtentry$$0000000D)
    __rt_entry_postli_1                      0x08000263   Thumb Code     0  rtentry2.o(.ARM.Collect$$rtentry$$0000000C)
    __rt_exit                                0x0800026b   Thumb Code     0  rtexit.o(.ARM.Collect$$rtexit$$00000000)
    __rt_exit_ls                             0x0800026d   Thumb Code     0  rtexit2.o(.ARM.Collect$$rtexit$$00000003)
    __rt_exit_prels_1                        0x0800026d   Thumb Code     0  rtexit2.o(.ARM.Collect$$rtexit$$00000002)
    __rt_exit_exit                           0x08000271   Thumb Code     0  rtexit2.o(.ARM.Collect$$rtexit$$00000004)
    NMI_Handler                              0x08000277   Thumb Code     2  stm32f10x_it.o(.text)
    HardFault_Handler                        0x08000279   Thumb Code     4  stm32f10x_it.o(.text)
    MemManage_Handler                        0x0800027d   Thumb Code     4  stm32f10x_it.o(.text)
    BusFault_Handler                         0x08000281   Thumb Code     4  stm32f10x_it.o(.text)
    UsageFault_Handler                       0x08000285   Thumb Code     4  stm32f10x_it.o(.text)
    SVC_Handler                              0x08000289   Thumb Code     2  stm32f10x_it.o(.text)
    DebugMon_Handler                         0x0800028b   Thumb Code     2  stm32f10x_it.o(.text)
    SysTick_Handler                          0x0800028d   Thumb Code     2  stm32f10x_it.o(.text)
    EXTI0_IRQHandler                         0x0800028f   Thumb Code     2  stm32f10x_it.o(.text)
    RTC_IRQHandler                           0x08000291   Thumb Code     2  stm32f10x_it.o(.text)
    SystemInit                               0x08000373   Thumb Code    78  system_stm32f10x.o(.text)
    SystemCoreClockUpdate                    0x080003c1   Thumb Code   142  system_stm32f10x.o(.text)
    Reset_Handler                            0x0800047d   Thumb Code     8  startup_stm32f10x_hd.o(.text)
    ADC1_2_IRQHandler                        0x08000497   Thumb Code     0  startup_stm32f10x_hd.o(.text)
    ADC3_IRQHandler                          0x08000497   Thumb Code     0  startup_stm32f10x_hd.o(.text)
    CAN1_RX1_IRQHandler                      0x08000497   Thumb Code     0  startup_stm32f10x_hd.o(.text)
    CAN1_SCE_IRQHandler                      0x08000497   Thumb Code     0  startup_stm32f10x_hd.o(.text)
    DMA1_Channel1_IRQHandler                 0x08000497   Thumb Code     0  startup_stm32f10x_hd.o(.text)
    DMA1_Channel2_IRQHandler                 0x08000497   Thumb Code     0  startup_stm32f10x_hd.o(.text)
    DMA1_Channel3_IRQHandler                 0x08000497   Thumb Code     0  startup_stm32f10x_hd.o(.text)
    DMA1_Channel4_IRQHandler                 0x08000497   Thumb Code     0  startup_stm32f10x_hd.o(.text)
    DMA1_Channel5_IRQHandler                 0x08000497   Thumb Code     0  startup_stm32f10x_hd.o(.text)
    DMA1_Channel6_IRQHandler                 0x08000497   Thumb Code     0  startup_stm32f10x_hd.o(.text)
    DMA1_Channel7_IRQHandler                 0x08000497   Thumb Code     0  startup_stm32f10x_hd.o(.text)
    DMA2_Channel1_IRQHandler                 0x08000497   Thumb Code     0  startup_stm32f10x_hd.o(.text)
    DMA2_Channel2_IRQHandler                 0x08000497   Thumb Code     0  startup_stm32f10x_hd.o(.text)
    DMA2_Channel3_IRQHandler                 0x08000497   Thumb Code     0  startup_stm32f10x_hd.o(.text)
    DMA2_Channel4_5_IRQHandler               0x08000497   Thumb Code     0  startup_stm32f10x_hd.o(.text)
    EXTI1_IRQHandler                         0x08000497   Thumb Code     0  startup_stm32f10x_hd.o(.text)
    EXTI3_IRQHandler                         0x08000497   Thumb Code     0  startup_stm32f10x_hd.o(.text)
    EXTI4_IRQHandler                         0x08000497   Thumb Code     0  startup_stm32f10x_hd.o(.text)
    EXTI9_5_IRQHandler                       0x08000497   Thumb Code     0  startup_stm32f10x_hd.o(.text)
    FLASH_IRQHandler                         0x08000497   Thumb Code     0  startup_stm32f10x_hd.o(.text)
    FSMC_IRQHandler                          0x08000497   Thumb Code     0  startup_stm32f10x_hd.o(.text)
    I2C1_ER_IRQHandler                       0x08000497   Thumb Code     0  startup_stm32f10x_hd.o(.text)
    I2C1_EV_IRQHandler                       0x08000497   Thumb Code     0  startup_stm32f10x_hd.o(.text)
    I2C2_ER_IRQHandler                       0x08000497   Thumb Code     0  startup_stm32f10x_hd.o(.text)
    I2C2_EV_IRQHandler                       0x08000497   Thumb Code     0  startup_stm32f10x_hd.o(.text)
    PVD_IRQHandler                           0x08000497   Thumb Code     0  startup_stm32f10x_hd.o(.text)
    RCC_IRQHandler                           0x08000497   Thumb Code     0  startup_stm32f10x_hd.o(.text)
    RTCAlarm_IRQHandler                      0x08000497   Thumb Code     0  startup_stm32f10x_hd.o(.text)
    SDIO_IRQHandler                          0x08000497   Thumb Code     0  startup_stm32f10x_hd.o(.text)
    SPI1_IRQHandler                          0x08000497   Thumb Code     0  startup_stm32f10x_hd.o(.text)
    SPI2_IRQHandler                          0x08000497   Thumb Code     0  startup_stm32f10x_hd.o(.text)
    SPI3_IRQHandler                          0x08000497   Thumb Code     0  startup_stm32f10x_hd.o(.text)
    TAMPER_IRQHandler                        0x08000497   Thumb Code     0  startup_stm32f10x_hd.o(.text)
    TIM1_BRK_IRQHandler                      0x08000497   Thumb Code     0  startup_stm32f10x_hd.o(.text)
    TIM1_CC_IRQHandler                       0x08000497   Thumb Code     0  startup_stm32f10x_hd.o(.text)
    TIM1_TRG_COM_IRQHandler                  0x08000497   Thumb Code     0  startup_stm32f10x_hd.o(.text)
    TIM1_UP_IRQHandler                       0x08000497   Thumb Code     0  startup_stm32f10x_hd.o(.text)
    TIM2_IRQHandler                          0x08000497   Thumb Code     0  startup_stm32f10x_hd.o(.text)
    TIM3_IRQHandler                          0x08000497   Thumb Code     0  startup_stm32f10x_hd.o(.text)
    TIM4_IRQHandler                          0x08000497   Thumb Code     0  startup_stm32f10x_hd.o(.text)
    TIM5_IRQHandler                          0x08000497   Thumb Code     0  startup_stm32f10x_hd.o(.text)
    TIM6_IRQHandler                          0x08000497   Thumb Code     0  startup_stm32f10x_hd.o(.text)
    TIM7_IRQHandler                          0x08000497   Thumb Code     0  startup_stm32f10x_hd.o(.text)
    TIM8_BRK_IRQHandler                      0x08000497   Thumb Code     0  startup_stm32f10x_hd.o(.text)
    TIM8_CC_IRQHandler                       0x08000497   Thumb Code     0  startup_stm32f10x_hd.o(.text)
    TIM8_TRG_COM_IRQHandler                  0x08000497   Thumb Code     0  startup_stm32f10x_hd.o(.text)
    TIM8_UP_IRQHandler                       0x08000497   Thumb Code     0  startup_stm32f10x_hd.o(.text)
    UART4_IRQHandler                         0x08000497   Thumb Code     0  startup_stm32f10x_hd.o(.text)
    UART5_IRQHandler                         0x08000497   Thumb Code     0  startup_stm32f10x_hd.o(.text)
    USART3_IRQHandler                        0x08000497   Thumb Code     0  startup_stm32f10x_hd.o(.text)
    USBWakeUp_IRQHandler                     0x08000497   Thumb Code     0  startup_stm32f10x_hd.o(.text)
    USB_HP_CAN1_TX_IRQHandler                0x08000497   Thumb Code     0  startup_stm32f10x_hd.o(.text)
    USB_LP_CAN1_RX0_IRQHandler               0x08000497   Thumb Code     0  startup_stm32f10x_hd.o(.text)
    WWDG_IRQHandler                          0x08000497   Thumb Code     0  startup_stm32f10x_hd.o(.text)
    __user_initial_stackheap                 0x08000499   Thumb Code     0  startup_stm32f10x_hd.o(.text)
    NVIC_PriorityGroupConfig                 0x080004bd   Thumb Code    10  misc.o(.text)
    NVIC_Init                                0x080004c7   Thumb Code   100  misc.o(.text)
    NVIC_SetVectorTable                      0x0800052b   Thumb Code    14  misc.o(.text)
    NVIC_SystemLPConfig                      0x08000539   Thumb Code    34  misc.o(.text)
    SysTick_CLKSourceConfig                  0x0800055b   Thumb Code    40  misc.o(.text)
    GPIO_DeInit                              0x08000599   Thumb Code   172  stm32f10x_gpio.o(.text)
    GPIO_AFIODeInit                          0x08000645   Thumb Code    20  stm32f10x_gpio.o(.text)
    GPIO_Init                                0x08000659   Thumb Code   278  stm32f10x_gpio.o(.text)
    GPIO_StructInit                          0x0800076f   Thumb Code    16  stm32f10x_gpio.o(.text)
    GPIO_ReadInputDataBit                    0x0800077f   Thumb Code    18  stm32f10x_gpio.o(.text)
    GPIO_ReadInputData                       0x08000791   Thumb Code     8  stm32f10x_gpio.o(.text)
    GPIO_ReadOutputDataBit                   0x08000799   Thumb Code    18  stm32f10x_gpio.o(.text)
    GPIO_ReadOutputData                      0x080007ab   Thumb Code     8  stm32f10x_gpio.o(.text)
    GPIO_SetBits                             0x080007b3   Thumb Code     4  stm32f10x_gpio.o(.text)
    GPIO_ResetBits                           0x080007b7   Thumb Code     4  stm32f10x_gpio.o(.text)
    GPIO_WriteBit                            0x080007bb   Thumb Code    10  stm32f10x_gpio.o(.text)
    GPIO_Write                               0x080007c5   Thumb Code     4  stm32f10x_gpio.o(.text)
    GPIO_PinLockConfig                       0x080007c9   Thumb Code    18  stm32f10x_gpio.o(.text)
    GPIO_EventOutputConfig                   0x080007db   Thumb Code    26  stm32f10x_gpio.o(.text)
    GPIO_EventOutputCmd                      0x080007f5   Thumb Code     6  stm32f10x_gpio.o(.text)
    GPIO_PinRemapConfig                      0x080007fb   Thumb Code   138  stm32f10x_gpio.o(.text)
    GPIO_EXTILineConfig                      0x08000885   Thumb Code    66  stm32f10x_gpio.o(.text)
    GPIO_ETH_MediaInterfaceConfig            0x080008c7   Thumb Code     8  stm32f10x_gpio.o(.text)
    RCC_DeInit                               0x080008f5   Thumb Code    64  stm32f10x_rcc.o(.text)
    RCC_HSEConfig                            0x08000935   Thumb Code    70  stm32f10x_rcc.o(.text)
    RCC_GetFlagStatus                        0x0800097b   Thumb Code    56  stm32f10x_rcc.o(.text)
    RCC_WaitForHSEStartUp                    0x080009b3   Thumb Code    56  stm32f10x_rcc.o(.text)
    RCC_AdjustHSICalibrationValue            0x080009eb   Thumb Code    20  stm32f10x_rcc.o(.text)
    RCC_HSICmd                               0x080009ff   Thumb Code     6  stm32f10x_rcc.o(.text)
    RCC_PLLConfig                            0x08000a05   Thumb Code    24  stm32f10x_rcc.o(.text)
    RCC_PLLCmd                               0x08000a1d   Thumb Code     6  stm32f10x_rcc.o(.text)
    RCC_SYSCLKConfig                         0x08000a23   Thumb Code    18  stm32f10x_rcc.o(.text)
    RCC_GetSYSCLKSource                      0x08000a35   Thumb Code    10  stm32f10x_rcc.o(.text)
    RCC_HCLKConfig                           0x08000a3f   Thumb Code    18  stm32f10x_rcc.o(.text)
    RCC_PCLK1Config                          0x08000a51   Thumb Code    18  stm32f10x_rcc.o(.text)
    RCC_PCLK2Config                          0x08000a63   Thumb Code    20  stm32f10x_rcc.o(.text)
    RCC_ITConfig                             0x08000a77   Thumb Code    26  stm32f10x_rcc.o(.text)
    RCC_USBCLKConfig                         0x08000a91   Thumb Code     8  stm32f10x_rcc.o(.text)
    RCC_ADCCLKConfig                         0x08000a99   Thumb Code    18  stm32f10x_rcc.o(.text)
    RCC_LSEConfig                            0x08000aab   Thumb Code    50  stm32f10x_rcc.o(.text)
    RCC_LSICmd                               0x08000add   Thumb Code     6  stm32f10x_rcc.o(.text)
    RCC_RTCCLKConfig                         0x08000ae3   Thumb Code    12  stm32f10x_rcc.o(.text)
    RCC_RTCCLKCmd                            0x08000aef   Thumb Code     8  stm32f10x_rcc.o(.text)
    RCC_GetClocksFreq                        0x08000af7   Thumb Code   192  stm32f10x_rcc.o(.text)
    RCC_AHBPeriphClockCmd                    0x08000bb7   Thumb Code    26  stm32f10x_rcc.o(.text)
    RCC_APB2PeriphClockCmd                   0x08000bd1   Thumb Code    26  stm32f10x_rcc.o(.text)
    RCC_APB1PeriphClockCmd                   0x08000beb   Thumb Code    26  stm32f10x_rcc.o(.text)
    RCC_APB2PeriphResetCmd                   0x08000c05   Thumb Code    26  stm32f10x_rcc.o(.text)
    RCC_APB1PeriphResetCmd                   0x08000c1f   Thumb Code    26  stm32f10x_rcc.o(.text)
    RCC_BackupResetCmd                       0x08000c39   Thumb Code     8  stm32f10x_rcc.o(.text)
    RCC_ClockSecuritySystemCmd               0x08000c41   Thumb Code     6  stm32f10x_rcc.o(.text)
    RCC_MCOConfig                            0x08000c47   Thumb Code     6  stm32f10x_rcc.o(.text)
    RCC_ClearFlag                            0x08000c4d   Thumb Code    14  stm32f10x_rcc.o(.text)
    RCC_GetITStatus                          0x08000c5b   Thumb Code    20  stm32f10x_rcc.o(.text)
    RCC_ClearITPendingBit                    0x08000c6f   Thumb Code     6  stm32f10x_rcc.o(.text)
    EXTI_DeInit                              0x08000ca1   Thumb Code    28  stm32f10x_exti.o(.text)
    EXTI_Init                                0x08000cbd   Thumb Code   142  stm32f10x_exti.o(.text)
    EXTI_StructInit                          0x08000d4b   Thumb Code    16  stm32f10x_exti.o(.text)
    EXTI_GenerateSWInterrupt                 0x08000d5b   Thumb Code    16  stm32f10x_exti.o(.text)
    EXTI_GetFlagStatus                       0x08000d6b   Thumb Code    22  stm32f10x_exti.o(.text)
    EXTI_ClearFlag                           0x08000d81   Thumb Code     8  stm32f10x_exti.o(.text)
    EXTI_GetITStatus                         0x08000d89   Thumb Code    34  stm32f10x_exti.o(.text)
    EXTI_ClearITPendingBit                   0x08000dab   Thumb Code     8  stm32f10x_exti.o(.text)
    USART_DeInit                             0x08000dbd   Thumb Code   134  stm32f10x_usart.o(.text)
    USART_Init                               0x08000e43   Thumb Code   210  stm32f10x_usart.o(.text)
    USART_StructInit                         0x08000f15   Thumb Code    24  stm32f10x_usart.o(.text)
    USART_ClockInit                          0x08000f2d   Thumb Code    34  stm32f10x_usart.o(.text)
    USART_ClockStructInit                    0x08000f4f   Thumb Code    12  stm32f10x_usart.o(.text)
    USART_Cmd                                0x08000f5b   Thumb Code    24  stm32f10x_usart.o(.text)
    USART_ITConfig                           0x08000f73   Thumb Code    74  stm32f10x_usart.o(.text)
    USART_DMACmd                             0x08000fbd   Thumb Code    18  stm32f10x_usart.o(.text)
    USART_SetAddress                         0x08000fcf   Thumb Code    18  stm32f10x_usart.o(.text)
    USART_WakeUpConfig                       0x08000fe1   Thumb Code    18  stm32f10x_usart.o(.text)
    USART_ReceiverWakeUpCmd                  0x08000ff3   Thumb Code    24  stm32f10x_usart.o(.text)
    USART_LINBreakDetectLengthConfig         0x0800100b   Thumb Code    18  stm32f10x_usart.o(.text)
    USART_LINCmd                             0x0800101d   Thumb Code    24  stm32f10x_usart.o(.text)
    USART_SendData                           0x08001035   Thumb Code     8  stm32f10x_usart.o(.text)
    USART_ReceiveData                        0x0800103d   Thumb Code    10  stm32f10x_usart.o(.text)
    USART_SendBreak                          0x08001047   Thumb Code    10  stm32f10x_usart.o(.text)
    USART_SetGuardTime                       0x08001051   Thumb Code    16  stm32f10x_usart.o(.text)
    USART_SetPrescaler                       0x08001061   Thumb Code    16  stm32f10x_usart.o(.text)
    USART_SmartCardCmd                       0x08001071   Thumb Code    24  stm32f10x_usart.o(.text)
    USART_SmartCardNACKCmd                   0x08001089   Thumb Code    24  stm32f10x_usart.o(.text)
    USART_HalfDuplexCmd                      0x080010a1   Thumb Code    24  stm32f10x_usart.o(.text)
    USART_OverSampling8Cmd                   0x080010b9   Thumb Code    22  stm32f10x_usart.o(.text)
    USART_OneBitMethodCmd                    0x080010cf   Thumb Code    24  stm32f10x_usart.o(.text)
    USART_IrDAConfig                         0x080010e7   Thumb Code    18  stm32f10x_usart.o(.text)
    USART_IrDACmd                            0x080010f9   Thumb Code    24  stm32f10x_usart.o(.text)
    USART_GetFlagStatus                      0x08001111   Thumb Code    26  stm32f10x_usart.o(.text)
    USART_ClearFlag                          0x0800112b   Thumb Code    18  stm32f10x_usart.o(.text)
    USART_GetITStatus                        0x0800113d   Thumb Code    84  stm32f10x_usart.o(.text)
    USART_ClearITPendingBit                  0x08001191   Thumb Code    52  stm32f10x_usart.o(.text)
    Led7_Set                                 0x080011c5   Thumb Code    40  led.o(.text)
    Led6_Set                                 0x080011ed   Thumb Code    40  led.o(.text)
    Led5_Set                                 0x08001215   Thumb Code    40  led.o(.text)
    Led4_Set                                 0x0800123d   Thumb Code    38  led.o(.text)
    Led_Init                                 0x08001263   Thumb Code    80  led.o(.text)
    WaterLights                              0x080012b3   Thumb Code   104  led.o(.text)
    Delay_Init                               0x08001335   Thumb Code    48  delay.o(.text)
    DelayUs                                  0x08001365   Thumb Code    60  delay.o(.text)
    DelayXms                                 0x080013a1   Thumb Code    66  delay.o(.text)
    DelayMs                                  0x080013e3   Thumb Code    60  delay.o(.text)
    Exti_Key_Init                            0x08001429   Thumb Code   166  exti.o(.text)
    EXTI15_10_IRQHandler                     0x080014cf   Thumb Code   130  exti.o(.text)
    EXTI2_IRQHandler                         0x08001551   Thumb Code    42  exti.o(.text)
    Usart1_Init                              0x08001585   Thumb Code   166  usart.o(.text)
    Usart2_Init                              0x0800162b   Thumb Code   162  usart.o(.text)
    Usart_SendString                         0x080016cd   Thumb Code    50  usart.o(.text)
    UsartPrintf                              0x080016ff   Thumb Code    68  usart.o(.text)
    Usart1_IO_WaitRecive                     0x08001743   Thumb Code    42  usart.o(.text)
    Usart2_IO_WaitRecive                     0x0800176d   Thumb Code    42  usart.o(.text)
    USART1_IRQHandler                        0x08001797   Thumb Code    62  usart.o(.text)
    USART2_IRQHandler                        0x080017d5   Thumb Code    62  usart.o(.text)
    Usart2_Send_Cmd                          0x08001813   Thumb Code    44  usart.o(.text)
    Hardware_Init                            0x08001855   Thumb Code    36  main.o(.text)
    main                                     0x08001879   Thumb Code   130  main.o(.text)
    Led_Set                                  0x0800191d   Thumb Code   118  manage.o(.text)
    Manager                                  0x08001993   Thumb Code   114  manage.o(.text)
    Conversion_Handle                        0x08001a05   Thumb Code   230  manage.o(.text)
    OSInitHookBegin                          0x08001b39   Thumb Code    30  os_cpu_c.o(.text)
    OSInitHookEnd                            0x08001b57   Thumb Code     2  os_cpu_c.o(.text)
    OSTaskCreateHook                         0x08001b59   Thumb Code     2  os_cpu_c.o(.text)
    OSTaskDelHook                            0x08001b5b   Thumb Code     2  os_cpu_c.o(.text)
    OSTaskIdleHook                           0x08001b5d   Thumb Code     2  os_cpu_c.o(.text)
    OSTaskReturnHook                         0x08001b5f   Thumb Code     2  os_cpu_c.o(.text)
    OSTaskStatHook                           0x08001b61   Thumb Code     2  os_cpu_c.o(.text)
    OSTaskStkInit                            0x08001b63   Thumb Code   152  os_cpu_c.o(.text)
    OSTaskSwHook                             0x08001bfb   Thumb Code     2  os_cpu_c.o(.text)
    OSTCBInitHook                            0x08001bfd   Thumb Code     2  os_cpu_c.o(.text)
    OSTimeTickHook                           0x08001bff   Thumb Code    30  os_cpu_c.o(.text)
    OS_CPU_SysTickHandler                    0x08001c1d   Thumb Code    34  os_cpu_c.o(.text)
    OS_CPU_SysTickInit                       0x08001c3f   Thumb Code    42  os_cpu_c.o(.text)
    OS_TaskStatStkChk                        0x08001c85   Thumb Code    54  os_core.o(.text)
    OS_TaskStat                              0x08001cbb   Thumb Code   116  os_core.o(.text)
    OS_TaskIdle                              0x08001d63   Thumb Code    34  os_core.o(.text)
    OS_MemClr                                0x08001db9   Thumb Code    18  os_core.o(.text)
    OSInit                                   0x08001ed9   Thumb Code    48  os_core.o(.text)
    OSIntEnter                               0x08001f09   Thumb Code    28  os_core.o(.text)
    OSIntExit                                0x08001f3f   Thumb Code   112  os_core.o(.text)
    OSSchedLock                              0x08001faf   Thumb Code    50  os_core.o(.text)
    OS_Sched                                 0x08001fe1   Thumb Code    88  os_core.o(.text)
    OSSchedUnlock                            0x08002039   Thumb Code   236  os_core.o(.text)
    OSStart                                  0x08002125   Thumb Code    48  os_core.o(.text)
    OSStatInit                               0x08002155   Thumb Code    62  os_core.o(.text)
    OSTimeTick                               0x08002193   Thumb Code   210  os_core.o(.text)
    OSVersion                                0x08002265   Thumb Code     6  os_core.o(.text)
    OS_Dummy                                 0x0800226b   Thumb Code     2  os_core.o(.text)
    OS_EventTaskRemove                       0x0800226d   Thumb Code    42  os_core.o(.text)
    OS_EventTaskRdy                          0x08002297   Thumb Code   114  os_core.o(.text)
    OS_EventTaskWait                         0x08002309   Thumb Code   112  os_core.o(.text)
    OS_EventWaitListInit                     0x08002379   Thumb Code    28  os_core.o(.text)
    OS_MemCopy                               0x08002395   Thumb Code    20  os_core.o(.text)
    OS_StrLen                                0x080023a9   Thumb Code    20  os_core.o(.text)
    OS_TCBInit                               0x080023bd   Thumb Code   280  os_core.o(.text)
    OSFlagAccept                             0x08002519   Thumb Code   252  os_flag.o(.text)
    OSFlagCreate                             0x08002615   Thumb Code    86  os_flag.o(.text)
    OS_FlagUnlink                            0x0800266b   Thumb Code    36  os_flag.o(.text)
    OSFlagDel                                0x080026e1   Thumb Code   214  os_flag.o(.text)
    OSFlagNameGet                            0x080027b7   Thumb Code    80  os_flag.o(.text)
    OSFlagNameSet                            0x08002807   Thumb Code    66  os_flag.o(.text)
    OSFlagPend                               0x080028e1   Thumb Code   614  os_flag.o(.text)
    OSFlagPendGetFlagsRdy                    0x08002b47   Thumb Code    26  os_flag.o(.text)
    OSFlagPost                               0x08002b61   Thumb Code   312  os_flag.o(.text)
    OSFlagQuery                              0x08002c99   Thumb Code    48  os_flag.o(.text)
    OS_FlagInit                              0x08002cc9   Thumb Code    78  os_flag.o(.text)
    OSQAccept                                0x08002d25   Thumb Code    88  os_q.o(.text)
    OSQCreate                                0x08002d7d   Thumb Code   140  os_q.o(.text)
    OSQDel                                   0x08002e09   Thumb Code   236  os_q.o(.text)
    OSQFlush                                 0x08002ef5   Thumb Code    36  os_q.o(.text)
    OSQPend                                  0x08002f19   Thumb Code   272  os_q.o(.text)
    OSQPendAbort                             0x08003029   Thumb Code   128  os_q.o(.text)
    OSQPost                                  0x080030a9   Thumb Code   114  os_q.o(.text)
    OSQPostFront                             0x0800311b   Thumb Code   136  os_q.o(.text)
    OSQPostOpt                               0x080031a3   Thumb Code   182  os_q.o(.text)
    OSQQuery                                 0x08003259   Thumb Code    98  os_q.o(.text)
    OS_QInit                                 0x080032bb   Thumb Code    72  os_q.o(.text)
    OSSemAccept                              0x0800330d   Thumb Code    42  os_sem.o(.text)
    OSSemCreate                              0x08003337   Thumb Code    68  os_sem.o(.text)
    OSSemDel                                 0x0800337b   Thumb Code   200  os_sem.o(.text)
    OSSemPend                                0x08003443   Thumb Code   222  os_sem.o(.text)
    OSSemPendAbort                           0x08003521   Thumb Code   128  os_sem.o(.text)
    OSSemPost                                0x080035a1   Thumb Code    88  os_sem.o(.text)
    OSSemQuery                               0x080035f9   Thumb Code    76  os_sem.o(.text)
    OSSemSet                                 0x08003645   Thumb Code    66  os_sem.o(.text)
    OSTaskChangePrio                         0x08003699   Thumb Code   308  os_task.o(.text)
    OSTaskCreate                             0x080037cd   Thumb Code   148  os_task.o(.text)
    OS_TaskStkClr                            0x08003861   Thumb Code    26  os_task.o(.text)
    OSTaskCreateExt                          0x0800387b   Thumb Code   170  os_task.o(.text)
    OSTaskDel                                0x08003925   Thumb Code   294  os_task.o(.text)
    OSTaskDelReq                             0x08003a4b   Thumb Code   144  os_task.o(.text)
    OSTaskNameGet                            0x08003adb   Thumb Code   114  os_task.o(.text)
    OSTaskNameSet                            0x08003b4d   Thumb Code    98  os_task.o(.text)
    OSTaskResume                             0x08003baf   Thumb Code   154  os_task.o(.text)
    OSTaskStkChk                             0x08003c49   Thumb Code   128  os_task.o(.text)
    OSTaskSuspend                            0x08003cc9   Thumb Code   152  os_task.o(.text)
    OSTaskQuery                              0x08003d61   Thumb Code    82  os_task.o(.text)
    OSTaskRegGet                             0x08003db3   Thumb Code    60  os_task.o(.text)
    OSTaskRegSet                             0x08003def   Thumb Code    62  os_task.o(.text)
    OS_TaskReturn                            0x08003e2d   Thumb Code    18  os_task.o(.text)
    OSTimeDly                                0x08003e59   Thumb Code   100  os_time.o(.text)
    OSTimeDlyHMSM                            0x08003ebd   Thumb Code    86  os_time.o(.text)
    OSTimeDlyResume                          0x08003f13   Thumb Code   168  os_time.o(.text)
    OSTimeGet                                0x08003fbb   Thumb Code    24  os_time.o(.text)
    OSTimeSet                                0x08003fd3   Thumb Code    24  os_time.o(.text)
    OSTmrCreate                              0x0800403b   Thumb Code   108  os_tmr.o(.text)
    OSTmrDel                                 0x0800411f   Thumb Code   124  os_tmr.o(.text)
    OSTmrNameGet                             0x0800419b   Thumb Code   114  os_tmr.o(.text)
    OSTmrRemainGet                           0x0800420d   Thumb Code   164  os_tmr.o(.text)
    OSTmrStateGet                            0x080042b1   Thumb Code    86  os_tmr.o(.text)
    OSTmrStart                               0x0800436b   Thumb Code   158  os_tmr.o(.text)
    OSTmrStop                                0x08004409   Thumb Code   180  os_tmr.o(.text)
    OSTmrSignal                              0x080044bd   Thumb Code    16  os_tmr.o(.text)
    OSTmr_Init                               0x08004571   Thumb Code   152  os_tmr.o(.text)
    OS_CPU_SR_Save                           0x08004649   Thumb Code     0  os_cpu_a.o(.text)
    OS_CPU_SR_Restore                        0x08004651   Thumb Code     0  os_cpu_a.o(.text)
    OSStartHighRdy                           0x08004657   Thumb Code     0  os_cpu_a.o(.text)
    OSCtxSw                                  0x08004679   Thumb Code     0  os_cpu_a.o(.text)
    OSIntCtxSw                               0x08004687   Thumb Code     0  os_cpu_a.o(.text)
    PendSV_Handler                           0x08004697   Thumb Code     0  os_cpu_a.o(.text)
    __c89vsprintf                            0x080046fd   Thumb Code    32  c89vsprintf.o(.text)
    __aeabi_memcpy                           0x08004721   Thumb Code     0  rt_memcpy_v6.o(.text)
    __rt_memcpy                              0x08004721   Thumb Code   138  rt_memcpy_v6.o(.text)
    _memcpy_lastbytes                        0x08004787   Thumb Code     0  rt_memcpy_v6.o(.text)
    __aeabi_memcpy4                          0x080047ab   Thumb Code     0  rt_memcpy_w.o(.text)
    __aeabi_memcpy8                          0x080047ab   Thumb Code     0  rt_memcpy_w.o(.text)
    __rt_memcpy_w                            0x080047ab   Thumb Code   100  rt_memcpy_w.o(.text)
    _memcpy_lastbytes_aligned                0x080047f3   Thumb Code     0  rt_memcpy_w.o(.text)
    __aeabi_memclr                           0x0800480f   Thumb Code     0  rt_memclr.o(.text)
    __rt_memclr                              0x0800480f   Thumb Code    68  rt_memclr.o(.text)
    _memset                                  0x08004813   Thumb Code     0  rt_memclr.o(.text)
    __aeabi_memclr4                          0x08004853   Thumb Code     0  rt_memclr_w.o(.text)
    __aeabi_memclr8                          0x08004853   Thumb Code     0  rt_memclr_w.o(.text)
    __rt_memclr_w                            0x08004853   Thumb Code    78  rt_memclr_w.o(.text)
    _memset_w                                0x08004857   Thumb Code     0  rt_memclr_w.o(.text)
    __use_two_region_memory                  0x080048a1   Thumb Code     2  heapauxi.o(.text)
    __rt_heap_escrow$2region                 0x080048a3   Thumb Code     2  heapauxi.o(.text)
    __rt_heap_expand$2region                 0x080048a5   Thumb Code     2  heapauxi.o(.text)
    _printf_pre_padding                      0x080048a7   Thumb Code    44  _printf_pad.o(.text)
    _printf_post_padding                     0x080048d3   Thumb Code    34  _printf_pad.o(.text)
    _printf_truncate_signed                  0x080048f5   Thumb Code    18  _printf_truncate.o(.text)
    _printf_truncate_unsigned                0x08004907   Thumb Code    18  _printf_truncate.o(.text)
    _printf_str                              0x08004919   Thumb Code    82  _printf_str.o(.text)
    _printf_int_dec                          0x0800496d   Thumb Code   100  _printf_dec.o(.text)
    _printf_charcount                        0x080049e1   Thumb Code    40  _printf_charcount.o(.text)
    _printf_char_common                      0x08004a13   Thumb Code    32  _printf_char_common.o(.text)
    _sputc                                   0x08004a39   Thumb Code    10  _sputc.o(.text)
    _printf_wctomb                           0x08004a45   Thumb Code   182  _printf_wctomb.o(.text)
    _printf_longlong_dec                     0x08004b01   Thumb Code   104  _printf_longlong_dec.o(.text)
    _printf_longlong_oct                     0x08004b79   Thumb Code    68  _printf_oct_int_ll.o(.text)
    _printf_int_oct                          0x08004bbd   Thumb Code    24  _printf_oct_int_ll.o(.text)
    _printf_ll_oct                           0x08004bd5   Thumb Code    12  _printf_oct_int_ll.o(.text)
    _printf_longlong_hex                     0x08004be9   Thumb Code    86  _printf_hex_int_ll_ptr.o(.text)
    _printf_int_hex                          0x08004c3f   Thumb Code    28  _printf_hex_int_ll_ptr.o(.text)
    _printf_ll_hex                           0x08004c5b   Thumb Code    12  _printf_hex_int_ll_ptr.o(.text)
    _printf_hex_ptr                          0x08004c67   Thumb Code    18  _printf_hex_int_ll_ptr.o(.text)
    __printf                                 0x08004c7d   Thumb Code   388  __printf_flags_ss_wp.o(.text)
    _ll_udiv10                               0x08004e05   Thumb Code   138  lludiv10.o(.text)
    _printf_int_common                       0x08004e8f   Thumb Code   178  _printf_intcommon.o(.text)
    __lib_sel_fp_printf                      0x08004f41   Thumb Code     2  _printf_fp_dec.o(.text)
    _printf_fp_dec_real                      0x080050ef   Thumb Code   616  _printf_fp_dec.o(.text)
    _printf_cs_common                        0x08005357   Thumb Code    20  _printf_char.o(.text)
    _printf_char                             0x0800536b   Thumb Code    16  _printf_char.o(.text)
    _printf_string                           0x0800537b   Thumb Code     8  _printf_char.o(.text)
    _printf_lcs_common                       0x08005383   Thumb Code    20  _printf_wchar.o(.text)
    _printf_wchar                            0x08005397   Thumb Code    16  _printf_wchar.o(.text)
    _printf_wstring                          0x080053a7   Thumb Code     8  _printf_wchar.o(.text)
    _wcrtomb                                 0x080053af   Thumb Code    64  _wcrtomb.o(.text)
    __user_setup_stackheap                   0x080053ef   Thumb Code    74  sys_stackheap_outer.o(.text)
    __rt_ctype_table                         0x08005439   Thumb Code    16  rt_ctype_table.o(.text)
    __rt_locale                              0x08005449   Thumb Code     8  rt_locale_intlibspace.o(.text)
    _printf_fp_infnan                        0x08005451   Thumb Code   112  _printf_fp_infnan.o(.text)
    _btod_etento                             0x080054d1   Thumb Code   212  bigflt0.o(.text)
    exit                                     0x080055a9   Thumb Code    12  exit.o(.text)
    __user_libspace                          0x080055b5   Thumb Code     8  libspace.o(.text)
    __user_perproc_libspace                  0x080055b5   Thumb Code     0  libspace.o(.text)
    __user_perthread_libspace                0x080055b5   Thumb Code     0  libspace.o(.text)
    strcmp                                   0x080055bd   Thumb Code   128  strcmpv7m.o(.text)
    _sys_exit                                0x0800563d   Thumb Code     8  sys_exit.o(.text)
    __I$use$semihosting                      0x08005649   Thumb Code     0  use_no_semi.o(.text)
    __use_no_semihosting_swi                 0x08005649   Thumb Code     2  use_no_semi.o(.text)
    __semihosting_library_function           0x0800564b   Thumb Code     0  indicate_semi.o(.text)
    _btod_d2e                                0x0800564b   Thumb Code    62  btod.o(CL$$btod_d2e)
    _d2e_denorm_low                          0x08005689   Thumb Code    70  btod.o(CL$$btod_d2e_denorm_low)
    _d2e_norm_op1                            0x080056cf   Thumb Code    96  btod.o(CL$$btod_d2e_norm_op1)
    __btod_div_common                        0x0800572f   Thumb Code   696  btod.o(CL$$btod_div_common)
    _e2e                                     0x08005a67   Thumb Code   198  btod.o(CL$$btod_e2e)
    _btod_ediv                               0x08005b2d   Thumb Code    40  btod.o(CL$$btod_ediv)
    _btod_emul                               0x08005b55   Thumb Code    40  btod.o(CL$$btod_emul)
    __btod_mult_common                       0x08005b7d   Thumb Code   580  btod.o(CL$$btod_mult_common)
    __ARM_fpclassify                         0x08005dc1   Thumb Code    40  fpclassify.o(i.__ARM_fpclassify)
    _is_digit                                0x08005de9   Thumb Code    14  __printf_wp.o(i._is_digit)
    _get_lc_numeric                          0x08005df9   Thumb Code    44  lc_numeric_c.o(locale$$code)
    _get_lc_ctype                            0x08005e25   Thumb Code    44  lc_ctype_c.o(locale$$code)
    _printf_fp_dec                           0x08005e51   Thumb Code     4  printf1.o(x$fpl$printf1)
    OSUnMapTbl                               0x08005e54   Data         256  os_core.o(.constdata)
    __I$use$fp                               0x08005e54   Number         0  usenofp.o(x$fpl$usenofp)
    Region$$Table$$Base                      0x0800602c   Number         0  anon$$obj.o(Region$$Table)
    Region$$Table$$Limit                     0x0800604c   Number         0  anon$$obj.o(Region$$Table)
    __ctype                                  0x08006075   Data           0  lc_ctype_c.o(locale$$data)
    SystemCoreClock                          0x20000000   Data           4  system_stm32f10x.o(.data)
    AHBPrescTable                            0x20000004   Data          16  system_stm32f10x.o(.data)
    ledStatus                                0x20000028   Data           4  led.o(.data)
    UsCount                                  0x2000002c   Data           1  delay.o(.data)
    MsCount                                  0x2000002e   Data           2  delay.o(.data)
    OS_CPU_ExceptStkBase                     0x20000030   Data           4  os_cpu_c.o(.data)
    OSCtxSwCtr                               0x20000038   Data           4  os_core.o(.data)
    OSEventFreeList                          0x2000003c   Data           4  os_core.o(.data)
    OSFlagFreeList                           0x20000040   Data           4  os_core.o(.data)
    OSCPUUsage                               0x20000044   Data           1  os_core.o(.data)
    OSIdleCtrMax                             0x20000048   Data           4  os_core.o(.data)
    OSIdleCtrRun                             0x2000004c   Data           4  os_core.o(.data)
    OSStatRdy                                0x20000050   Data           1  os_core.o(.data)
    OSIntNesting                             0x20000051   Data           1  os_core.o(.data)
    OSLockNesting                            0x20000052   Data           1  os_core.o(.data)
    OSPrioCur                                0x20000053   Data           1  os_core.o(.data)
    OSPrioHighRdy                            0x20000054   Data           1  os_core.o(.data)
    OSRdyGrp                                 0x20000055   Data           1  os_core.o(.data)
    OSRdyTbl                                 0x20000056   Data           8  os_core.o(.data)
    OSRunning                                0x2000005e   Data           1  os_core.o(.data)
    OSTaskCtr                                0x2000005f   Data           1  os_core.o(.data)
    OSIdleCtr                                0x20000060   Data           4  os_core.o(.data)
    OSTCBCur                                 0x20000064   Data           4  os_core.o(.data)
    OSTCBFreeList                            0x20000068   Data           4  os_core.o(.data)
    OSTCBHighRdy                             0x2000006c   Data           4  os_core.o(.data)
    OSTCBList                                0x20000070   Data           4  os_core.o(.data)
    OSTickStepState                          0x20000074   Data           1  os_core.o(.data)
    OSQFreeList                              0x20000078   Data           4  os_core.o(.data)
    OSTime                                   0x2000007c   Data           4  os_core.o(.data)
    OSTmrFree                                0x20000080   Data           2  os_core.o(.data)
    OSTmrUsed                                0x20000082   Data           2  os_core.o(.data)
    OSTmrTime                                0x20000084   Data           4  os_core.o(.data)
    OSTmrSem                                 0x20000088   Data           4  os_core.o(.data)
    OSTmrSemSignal                           0x2000008c   Data           4  os_core.o(.data)
    OSTmrFreeList                            0x20000090   Data           4  os_core.o(.data)
    usart1Buf                                0x20000094   Data          64  main.o(.bss)
    usart1IOInfo                             0x200000d4   Data         204  main.o(.bss)
    usart2IOInfo                             0x200001a0   Data         204  main.o(.bss)
    OS_CPU_ExceptStk                         0x2000026c   Data         512  os_cpu_c.o(.bss)
    OSEventTbl                               0x2000046c   Data         400  os_core.o(.bss)
    OSFlagTbl                                0x200005fc   Data          80  os_core.o(.bss)
    OSTaskStatStk                            0x2000064c   Data         512  os_core.o(.bss)
    OSTaskIdleStk                            0x2000084c   Data         512  os_core.o(.bss)
    OSTCBPrioTbl                             0x20000a4c   Data         256  os_core.o(.bss)
    OSTCBTbl                                 0x20000b4c   Data        1176  os_core.o(.bss)
    OSQTbl                                   0x20000fe4   Data         120  os_core.o(.bss)
    OSTmrTbl                                 0x2000105c   Data         640  os_core.o(.bss)
    OSTmrTaskStk                             0x200012dc   Data         512  os_core.o(.bss)
    OSTmrWheelTbl                            0x200014dc   Data          64  os_core.o(.bss)
    __libspace_start                         0x2000151c   Data          96  libspace.o(.bss)
    __temporary_stack_top$libspace           0x2000157c   Data           0  libspace.o(.bss)



==============================================================================

Memory Map of the image

  Image Entry point : 0x08000131

  Load Region LR_IROM1 (Base: 0x08000000, Size: 0x0000620c, Max: 0x00080000, ABSOLUTE)

    Execution Region ER_IROM1 (Base: 0x08000000, Size: 0x00006178, Max: 0x00080000, ABSOLUTE)

    Base Addr    Size         Type   Attr      Idx    E Section Name        Object

    0x08000000   0x00000130   Data   RO          136    RESET               startup_stm32f10x_hd.o
    0x08000130   0x00000008   Code   RO          875  * !!!main             c_w.l(__main.o)
    0x08000138   0x00000034   Code   RO         1228    !!!scatter          c_w.l(__scatter.o)
    0x0800016c   0x0000001a   Code   RO         1230    !!handler_copy      c_w.l(__scatter_copy.o)
    0x08000186   0x00000002   PAD
    0x08000188   0x0000001c   Code   RO         1232    !!handler_zi        c_w.l(__scatter_zi.o)
    0x080001a4   0x00000000   Code   RO          995    .ARM.Collect$$_printf_percent$$00000000  c_w.l(_printf_percent.o)
    0x080001a4   0x00000006   Code   RO          984    .ARM.Collect$$_printf_percent$$00000001  c_w.l(_printf_n.o)
    0x080001aa   0x00000006   Code   RO          986    .ARM.Collect$$_printf_percent$$00000002  c_w.l(_printf_p.o)
    0x080001b0   0x00000006   Code   RO          991    .ARM.Collect$$_printf_percent$$00000003  c_w.l(_printf_f.o)
    0x080001b6   0x00000006   Code   RO          992    .ARM.Collect$$_printf_percent$$00000004  c_w.l(_printf_e.o)
    0x080001bc   0x00000006   Code   RO          993    .ARM.Collect$$_printf_percent$$00000005  c_w.l(_printf_g.o)
    0x080001c2   0x00000006   Code   RO          994    .ARM.Collect$$_printf_percent$$00000006  c_w.l(_printf_a.o)
    0x080001c8   0x0000000a   Code   RO          999    .ARM.Collect$$_printf_percent$$00000007  c_w.l(_printf_ll.o)
    0x080001d2   0x00000006   Code   RO          988    .ARM.Collect$$_printf_percent$$00000008  c_w.l(_printf_i.o)
    0x080001d8   0x00000006   Code   RO          989    .ARM.Collect$$_printf_percent$$00000009  c_w.l(_printf_d.o)
    0x080001de   0x00000006   Code   RO          990    .ARM.Collect$$_printf_percent$$0000000A  c_w.l(_printf_u.o)
    0x080001e4   0x00000006   Code   RO          987    .ARM.Collect$$_printf_percent$$0000000B  c_w.l(_printf_o.o)
    0x080001ea   0x00000006   Code   RO          985    .ARM.Collect$$_printf_percent$$0000000C  c_w.l(_printf_x.o)
    0x080001f0   0x00000006   Code   RO          996    .ARM.Collect$$_printf_percent$$0000000D  c_w.l(_printf_lli.o)
    0x080001f6   0x00000006   Code   RO          997    .ARM.Collect$$_printf_percent$$0000000E  c_w.l(_printf_lld.o)
    0x080001fc   0x00000006   Code   RO          998    .ARM.Collect$$_printf_percent$$0000000F  c_w.l(_printf_llu.o)
    0x08000202   0x00000006   Code   RO         1003    .ARM.Collect$$_printf_percent$$00000010  c_w.l(_printf_llo.o)
    0x08000208   0x00000006   Code   RO         1004    .ARM.Collect$$_printf_percent$$00000011  c_w.l(_printf_llx.o)
    0x0800020e   0x0000000a   Code   RO         1000    .ARM.Collect$$_printf_percent$$00000012  c_w.l(_printf_l.o)
    0x08000218   0x00000006   Code   RO          982    .ARM.Collect$$_printf_percent$$00000013  c_w.l(_printf_c.o)
    0x0800021e   0x00000006   Code   RO          983    .ARM.Collect$$_printf_percent$$00000014  c_w.l(_printf_s.o)
    0x08000224   0x00000006   Code   RO         1001    .ARM.Collect$$_printf_percent$$00000015  c_w.l(_printf_lc.o)
    0x0800022a   0x00000006   Code   RO         1002    .ARM.Collect$$_printf_percent$$00000016  c_w.l(_printf_ls.o)
    0x08000230   0x00000004   Code   RO         1043    .ARM.Collect$$_printf_percent$$00000017  c_w.l(_printf_percent_end.o)
    0x08000234   0x00000002   Code   RO         1092    .ARM.Collect$$libinit$$00000000  c_w.l(libinit.o)
    0x08000236   0x00000000   Code   RO         1108    .ARM.Collect$$libinit$$00000002  c_w.l(libinit2.o)
    0x08000236   0x00000000   Code   RO         1111    .ARM.Collect$$libinit$$00000008  c_w.l(libinit2.o)
    0x08000236   0x00000000   Code   RO         1113    .ARM.Collect$$libinit$$0000000A  c_w.l(libinit2.o)
    0x08000236   0x00000000   Code   RO         1115    .ARM.Collect$$libinit$$0000000C  c_w.l(libinit2.o)
    0x08000236   0x00000006   Code   RO         1116    .ARM.Collect$$libinit$$0000000D  c_w.l(libinit2.o)
    0x0800023c   0x00000000   Code   RO         1118    .ARM.Collect$$libinit$$0000000F  c_w.l(libinit2.o)
    0x0800023c   0x0000000c   Code   RO         1119    .ARM.Collect$$libinit$$00000010  c_w.l(libinit2.o)
    0x08000248   0x00000000   Code   RO         1120    .ARM.Collect$$libinit$$00000011  c_w.l(libinit2.o)
    0x08000248   0x00000000   Code   RO         1122    .ARM.Collect$$libinit$$00000013  c_w.l(libinit2.o)
    0x08000248   0x0000000a   Code   RO         1123    .ARM.Collect$$libinit$$00000014  c_w.l(libinit2.o)
    0x08000252   0x00000000   Code   RO         1124    .ARM.Collect$$libinit$$00000015  c_w.l(libinit2.o)
    0x08000252   0x00000000   Code   RO         1126    .ARM.Collect$$libinit$$00000017  c_w.l(libinit2.o)
    0x08000252   0x00000000   Code   RO         1128    .ARM.Collect$$libinit$$00000019  c_w.l(libinit2.o)
    0x08000252   0x00000000   Code   RO         1130    .ARM.Collect$$libinit$$0000001B  c_w.l(libinit2.o)
    0x08000252   0x00000000   Code   RO         1132    .ARM.Collect$$libinit$$0000001D  c_w.l(libinit2.o)
    0x08000252   0x00000000   Code   RO         1134    .ARM.Collect$$libinit$$0000001F  c_w.l(libinit2.o)
    0x08000252   0x00000000   Code   RO         1136    .ARM.Collect$$libinit$$00000021  c_w.l(libinit2.o)
    0x08000252   0x00000000   Code   RO         1138    .ARM.Collect$$libinit$$00000023  c_w.l(libinit2.o)
    0x08000252   0x00000000   Code   RO         1142    .ARM.Collect$$libinit$$0000002A  c_w.l(libinit2.o)
    0x08000252   0x00000000   Code   RO         1144    .ARM.Collect$$libinit$$0000002C  c_w.l(libinit2.o)
    0x08000252   0x00000000   Code   RO         1146    .ARM.Collect$$libinit$$0000002E  c_w.l(libinit2.o)
    0x08000252   0x00000000   Code   RO         1148    .ARM.Collect$$libinit$$00000030  c_w.l(libinit2.o)
    0x08000252   0x00000002   Code   RO         1149    .ARM.Collect$$libinit$$00000031  c_w.l(libinit2.o)
    0x08000254   0x00000002   Code   RO         1169    .ARM.Collect$$libshutdown$$00000000  c_w.l(libshutdown.o)
    0x08000256   0x00000000   Code   RO         1183    .ARM.Collect$$libshutdown$$00000003  c_w.l(libshutdown2.o)
    0x08000256   0x00000000   Code   RO         1186    .ARM.Collect$$libshutdown$$00000006  c_w.l(libshutdown2.o)
    0x08000256   0x00000000   Code   RO         1189    .ARM.Collect$$libshutdown$$00000009  c_w.l(libshutdown2.o)
    0x08000256   0x00000000   Code   RO         1191    .ARM.Collect$$libshutdown$$0000000B  c_w.l(libshutdown2.o)
    0x08000256   0x00000000   Code   RO         1194    .ARM.Collect$$libshutdown$$0000000E  c_w.l(libshutdown2.o)
    0x08000256   0x00000002   Code   RO         1195    .ARM.Collect$$libshutdown$$0000000F  c_w.l(libshutdown2.o)
    0x08000258   0x00000000   Code   RO          913    .ARM.Collect$$rtentry$$00000000  c_w.l(rtentry.o)
    0x08000258   0x00000000   Code   RO         1017    .ARM.Collect$$rtentry$$00000002  c_w.l(rtentry2.o)
    0x08000258   0x00000006   Code   RO         1029    .ARM.Collect$$rtentry$$00000004  c_w.l(rtentry4.o)
    0x0800025e   0x00000000   Code   RO         1019    .ARM.Collect$$rtentry$$00000009  c_w.l(rtentry2.o)
    0x0800025e   0x00000004   Code   RO         1020    .ARM.Collect$$rtentry$$0000000A  c_w.l(rtentry2.o)
    0x08000262   0x00000000   Code   RO         1022    .ARM.Collect$$rtentry$$0000000C  c_w.l(rtentry2.o)
    0x08000262   0x00000008   Code   RO         1023    .ARM.Collect$$rtentry$$0000000D  c_w.l(rtentry2.o)
    0x0800026a   0x00000002   Code   RO         1100    .ARM.Collect$$rtexit$$00000000  c_w.l(rtexit.o)
    0x0800026c   0x00000000   Code   RO         1151    .ARM.Collect$$rtexit$$00000002  c_w.l(rtexit2.o)
    0x0800026c   0x00000004   Code   RO         1152    .ARM.Collect$$rtexit$$00000003  c_w.l(rtexit2.o)
    0x08000270   0x00000006   Code   RO         1153    .ARM.Collect$$rtexit$$00000004  c_w.l(rtexit2.o)
    0x08000276   0x0000001c   Code   RO           17    .text               stm32f10x_it.o
    0x08000292   0x00000002   PAD
    0x08000294   0x000001e8   Code   RO          116    .text               system_stm32f10x.o
    0x0800047c   0x00000040   Code   RO          137    .text               startup_stm32f10x_hd.o
    0x080004bc   0x000000dc   Code   RO          141    .text               misc.o
    0x08000598   0x0000035c   Code   RO          179    .text               stm32f10x_gpio.o
    0x080008f4   0x000003ac   Code   RO          191    .text               stm32f10x_rcc.o
    0x08000ca0   0x0000011c   Code   RO          301    .text               stm32f10x_exti.o
    0x08000dbc   0x00000408   Code   RO          421    .text               stm32f10x_usart.o
    0x080011c4   0x00000170   Code   RO          445    .text               led.o
    0x08001334   0x000000f4   Code   RO          466    .text               delay.o
    0x08001428   0x0000015c   Code   RO          536    .text               exti.o
    0x08001584   0x000002d0   Code   RO          620    .text               usart.o
    0x08001854   0x000000c8   Code   RO          640    .text               main.o
    0x0800191c   0x0000021c   Code   RO          697    .text               manage.o
    0x08001b38   0x0000014c   Code   RO          713    .text               os_cpu_c.o
    0x08001c84   0x00000894   Code   RO          736    .text               os_core.o
    0x08002518   0x0000080c   Code   RO          756    .text               os_flag.o
    0x08002d24   0x000005e8   Code   RO          798    .text               os_q.o
    0x0800330c   0x0000038c   Code   RO          810    .text               os_sem.o
    0x08003698   0x000007c0   Code   RO          822    .text               os_task.o
    0x08003e58   0x000001b0   Code   RO          834    .text               os_time.o
    0x08004008   0x00000640   Code   RO          846    .text               os_tmr.o
    0x08004648   0x000000b4   Code   RO          858    .text               os_cpu_a.o
    0x080046fc   0x00000024   Code   RO          863    .text               c_w.l(c89vsprintf.o)
    0x08004720   0x0000008a   Code   RO          865    .text               c_w.l(rt_memcpy_v6.o)
    0x080047aa   0x00000064   Code   RO          867    .text               c_w.l(rt_memcpy_w.o)
    0x0800480e   0x00000044   Code   RO          869    .text               c_w.l(rt_memclr.o)
    0x08004852   0x0000004e   Code   RO          871    .text               c_w.l(rt_memclr_w.o)
    0x080048a0   0x00000006   Code   RO          873    .text               c_w.l(heapauxi.o)
    0x080048a6   0x0000004e   Code   RO          916    .text               c_w.l(_printf_pad.o)
    0x080048f4   0x00000024   Code   RO          918    .text               c_w.l(_printf_truncate.o)
    0x08004918   0x00000052   Code   RO          920    .text               c_w.l(_printf_str.o)
    0x0800496a   0x00000002   PAD
    0x0800496c   0x00000074   Code   RO          922    .text               c_w.l(_printf_dec.o)
    0x080049e0   0x00000028   Code   RO          924    .text               c_w.l(_printf_charcount.o)
    0x08004a08   0x00000030   Code   RO          926    .text               c_w.l(_printf_char_common.o)
    0x08004a38   0x0000000a   Code   RO          928    .text               c_w.l(_sputc.o)
    0x08004a42   0x00000002   PAD
    0x08004a44   0x000000bc   Code   RO          930    .text               c_w.l(_printf_wctomb.o)
    0x08004b00   0x00000078   Code   RO          933    .text               c_w.l(_printf_longlong_dec.o)
    0x08004b78   0x00000070   Code   RO          939    .text               c_w.l(_printf_oct_int_ll.o)
    0x08004be8   0x00000094   Code   RO          959    .text               c_w.l(_printf_hex_int_ll_ptr.o)
    0x08004c7c   0x00000188   Code   RO          979    .text               c_w.l(__printf_flags_ss_wp.o)
    0x08004e04   0x0000008a   Code   RO         1031    .text               c_w.l(lludiv10.o)
    0x08004e8e   0x000000b2   Code   RO         1033    .text               c_w.l(_printf_intcommon.o)
    0x08004f40   0x00000416   Code   RO         1035    .text               c_w.l(_printf_fp_dec.o)
    0x08005356   0x0000002c   Code   RO         1039    .text               c_w.l(_printf_char.o)
    0x08005382   0x0000002c   Code   RO         1041    .text               c_w.l(_printf_wchar.o)
    0x080053ae   0x00000040   Code   RO         1044    .text               c_w.l(_wcrtomb.o)
    0x080053ee   0x0000004a   Code   RO         1046    .text               c_w.l(sys_stackheap_outer.o)
    0x08005438   0x00000010   Code   RO         1048    .text               c_w.l(rt_ctype_table.o)
    0x08005448   0x00000008   Code   RO         1053    .text               c_w.l(rt_locale_intlibspace.o)
    0x08005450   0x00000080   Code   RO         1055    .text               c_w.l(_printf_fp_infnan.o)
    0x080054d0   0x000000d8   Code   RO         1057    .text               c_w.l(bigflt0.o)
    0x080055a8   0x0000000c   Code   RO         1085    .text               c_w.l(exit.o)
    0x080055b4   0x00000008   Code   RO         1097    .text               c_w.l(libspace.o)
    0x080055bc   0x00000080   Code   RO         1105    .text               c_w.l(strcmpv7m.o)
    0x0800563c   0x0000000c   Code   RO         1161    .text               c_w.l(sys_exit.o)
    0x08005648   0x00000002   Code   RO         1172    .text               c_w.l(use_no_semi.o)
    0x0800564a   0x00000000   Code   RO         1174    .text               c_w.l(indicate_semi.o)
    0x0800564a   0x0000003e   Code   RO         1060    CL$$btod_d2e        c_w.l(btod.o)
    0x08005688   0x00000046   Code   RO         1062    CL$$btod_d2e_denorm_low  c_w.l(btod.o)
    0x080056ce   0x00000060   Code   RO         1061    CL$$btod_d2e_norm_op1  c_w.l(btod.o)
    0x0800572e   0x00000338   Code   RO         1070    CL$$btod_div_common  c_w.l(btod.o)
    0x08005a66   0x000000c6   Code   RO         1067    CL$$btod_e2e        c_w.l(btod.o)
    0x08005b2c   0x00000028   Code   RO         1064    CL$$btod_ediv       c_w.l(btod.o)
    0x08005b54   0x00000028   Code   RO         1063    CL$$btod_emul       c_w.l(btod.o)
    0x08005b7c   0x00000244   Code   RO         1069    CL$$btod_mult_common  c_w.l(btod.o)
    0x08005dc0   0x00000028   Code   RO         1095    i.__ARM_fpclassify  m_ws.l(fpclassify.o)
    0x08005de8   0x0000000e   Code   RO          972    i._is_digit         c_w.l(__printf_wp.o)
    0x08005df6   0x00000002   PAD
    0x08005df8   0x0000002c   Code   RO         1083    locale$$code        c_w.l(lc_numeric_c.o)
    0x08005e24   0x0000002c   Code   RO         1103    locale$$code        c_w.l(lc_ctype_c.o)
    0x08005e50   0x00000004   Code   RO         1013    x$fpl$printf1       fz_ws.l(printf1.o)
    0x08005e54   0x00000000   Code   RO         1015    x$fpl$usenofp       fz_ws.l(usenofp.o)
    0x08005e54   0x00000100   Data   RO          738    .constdata          os_core.o
    0x08005f54   0x00000008   Data   RO          931    .constdata          c_w.l(_printf_wctomb.o)
    0x08005f5c   0x00000028   Data   RO          960    .constdata          c_w.l(_printf_hex_int_ll_ptr.o)
    0x08005f84   0x00000011   Data   RO          980    .constdata          c_w.l(__printf_flags_ss_wp.o)
    0x08005f95   0x00000003   PAD
    0x08005f98   0x00000094   Data   RO         1058    .constdata          c_w.l(bigflt0.o)
    0x0800602c   0x00000020   Data   RO         1226    Region$$Table       anon$$obj.o
    0x0800604c   0x0000001c   Data   RO         1082    locale$$data        c_w.l(lc_numeric_c.o)
    0x08006068   0x00000110   Data   RO         1102    locale$$data        c_w.l(lc_ctype_c.o)


    Execution Region RW_IRAM1 (Base: 0x20000000, Size: 0x00001d80, Max: 0x00010000, ABSOLUTE)

    Base Addr    Size         Type   Attr      Idx    E Section Name        Object

    0x20000000   0x00000014   Data   RW          117    .data               system_stm32f10x.o
    0x20000014   0x00000014   Data   RW          192    .data               stm32f10x_rcc.o
    0x20000028   0x00000004   Data   RW          446    .data               led.o
    0x2000002c   0x00000004   Data   RW          467    .data               delay.o
    0x20000030   0x00000006   Data   RW          715    .data               os_cpu_c.o
    0x20000036   0x00000002   PAD
    0x20000038   0x0000005c   Data   RW          739    .data               os_core.o
    0x20000094   0x000001d8   Zero   RW          641    .bss                main.o
    0x2000026c   0x00000200   Zero   RW          714    .bss                os_cpu_c.o
    0x2000046c   0x000010b0   Zero   RW          737    .bss                os_core.o
    0x2000151c   0x00000060   Zero   RW         1098    .bss                c_w.l(libspace.o)
    0x2000157c   0x00000004   PAD
    0x20001580   0x00000400   Zero   RW          135    HEAP                startup_stm32f10x_hd.o
    0x20001980   0x00000400   Zero   RW          134    STACK               startup_stm32f10x_hd.o


==============================================================================

Image component sizes


      Code (inc. data)   RO Data    RW Data    ZI Data      Debug   Object Name

         0          0          0          0          0       4304   core_cm3.o
       244         10          0          4          0       1360   delay.o
       348         10          0          0          0        858   exti.o
         0          0          0          0          0        404   i2c.o
       368         26          0          4          0       1839   led.o
       200         34          0          0        472      10765   main.o
       540         78          0          0          0       1100   manage.o
       220         22          0          0          0     208397   misc.o
      2196        216        256         92       4272      15355   os_core.o
       180         36          0          0          0        280   os_cpu_a.o
       332         28          0          6        512      11399   os_cpu_c.o
      2060         42          0          0          0       6676   os_flag.o
      1512         30          0          0          0       5405   os_q.o
       908         18          0          0          0       3750   os_sem.o
      1984         70          0          0          0       7329   os_task.o
       432         30          0          0          0       1718   os_time.o
      1600         94          0          0          0       5369   os_tmr.o
        64         26        304          0       2048        772   startup_stm32f10x_hd.o
       284         10          0          0          0       2079   stm32f10x_exti.o
       860         38          0          0          0       5493   stm32f10x_gpio.o
        28          0          0          0          0      24207   stm32f10x_it.o
       940         44          0         20          0       8608   stm32f10x_rcc.o
      1032         22          0          0          0       8216   stm32f10x_usart.o
       488         46          0         20          0       1631   system_stm32f10x.o
       720         22          0          0          0       3749   usart.o

    ----------------------------------------------------------------------
     17542        952        592        148       7304     341063   Object Totals
         0          0         32          0          0          0   (incl. Generated)
         2          0          0          2          0          0   (incl. Padding)

    ----------------------------------------------------------------------

      Code (inc. data)   RO Data    RW Data    ZI Data      Debug   Library Member Name

         8          0          0          0          0         68   __main.o
       392          4         17          0          0         92   __printf_flags_ss_wp.o
        14          0          0          0          0         68   __printf_wp.o
        52          8          0          0          0          0   __scatter.o
        26          0          0          0          0          0   __scatter_copy.o
        28          0          0          0          0          0   __scatter_zi.o
         6          0          0          0          0          0   _printf_a.o
         6          0          0          0          0          0   _printf_c.o
        44          0          0          0          0        108   _printf_char.o
        48          6          0          0          0         96   _printf_char_common.o
        40          0          0          0          0         68   _printf_charcount.o
         6          0          0          0          0          0   _printf_d.o
       116         16          0          0          0         92   _printf_dec.o
         6          0          0          0          0          0   _printf_e.o
         6          0          0          0          0          0   _printf_f.o
      1046          0          0          0          0        216   _printf_fp_dec.o
       128         16          0          0          0         84   _printf_fp_infnan.o
         6          0          0          0          0          0   _printf_g.o
       148          4         40          0          0        160   _printf_hex_int_ll_ptr.o
         6          0          0          0          0          0   _printf_i.o
       178          0          0          0          0         88   _printf_intcommon.o
        10          0          0          0          0          0   _printf_l.o
         6          0          0          0          0          0   _printf_lc.o
        10          0          0          0          0          0   _printf_ll.o
         6          0          0          0          0          0   _printf_lld.o
         6          0          0          0          0          0   _printf_lli.o
         6          0          0          0          0          0   _printf_llo.o
         6          0          0          0          0          0   _printf_llu.o
         6          0          0          0          0          0   _printf_llx.o
       120         16          0          0          0         92   _printf_longlong_dec.o
         6          0          0          0          0          0   _printf_ls.o
         6          0          0          0          0          0   _printf_n.o
         6          0          0          0          0          0   _printf_o.o
       112          8          0          0          0        124   _printf_oct_int_ll.o
         6          0          0          0          0          0   _printf_p.o
        78          0          0          0          0        108   _printf_pad.o
         0          0          0          0          0          0   _printf_percent.o
         4          0          0          0          0          0   _printf_percent_end.o
         6          0          0          0          0          0   _printf_s.o
        82          0          0          0          0         80   _printf_str.o
        36          0          0          0          0         84   _printf_truncate.o
         6          0          0          0          0          0   _printf_u.o
        44          0          0          0          0        108   _printf_wchar.o
       188          6          8          0          0         92   _printf_wctomb.o
         6          0          0          0          0          0   _printf_x.o
        10          0          0          0          0         68   _sputc.o
        64          0          0          0          0         92   _wcrtomb.o
       216          4        148          0          0         96   bigflt0.o
      1910        128          0          0          0        672   btod.o
        36          4          0          0          0         76   c89vsprintf.o
        12          0          0          0          0         72   exit.o
         6          0          0          0          0        152   heapauxi.o
         0          0          0          0          0          0   indicate_semi.o
        44         10        272          0          0         76   lc_ctype_c.o
        44         10         28          0          0         76   lc_numeric_c.o
         2          0          0          0          0          0   libinit.o
        30          0          0          0          0          0   libinit2.o
         2          0          0          0          0          0   libshutdown.o
         2          0          0          0          0          0   libshutdown2.o
         8          4          0          0         96         68   libspace.o
       138          0          0          0          0         80   lludiv10.o
        16          4          0          0          0         76   rt_ctype_table.o
         8          4          0          0          0         68   rt_locale_intlibspace.o
        68          0          0          0          0         68   rt_memclr.o
        78          0          0          0          0         80   rt_memclr_w.o
       138          0          0          0          0         68   rt_memcpy_v6.o
       100          0          0          0          0         80   rt_memcpy_w.o
         0          0          0          0          0          0   rtentry.o
        12          0          0          0          0          0   rtentry2.o
         6          0          0          0          0          0   rtentry4.o
         2          0          0          0          0          0   rtexit.o
        10          0          0          0          0          0   rtexit2.o
       128          0          0          0          0         68   strcmpv7m.o
        12          4          0          0          0         68   sys_exit.o
        74          0          0          0          0         80   sys_stackheap_outer.o
         2          0          0          0          0         68   use_no_semi.o
         4          0          0          0          0         68   printf1.o
         0          0          0          0          0          0   usenofp.o
        40          0          0          0          0         68   fpclassify.o

    ----------------------------------------------------------------------
      6302        256        516          0        100       4216   Library Totals
         8          0          3          0          4          0   (incl. Padding)

    ----------------------------------------------------------------------

      Code (inc. data)   RO Data    RW Data    ZI Data      Debug   Library Name

      6250        256        513          0         96       4080   c_w.l
         4          0          0          0          0         68   fz_ws.l
        40          0          0          0          0         68   m_ws.l

    ----------------------------------------------------------------------
      6302        256        516          0        100       4216   Library Totals

    ----------------------------------------------------------------------

==============================================================================


      Code (inc. data)   RO Data    RW Data    ZI Data      Debug   

     23844       1208       1108        148       7404     341115   Grand Totals
     23844       1208       1108        148       7404     341115   ELF Image Totals
     23844       1208       1108        148          0          0   ROM Totals

==============================================================================

    Total RO  Size (Code + RO Data)                24952 (  24.37kB)
    Total RW  Size (RW Data + ZI Data)              7552 (   7.38kB)
    Total ROM Size (Code + RO Data + RW Data)      25100 (  24.51kB)

==============================================================================

