Product: MDK-ARM Professional 5.10
Component: ARM Compiler 5.04 update 1 (build 49)
Tool: armlink [5040049]

==============================================================================

Section Cross References

    system_stm32f10x.o(.text) refers to system_stm32f10x.o(.data) for SystemCoreClock
    startup_stm32f10x_hd.o(STACK) refers (Special) to heapauxi.o(.text) for __use_two_region_memory
    startup_stm32f10x_hd.o(HEAP) refers (Special) to heapauxi.o(.text) for __use_two_region_memory
    startup_stm32f10x_hd.o(RESET) refers (Special) to heapauxi.o(.text) for __use_two_region_memory
    startup_stm32f10x_hd.o(RESET) refers to startup_stm32f10x_hd.o(STACK) for __initial_sp
    startup_stm32f10x_hd.o(RESET) refers to startup_stm32f10x_hd.o(.text) for Reset_Handler
    startup_stm32f10x_hd.o(RESET) refers to stm32f10x_it.o(.text) for NMI_Handler
    startup_stm32f10x_hd.o(RESET) refers to os_cpu_a.o(.text) for PendSV_Handler
    startup_stm32f10x_hd.o(RESET) refers to exti.o(.text) for EXTI2_IRQHandler
    startup_stm32f10x_hd.o(RESET) refers to usart.o(.text) for USART1_IRQHandler
    startup_stm32f10x_hd.o(RESET) refers to hwtimer.o(.text) for TIM6_IRQHandler
    startup_stm32f10x_hd.o(.text) refers (Special) to heapauxi.o(.text) for __use_two_region_memory
    startup_stm32f10x_hd.o(.text) refers to system_stm32f10x.o(.text) for SystemInit
    startup_stm32f10x_hd.o(.text) refers to __main.o(!!!main) for __main
    startup_stm32f10x_hd.o(.text) refers to startup_stm32f10x_hd.o(HEAP) for Heap_Mem
    startup_stm32f10x_hd.o(.text) refers to startup_stm32f10x_hd.o(STACK) for Stack_Mem
    stm32f10x_gpio.o(.text) refers to stm32f10x_rcc.o(.text) for RCC_APB2PeriphResetCmd
    stm32f10x_rcc.o(.text) refers to stm32f10x_rcc.o(.data) for APBAHBPrescTable
    stm32f10x_usart.o(.text) refers to stm32f10x_rcc.o(.text) for RCC_APB2PeriphResetCmd
    stm32f10x_adc.o(.text) refers to stm32f10x_rcc.o(.text) for RCC_APB2PeriphResetCmd
    stm32f10x_bkp.o(.text) refers to stm32f10x_rcc.o(.text) for RCC_BackupResetCmd
    stm32f10x_can.o(.text) refers to stm32f10x_rcc.o(.text) for RCC_APB1PeriphResetCmd
    stm32f10x_cec.o(.text) refers to stm32f10x_rcc.o(.text) for RCC_APB1PeriphResetCmd
    stm32f10x_dac.o(.text) refers to stm32f10x_rcc.o(.text) for RCC_APB1PeriphResetCmd
    stm32f10x_i2c.o(.text) refers to stm32f10x_rcc.o(.text) for RCC_APB1PeriphResetCmd
    stm32f10x_pwr.o(.text) refers to stm32f10x_rcc.o(.text) for RCC_APB1PeriphResetCmd
    stm32f10x_spi.o(.text) refers to stm32f10x_rcc.o(.text) for RCC_APB2PeriphResetCmd
    stm32f10x_tim.o(.text) refers to stm32f10x_rcc.o(.text) for RCC_APB2PeriphResetCmd
    stm32f10x_wwdg.o(.text) refers to stm32f10x_rcc.o(.text) for RCC_APB1PeriphResetCmd
    led.o(.text) refers to stm32f10x_gpio.o(.text) for GPIO_WriteBit
    led.o(.text) refers to stm32f10x_rcc.o(.text) for RCC_APB2PeriphClockCmd
    led.o(.text) refers to usart.o(.text) for UsartPrintf
    led.o(.text) refers to delay.o(.text) for DelayXms
    led.o(.text) refers to led.o(.data) for ledStatus
    delay.o(.text) refers to delay.o(.data) for UsCount
    usart.o(.text) refers to stm32f10x_rcc.o(.text) for RCC_APB2PeriphClockCmd
    usart.o(.text) refers to stm32f10x_gpio.o(.text) for GPIO_Init
    usart.o(.text) refers to stm32f10x_usart.o(.text) for USART_Init
    usart.o(.text) refers to misc.o(.text) for NVIC_Init
    usart.o(.text) refers to c89vsprintf.o(.text) for __c89vsprintf
    usart.o(.text) refers to main.o(.bss) for usart1IOInfo
    key.o(.text) refers to stm32f10x_rcc.o(.text) for RCC_APB2PeriphClockCmd
    key.o(.text) refers to stm32f10x_gpio.o(.text) for GPIO_Init
    beep.o(.text) refers to stm32f10x_gpio.o(.text) for GPIO_WriteBit
    beep.o(.text) refers to stm32f10x_rcc.o(.text) for RCC_APB2PeriphClockCmd
    beep.o(.text) refers to beep.o(.data) for beepInfo
    exti.o(.text) refers to stm32f10x_rcc.o(.text) for RCC_APB2PeriphClockCmd
    exti.o(.text) refers to stm32f10x_gpio.o(.text) for GPIO_Init
    exti.o(.text) refers to misc.o(.text) for NVIC_Init
    exti.o(.text) refers to stm32f10x_exti.o(.text) for EXTI_Init
    i2c.o(.text) refers to stm32f10x_rcc.o(.text) for RCC_APB2PeriphClockCmd
    i2c.o(.text) refers to stm32f10x_gpio.o(.text) for GPIO_Init
    i2c.o(.text) refers to delay.o(.text) for DelayUs
    i2c.o(.text) refers to usart.o(.text) for UsartPrintf
    i2c.o(.text) refers to i2c.o(.data) for iicInfo
    sht20.o(.text) refers to i2c.o(.text) for I2C_WriteByte
    sht20.o(.text) refers to fflt_clz.o(x$fpl$ffltu) for __aeabi_ui2f
    sht20.o(.text) refers to f2d.o(x$fpl$f2d) for __aeabi_f2d
    sht20.o(.text) refers to dmul.o(x$fpl$dmul) for __aeabi_dmul
    sht20.o(.text) refers to daddsub_clz.o(x$fpl$dadd) for __aeabi_dadd
    sht20.o(.text) refers to d2f.o(x$fpl$d2f) for __aeabi_d2f
    sht20.o(.text) refers to daddsub_clz.o(x$fpl$dsub) for __aeabi_dsub
[...]
    _terminate_alloc                          - Undefined Weak Reference
    _terminate_user_alloc                     - Undefined Weak Reference
    _terminateio                              - Undefined Weak Reference
    __Vectors_Size                           0x00000130   Number         0  startup_stm32f10x_hd.o ABSOLUTE
    __Vectors                                0x08000000   Data           4  startup_stm32f10x_hd.o(RESET)
    __Vectors_End                            0x08000130   Data           0  startup_stm32f10x_hd.o(RESET)
    __main                                   0x08000131   Thumb Code     8  __main.o(!!!main)
    __scatterload                            0x08000139   Thumb Code     0  __scatter.o(!!!scatter)
    __scatterload_rt2                        0x08000139   Thumb Code    44  __scatter.o(!!!scatter)
    __scatterload_rt2_thumb_only             0x08000139   Thumb Code     0  __scatter.o(!!!scatter)
    __scatterload_null                       0x08000147   Thumb Code     0  __scatter.o(!!!scatter)
    __scatterload_copy                       0x0800016d   Thumb Code    26  __scatter_copy.o(!!handler_copy)
    __scatterload_zeroinit                   0x08000189   Thumb Code    28  __scatter_zi.o(!!handler_zi)
    _printf_n                                0x080001a5   Thumb Code     0  _printf_n.o(.ARM.Collect$$_printf_percent$$00000001)
    _printf_percent                          0x080001a5   Thumb Code     0  _printf_percent.o(.ARM.Collect$$_printf_percent$$00000000)
    _printf_p                                0x080001ab   Thumb Code     0  _printf_p.o(.ARM.Collect$$_printf_percent$$00000002)
    _printf_f                                0x080001b1   Thumb Code     0  _printf_f.o(.ARM.Collect$$_printf_percent$$00000003)
    _printf_e                                0x080001b7   Thumb Code     0  _printf_e.o(.ARM.Collect$$_printf_percent$$00000004)
    _printf_g                                0x080001bd   Thumb Code     0  _printf_g.o(.ARM.Collect$$_printf_percent$$00000005)
    _printf_a                                0x080001c3   Thumb Code     0  _printf_a.o(.ARM.Collect$$_printf_percent$$00000006)
    _printf_ll                               0x080001c9   Thumb Code     0  _printf_ll.o(.ARM.Collect$$_printf_percent$$00000007)
    _printf_i                                0x080001d3   Thumb Code     0  _printf_i.o(.ARM.Collect$$_printf_percent$$00000008)
    _printf_d                                0x080001d9   Thumb Code     0  _printf_d.o(.ARM.Collect$$_printf_percent$$00000009)
    _printf_u                                0x080001df   Thumb Code     0  _printf_u.o(.ARM.Collect$$_printf_percent$$0000000A)
    _printf_o                                0x080001e5   Thumb Code     0  _printf_o.o(.ARM.Collect$$_printf_percent$$0000000B)
    _printf_x                                0x080001eb   Thumb Code     0  _printf_x.o(.ARM.Collect$$_printf_percent$$0000000C)
    _printf_lli                              0x080001f1   Thumb Code     0  _printf_lli.o(.ARM.Collect$$_printf_percent$$0000000D)
    _printf_lld                              0x080001f7   Thumb Code     0  _printf_lld.o(.ARM.Collect$$_printf_percent$$0000000E)
    _printf_llu                              0x080001fd   Thumb Code     0  _printf_llu.o(.ARM.Collect$$_printf_percent$$0000000F)
    _printf_llo                              0x08000203   Thumb Code     0  _printf_llo.o(.ARM.Collect$$_printf_percent$$00000010)
    _printf_llx                              0x08000209   Thumb Code     0  _printf_llx.o(.ARM.Collect$$_printf_percent$$00000011)
    _printf_l                                0x0800020f   Thumb Code     0  _printf_l.o(.ARM.Collect$$_printf_percent$$00000012)
    _printf_c                                0x08000219   Thumb Code     0  _printf_c.o(.ARM.Collect$$_printf_percent$$00000013)
    _printf_s                                0x0800021f   Thumb Code     0  _printf_s.o(.ARM.Collect$$_printf_percent$$00000014)
    _printf_lc                               0x08000225   Thumb Code     0  _printf_lc.o(.ARM.Collect$$_printf_percent$$00000015)
    _printf_ls                               0x0800022b   Thumb Code     0  _printf_ls.o(.ARM.Collect$$_printf_percent$$00000016)
    _printf_percent_end                      0x08000231   Thumb Code     0  _printf_percent_end.o(.ARM.Collect$$_printf_percent$$00000017)
    __rt_lib_init                            0x08000235   Thumb Code     0  libinit.o(.ARM.Collect$$libinit$$00000000)
    __rt_lib_init_fp_1                       0x08000237   Thumb Code     0  libinit2.o(.ARM.Collect$$libinit$$00000002)
    __rt_lib_init_heap_1                     0x08000237   Thumb Code     0  libinit2.o(.ARM.Collect$$libinit$$00000008)
    __rt_lib_init_lc_common                  0x08000237   Thumb Code     0  libinit2.o(.ARM.Collect$$libinit$$0000000D)
    __rt_lib_init_rand_1                     0x08000237   Thumb Code     0  libinit2.o(.ARM.Collect$$libinit$$0000000C)
    __rt_lib_init_user_alloc_1               0x08000237   Thumb Code     0  libinit2.o(.ARM.Collect$$libinit$$0000000A)
    __rt_lib_init_lc_collate_1               0x0800023d   Thumb Code     0  libinit2.o(.ARM.Collect$$libinit$$0000000F)
    __rt_lib_init_lc_ctype_2                 0x0800023d   Thumb Code     0  libinit2.o(.ARM.Collect$$libinit$$00000010)
    __rt_lib_init_lc_ctype_1                 0x08000249   Thumb Code     0  libinit2.o(.ARM.Collect$$libinit$$00000011)
    __rt_lib_init_lc_monetary_1              0x08000249   Thumb Code     0  libinit2.o(.ARM.Collect$$libinit$$00000013)
    __rt_lib_init_lc_numeric_2               0x08000249   Thumb Code     0  libinit2.o(.ARM.Collect$$libinit$$00000014)
    __rt_lib_init_alloca_1                   0x08000253   Thumb Code     0  libinit2.o(.ARM.Collect$$libinit$$0000002C)
    __rt_lib_init_argv_1                     0x08000253   Thumb Code     0  libinit2.o(.ARM.Collect$$libinit$$0000002A)
    __rt_lib_init_atexit_1                   0x08000253   Thumb Code     0  libinit2.o(.ARM.Collect$$libinit$$00000019)
    __rt_lib_init_clock_1                    0x08000253   Thumb Code     0  libinit2.o(.ARM.Collect$$libinit$$0000001F)
    __rt_lib_init_cpp_1                      0x08000253   Thumb Code     0  libinit2.o(.ARM.Collect$$libinit$$00000030)
    __rt_lib_init_exceptions_1               0x08000253   Thumb Code     0  libinit2.o(.ARM.Collect$$libinit$$0000002E)
    __rt_lib_init_fp_trap_1                  0x08000253   Thumb Code     0  libinit2.o(.ARM.Collect$$libinit$$0000001D)
    __rt_lib_init_getenv_1                   0x08000253   Thumb Code     0  libinit2.o(.ARM.Collect$$libinit$$00000021)
    __rt_lib_init_lc_numeric_1               0x08000253   Thumb Code     0  libinit2.o(.ARM.Collect$$libinit$$00000015)
    __rt_lib_init_lc_time_1                  0x08000253   Thumb Code     0  libinit2.o(.ARM.Collect$$libinit$$00000017)
    __rt_lib_init_return                     0x08000253   Thumb Code     0  libinit2.o(.ARM.Collect$$libinit$$00000031)
    __rt_lib_init_signal_1                   0x08000253   Thumb Code     0  libinit2.o(.ARM.Collect$$libinit$$0000001B)
    __rt_lib_init_stdio_1                    0x08000253   Thumb Code     0  libinit2.o(.ARM.Collect$$libinit$$00000023)
    __rt_lib_shutdown                        0x08000255   Thumb Code     0  libshutdown.o(.ARM.Collect$$libshutdown$$00000000)
    __rt_lib_shutdown_fp_trap_1              0x08000257   Thumb Code     0  libshutdown2.o(.ARM.Collect$$libshutdown$$00000006)
    __rt_lib_shutdown_heap_1                 0x08000257   Thumb Code     0  libshutdown2.o(.ARM.Collect$$libshutdown$$0000000E)
    __rt_lib_shutdown_return                 0x08000257   Thumb Code     0  libshutdown2.o(.ARM.Collect$$libshutdown$$0000000F)
    __rt_lib_shutdown_signal_1               0x08000257   Thumb Code     0  libshutdown2.o(.ARM.Collect$$libshutdown$$00000009)
    __rt_lib_shutdown_stdio_1                0x08000257   Thumb Code     0  libshutdown2.o(.ARM.Collect$$libshutdown$$00000003)
    __rt_lib_shutdown_user_alloc_1           0x08000257   Thumb Code     0  libshutdown2.o(.ARM.Collect$$libshutdown$$0000000B)
    __rt_entry                               0x08000259   Thumb Code     0  rtentry.o(.ARM.Collect$$rtentry$$00000000)
    __rt_entry_presh_1                       0x08000259   Thumb Code     0  rtentry2.o(.ARM.Collect$$rtentry$$00000002)
    __rt_entry_sh                            0x08000259   Thumb Code     0  rtentry4.o(.ARM.Collect$$rtentry$$00000004)
    __rt_entry_li                            0x0800025f   Thumb Code     0  rtentry2.o(.ARM.Collect$$rtentry$$0000000A)
    __rt_entry_postsh_1                      0x0800025f   Thumb Code     0  rtentry2.o(.ARM.Collect$$rtentry$$00000009)
    __rt_entry_main                          0x08000263   Thumb Code     0  rtentry2.o(.ARM.Collect$$rtentry$$0000000D)
    __rt_entry_postli_1                      0x08000263   Thumb Code     0  rtentry2.o(.ARM.Collect$$rtentry$$0000000C)
    __rt_exit                                0x0800026b   Thumb Code     0  rtexit.o(.ARM.Collect$$rtexit$$00000000)
    __rt_exit_ls                             0x0800026d   Thumb Code     0  rtexit2.o(.ARM.Collect$$rtexit$$00000003)
    __rt_exit_prels_1                        0x0800026d   Thumb Code     0  rtexit2.o(.ARM.Collect$$rtexit$$00000002)
    __rt_exit_exit                           0x08000271   Thumb Code     0  rtexit2.o(.ARM.Collect$$rtexit$$00000004)
    NMI_Handler                              0x08000277   Thumb Code     2  stm32f10x_it.o(.text)
    HardFault_Handler                        0x08000279   Thumb Code     4  stm32f10x_it.o(.text)
    MemManage_Handler                        0x0800027d   Thumb Code     4  stm32f10x_it.o(.text)
    BusFault_Handler                         0x08000281   Thumb Code     4  stm32f10x_it.o(.text)
    UsageFault_Handler                       0x08000285   Thumb Code     4  stm32f10x_it.o(.text)
    SVC_Handler                              0x08000289   Thumb Code     2  stm32f10x_it.o(.text)
    DebugMon_Handler                         0x0800028b   Thumb Code     2  stm32f10x_it.o(.text)
    SysTick_Handler                          0x0800028d   Thumb Code     2  stm32f10x_it.o(.text)
    EXTI0_IRQHandler                         0x0800028f   Thumb Code     2  stm32f10x_it.o(.text)
    RTC_IRQHandler                           0x08000291   Thumb Code     2  stm32f10x_it.o(.text)
    SystemInit                               0x08000373   Thumb Code    78  system_stm32f10x.o(.text)
    SystemCoreClockUpdate                    0x080003c1   Thumb Code   142  system_stm32f10x.o(.text)
    Reset_Handler                            0x0800047d   Thumb Code     8  startup_stm32f10x_hd.o(.text)
    ADC1_2_IRQHandler                        0x08000497   Thumb Code     0  startup_stm32f10x_hd.o(.text)
    ADC3_IRQHandler                          0x08000497   Thumb Code     0  startup_stm32f10x_hd.o(.text)
    CAN1_RX1_IRQHandler                      0x08000497   Thumb Code     0  startup_stm32f10x_hd.o(.text)
    CAN1_SCE_IRQHandler                      0x08000497   Thumb Code     0  startup_stm32f10x_hd.o(.text)
    DMA1_Channel1_IRQHandler                 0x08000497   Thumb Code     0  startup_stm32f10x_hd.o(.text)
    DMA1_Channel2_IRQHandler                 0x08000497   Thumb Code     0  startup_stm32f10x_hd.o(.text)
    DMA1_Channel3_IRQHandler                 0x08000497   Thumb Code     0  startup_stm32f10x_hd.o(.text)
    DMA1_Channel4_IRQHandler                 0x08000497   Thumb Code     0  startup_stm32f10x_hd.o(.text)
    DMA1_Channel5_IRQHandler                 0x08000497   Thumb Code     0  startup_stm32f10x_hd.o(.text)
    DMA1_Channel6_IRQHandler                 0x08000497   Thumb Code     0  startup_stm32f10x_hd.o(.text)
    DMA1_Channel7_IRQHandler                 0x08000497   Thumb Code     0  startup_stm32f10x_hd.o(.text)
    DMA2_Channel1_IRQHandler                 0x08000497   Thumb Code     0  startup_stm32f10x_hd.o(.text)
    DMA2_Channel2_IRQHandler                 0x08000497   Thumb Code     0  startup_stm32f10x_hd.o(.text)
    DMA2_Channel3_IRQHandler                 0x08000497   Thumb Code     0  startup_stm32f10x_hd.o(.text)
    DMA2_Channel4_5_IRQHandler               0x08000497   Thumb Code     0  startup_stm32f10x_hd.o(.text)
    EXTI1_IRQHandler                         0x08000497   Thumb Code     0  startup_stm32f10x_hd.o(.text)
    EXTI3_IRQHandler                         0x08000497   Thumb Code     0  startup_stm32f10x_hd.o(.text)
    EXTI4_IRQHandler                         0x08000497   Thumb Code     0  startup_stm32f10x_hd.o(.text)
    EXTI9_5_IRQHandler                       0x08000497   Thumb Code     0  startup_stm32f10x_hd.o(.text)
    FLASH_IRQHandler                         0x08000497   Thumb Code     0  startup_stm32f10x_hd.o(.text)
    FSMC_IRQHandler                          0x08000497   Thumb Code     0  startup_stm32f10x_hd.o(.text)
    I2C1_ER_IRQHandler                       0x08000497   Thumb Code     0  startup_stm32f10x_hd.o(.text)
    I2C1_EV_IRQHandler                       0x08000497   Thumb Code     0  startup_stm32f10x_hd.o(.text)
    I2C2_ER_IRQHandler                       0x08000497   Thumb Code     0  startup_stm32f10x_hd.o(.text)
    I2C2_EV_IRQHandler                       0x08000497   Thumb Code     0  startup_stm32f10x_hd.o(.text)
    PVD_IRQHandler                           0x08000497   Thumb Code     0  startup_stm32f10x_hd.o(.text)
    RCC_IRQHandler                           0x08000497   Thumb Code     0  startup_stm32f10x_hd.o(.text)
    RTCAlarm_IRQHandler                      0x08000497   Thumb Code     0  startup_stm32f10x_hd.o(.text)
    SDIO_IRQHandler                          0x08000497   Thumb Code     0  startup_stm32f10x_hd.o(.text)
    SPI1_IRQHandler                          0x08000497   Thumb Code     0  startup_stm32f10x_hd.o(.text)
    SPI2_IRQHandler                          0x08000497   Thumb Code     0  startup_stm32f10x_hd.o(.text)
    SPI3_IRQHandler                          0x08000497   Thumb Code     0  startup_stm32f10x_hd.o(.text)
    TAMPER_IRQHandler                        0x08000497   Thumb Code     0  startup_stm32f10x_hd.o(.text)
    TIM1_BRK_IRQHandler                      0x08000497   Thumb Code     0  startup_stm32f10x_hd.o(.text)
    TIM1_CC_IRQHandler                       0x08000497   Thumb Code     0  startup_stm32f10x_hd.o(.text)
    TIM1_TRG_COM_IRQHandler                  0x08000497   Thumb Code     0  startup_stm32f10x_hd.o(.text)
    TIM1_UP_IRQHandler                       0x08000497   Thumb Code     0  startup_stm32f10x_hd.o(.text)
    TIM2_IRQHandler                          0x08000497   Thumb Code     0  startup_stm32f10x_hd.o(.text)
    TIM3_IRQHandler                          0x08000497   Thumb Code     0  startup_stm32f10x_hd.o(.text)
    TIM4_IRQHandler                          0x08000497   Thumb Code     0  startup_stm32f10x_hd.o(.text)
    TIM5_IRQHandler                          0x08000497   Thumb Code     0  startup_stm32f10x_hd.o(.text)
    TIM8_BRK_IRQHandler                      0x08000497   Thumb Code     0  startup_stm32f10x_hd.o(.text)
    TIM8_CC_IRQHandler                       0x08000497   Thumb Code     0  startup_stm32f10x_hd.o(.text)
    TIM8_TRG_COM_IRQHandler                  0x08000497   Thumb Code     0  startup_stm32f10x_hd.o(.text)
    TIM8_UP_IRQHandler                       0x08000497   Thumb Code     0  startup_stm32f10x_hd.o(.text)
    UART4_IRQHandler                         0x08000497   Thumb Code     0  startup_stm32f10x_hd.o(.text)
    UART5_IRQHandler                         0x08000497   Thumb Code     0  startup_stm32f10x_hd.o(.text)
    USART3_IRQHandler                        0x08000497   Thumb Code     0  startup_stm32f10x_hd.o(.text)
    USBWakeUp_IRQHandler                     0x08000497   Thumb Code     0  startup_stm32f10x_hd.o(.text)
    USB_HP_CAN1_TX_IRQHandler                0x08000497   Thumb Code     0  startup_stm32f10x_hd.o(.text)
    USB_LP_CAN1_RX0_IRQHandler               0x08000497   Thumb Code     0  startup_stm32f10x_hd.o(.text)
    WWDG_IRQHandler                          0x08000497   Thumb Code     0  startup_stm32f10x_hd.o(.text)
    __user_initial_stackheap                 0x08000499   Thumb Code     0  startup_stm32f10x_hd.o(.text)
    NVIC_PriorityGroupConfig                 0x080004bd   Thumb Code    10  misc.o(.text)
    NVIC_Init                                0x080004c7   Thumb Code   100  misc.o(.text)
    NVIC_SetVectorTable                      0x0800052b   Thumb Code    14  misc.o(.text)
    NVIC_SystemLPConfig                      0x08000539   Thumb Code    34  misc.o(.text)
    SysTick_CLKSourceConfig                  0x0800055b   Thumb Code    40  misc.o(.text)
    GPIO_DeInit                              0x08000599   Thumb Code   172  stm32f10x_gpio.o(.text)
    GPIO_AFIODeInit                          0x08000645   Thumb Code    20  stm32f10x_gpio.o(.text)
    GPIO_Init                                0x08000659   Thumb Code   278  stm32f10x_gpio.o(.text)
    GPIO_StructInit                          0x0800076f   Thumb Code    16  stm32f10x_gpio.o(.text)
    GPIO_ReadInputDataBit                    0x0800077f   Thumb Code    18  stm32f10x_gpio.o(.text)
    GPIO_ReadInputData                       0x08000791   Thumb Code     8  stm32f10x_gpio.o(.text)
    GPIO_ReadOutputDataBit                   0x08000799   Thumb Code    18  stm32f10x_gpio.o(.text)
    GPIO_ReadOutputData                      0x080007ab   Thumb Code     8  stm32f10x_gpio.o(.text)
    GPIO_SetBits                             0x080007b3   Thumb Code     4  stm32f10x_gpio.o(.text)
    GPIO_ResetBits                           0x080007b7   Thumb Code     4  stm32f10x_gpio.o(.text)
    GPIO_WriteBit                            0x080007bb   Thumb Code    10  stm32f10x_gpio.o(.text)
    GPIO_Write                               0x080007c5   Thumb Code     4  stm32f10x_gpio.o(.text)
    GPIO_PinLockConfig                       0x080007c9   Thumb Code    18  stm32f10x_gpio.o(.text)
    GPIO_EventOutputConfig                   0x080007db   Thumb Code    26  stm32f10x_gpio.o(.text)
    GPIO_EventOutputCmd                      0x080007f5   Thumb Code     6  stm32f10x_gpio.o(.text)
    GPIO_PinRemapConfig                      0x080007fb   Thumb Code   138  stm32f10x_gpio.o(.text)
    GPIO_EXTILineConfig                      0x08000885   Thumb Code    66  stm32f10x_gpio.o(.text)
    GPIO_ETH_MediaInterfaceConfig            0x080008c7   Thumb Code     8  stm32f10x_gpio.o(.text)
    RCC_DeInit                               0x080008f5   Thumb Code    64  stm32f10x_rcc.o(.text)
    RCC_HSEConfig                            0x08000935   Thumb Code    70  stm32f10x_rcc.o(.text)
    RCC_GetFlagStatus                        0x0800097b   Thumb Code    56  stm32f10x_rcc.o(.text)
    RCC_WaitForHSEStartUp                    0x080009b3   Thumb Code    56  stm32f10x_rcc.o(.text)
    RCC_AdjustHSICalibrationValue            0x080009eb   Thumb Code    20  stm32f10x_rcc.o(.text)
    RCC_HSICmd                               0x080009ff   Thumb Code     6  stm32f10x_rcc.o(.text)
    RCC_PLLConfig                            0x08000a05   Thumb Code    24  stm32f10x_rcc.o(.text)
    RCC_PLLCmd                               0x08000a1d   Thumb Code     6  stm32f10x_rcc.o(.text)
    RCC_SYSCLKConfig                         0x08000a23   Thumb Code    18  stm32f10x_rcc.o(.text)
    RCC_GetSYSCLKSource                      0x08000a35   Thumb Code    10  stm32f10x_rcc.o(.text)
    RCC_HCLKConfig                           0x08000a3f   Thumb Code    18  stm32f10x_rcc.o(.text)
    RCC_PCLK1Config                          0x08000a51   Thumb Code    18  stm32f10x_rcc.o(.text)
    RCC_PCLK2Config                          0x08000a63   Thumb Code    20  stm32f10x_rcc.o(.text)
    RCC_ITConfig                             0x08000a77   Thumb Code    26  stm32f10x_rcc.o(.text)
    RCC_USBCLKConfig                         0x08000a91   Thumb Code     8  stm32f10x_rcc.o(.text)
    RCC_ADCCLKConfig                         0x08000a99   Thumb Code    18  stm32f10x_rcc.o(.text)
    RCC_LSEConfig                            0x08000aab   Thumb Code    50  stm32f10x_rcc.o(.text)
    RCC_LSICmd                               0x08000add   Thumb Code     6  stm32f10x_rcc.o(.text)
    RCC_RTCCLKConfig                         0x08000ae3   Thumb Code    12  stm32f10x_rcc.o(.text)
    RCC_RTCCLKCmd                            0x08000aef   Thumb Code     8  stm32f10x_rcc.o(.text)
    RCC_GetClocksFreq                        0x08000af7   Thumb Code   192  stm32f10x_rcc.o(.text)
    RCC_AHBPeriphClockCmd                    0x08000bb7   Thumb Code    26  stm32f10x_rcc.o(.text)
    RCC_APB2PeriphClockCmd                   0x08000bd1   Thumb Code    26  stm32f10x_rcc.o(.text)
    RCC_APB1PeriphClockCmd                   0x08000beb   Thumb Code    26  stm32f10x_rcc.o(.text)
    RCC_APB2PeriphResetCmd                   0x08000c05   Thumb Code    26  stm32f10x_rcc.o(.text)
    RCC_APB1PeriphResetCmd                   0x08000c1f   Thumb Code    26  stm32f10x_rcc.o(.text)
    RCC_BackupResetCmd                       0x08000c39   Thumb Code     8  stm32f10x_rcc.o(.text)
    RCC_ClockSecuritySystemCmd               0x08000c41   Thumb Code     6  stm32f10x_rcc.o(.text)
    RCC_MCOConfig                            0x08000c47   Thumb Code     6  stm32f10x_rcc.o(.text)
    RCC_ClearFlag                            0x08000c4d   Thumb Code    14  stm32f10x_rcc.o(.text)
    RCC_GetITStatus                          0x08000c5b   Thumb Code    20  stm32f10x_rcc.o(.text)
    RCC_ClearITPendingBit                    0x08000c6f   Thumb Code     6  stm32f10x_rcc.o(.text)
    USART_DeInit                             0x08000ca1   Thumb Code   134  stm32f10x_usart.o(.text)
    USART_Init                               0x08000d27   Thumb Code   210  stm32f10x_usart.o(.text)
    USART_StructInit                         0x08000df9   Thumb Code    24  stm32f10x_usart.o(.text)
    USART_ClockInit                          0x08000e11   Thumb Code    34  stm32f10x_usart.o(.text)
    USART_ClockStructInit                    0x08000e33   Thumb Code    12  stm32f10x_usart.o(.text)
    USART_Cmd                                0x08000e3f   Thumb Code    24  stm32f10x_usart.o(.text)
    USART_ITConfig                           0x08000e57   Thumb Code    74  stm32f10x_usart.o(.text)
    USART_DMACmd                             0x08000ea1   Thumb Code    18  stm32f10x_usart.o(.text)
    USART_SetAddress                         0x08000eb3   Thumb Code    18  stm32f10x_usart.o(.text)
    USART_WakeUpConfig                       0x08000ec5   Thumb Code    18  stm32f10x_usart.o(.text)
    USART_ReceiverWakeUpCmd                  0x08000ed7   Thumb Code    24  stm32f10x_usart.o(.text)
    USART_LINBreakDetectLengthConfig         0x08000eef   Thumb Code    18  stm32f10x_usart.o(.text)
    USART_LINCmd                             0x08000f01   Thumb Code    24  stm32f10x_usart.o(.text)
    USART_SendData                           0x08000f19   Thumb Code     8  stm32f10x_usart.o(.text)
    USART_ReceiveData                        0x08000f21   Thumb Code    10  stm32f10x_usart.o(.text)
    USART_SendBreak                          0x08000f2b   Thumb Code    10  stm32f10x_usart.o(.text)
    USART_SetGuardTime                       0x08000f35   Thumb Code    16  stm32f10x_usart.o(.text)
    USART_SetPrescaler                       0x08000f45   Thumb Code    16  stm32f10x_usart.o(.text)
    USART_SmartCardCmd                       0x08000f55   Thumb Code    24  stm32f10x_usart.o(.text)
    USART_SmartCardNACKCmd                   0x08000f6d   Thumb Code    24  stm32f10x_usart.o(.text)
    USART_HalfDuplexCmd                      0x08000f85   Thumb Code    24  stm32f10x_usart.o(.text)
    USART_OverSampling8Cmd                   0x08000f9d   Thumb Code    22  stm32f10x_usart.o(.text)
    USART_OneBitMethodCmd                    0x08000fb3   Thumb Code    24  stm32f10x_usart.o(.text)
    USART_IrDAConfig                         0x08000fcb   Thumb Code    18  stm32f10x_usart.o(.text)
    USART_IrDACmd                            0x08000fdd   Thumb Code    24  stm32f10x_usart.o(.text)
    USART_GetFlagStatus                      0x08000ff5   Thumb Code    26  stm32f10x_usart.o(.text)
    USART_ClearFlag                          0x0800100f   Thumb Code    18  stm32f10x_usart.o(.text)
    USART_GetITStatus                        0x08001021   Thumb Code    84  stm32f10x_usart.o(.text)
    USART_ClearITPendingBit                  0x08001075   Thumb Code    52  stm32f10x_usart.o(.text)
    EXTI_DeInit                              0x080010a9   Thumb Code    28  stm32f10x_exti.o(.text)
    EXTI_Init                                0x080010c5   Thumb Code   142  stm32f10x_exti.o(.text)
    EXTI_StructInit                          0x08001153   Thumb Code    16  stm32f10x_exti.o(.text)
    EXTI_GenerateSWInterrupt                 0x08001163   Thumb Code    16  stm32f10x_exti.o(.text)
    EXTI_GetFlagStatus                       0x08001173   Thumb Code    22  stm32f10x_exti.o(.text)
    EXTI_ClearFlag                           0x08001189   Thumb Code     8  stm32f10x_exti.o(.text)
    EXTI_GetITStatus                         0x08001191   Thumb Code    34  stm32f10x_exti.o(.text)
    EXTI_ClearITPendingBit                   0x080011b3   Thumb Code     8  stm32f10x_exti.o(.text)
    TIM_DeInit                               0x080011c5   Thumb Code   424  stm32f10x_tim.o(.text)
    TIM_TimeBaseInit                         0x0800136d   Thumb Code   122  stm32f10x_tim.o(.text)
    TIM_OC1Init                              0x080013e7   Thumb Code   132  stm32f10x_tim.o(.text)
    TIM_OC2Init                              0x0800146b   Thumb Code   154  stm32f10x_tim.o(.text)
    TIM_OC3Init                              0x08001505   Thumb Code   150  stm32f10x_tim.o(.text)
    TIM_OC4Init                              0x0800159b   Thumb Code   182  stm32f10x_tim.o(.text)
    TIM_SetIC4Prescaler                      0x08001651   Thumb Code    26  stm32f10x_tim.o(.text)
    TIM_SetIC3Prescaler                      0x080016ed   Thumb Code    18  stm32f10x_tim.o(.text)
    TIM_SetIC2Prescaler                      0x08001779   Thumb Code    26  stm32f10x_tim.o(.text)
    TIM_SetIC1Prescaler                      0x08001815   Thumb Code    18  stm32f10x_tim.o(.text)
    TIM_ICInit                               0x08001893   Thumb Code   150  stm32f10x_tim.o(.text)
    TIM_PWMIConfig                           0x08001929   Thumb Code   124  stm32f10x_tim.o(.text)
    TIM_BDTRConfig                           0x080019a5   Thumb Code    32  stm32f10x_tim.o(.text)
    TIM_TimeBaseStructInit                   0x080019c5   Thumb Code    18  stm32f10x_tim.o(.text)
    TIM_OCStructInit                         0x080019d7   Thumb Code    20  stm32f10x_tim.o(.text)
    TIM_ICStructInit                         0x080019eb   Thumb Code    18  stm32f10x_tim.o(.text)
    TIM_BDTRStructInit                       0x080019fd   Thumb Code    40  stm32f10x_tim.o(.text)
    TIM_Cmd                                  0x08001a25   Thumb Code    24  stm32f10x_tim.o(.text)
    TIM_CtrlPWMOutputs                       0x08001a3d   Thumb Code    30  stm32f10x_tim.o(.text)
    TIM_ITConfig                             0x08001a5b   Thumb Code    18  stm32f10x_tim.o(.text)
    TIM_GenerateEvent                        0x08001a6d   Thumb Code     4  stm32f10x_tim.o(.text)
    TIM_DMAConfig                            0x08001a71   Thumb Code    10  stm32f10x_tim.o(.text)
    TIM_DMACmd                               0x08001a7b   Thumb Code    18  stm32f10x_tim.o(.text)
    TIM_InternalClockConfig                  0x08001a8d   Thumb Code    12  stm32f10x_tim.o(.text)
    TIM_SelectInputTrigger                   0x08001a99   Thumb Code    18  stm32f10x_tim.o(.text)
    TIM_ITRxExternalClockConfig              0x08001aab   Thumb Code    24  stm32f10x_tim.o(.text)
    TIM_TIxExternalClockConfig               0x08001ac3   Thumb Code    62  stm32f10x_tim.o(.text)
    TIM_ETRConfig                            0x08001b01   Thumb Code    28  stm32f10x_tim.o(.text)
    TIM_ETRClockMode1Config                  0x08001b1d   Thumb Code    54  stm32f10x_tim.o(.text)
    TIM_ETRClockMode2Config                  0x08001b53   Thumb Code    32  stm32f10x_tim.o(.text)
    TIM_PrescalerConfig                      0x08001b73   Thumb Code     6  stm32f10x_tim.o(.text)
    TIM_CounterModeConfig                    0x08001b79   Thumb Code    18  stm32f10x_tim.o(.text)
    TIM_EncoderInterfaceConfig               0x08001b8b   Thumb Code    66  stm32f10x_tim.o(.text)
    TIM_ForcedOC1Config                      0x08001bcd   Thumb Code    18  stm32f10x_tim.o(.text)
    TIM_ForcedOC2Config                      0x08001bdf   Thumb Code    26  stm32f10x_tim.o(.text)
    TIM_ForcedOC3Config                      0x08001bf9   Thumb Code    18  stm32f10x_tim.o(.text)
    TIM_ForcedOC4Config                      0x08001c0b   Thumb Code    26  stm32f10x_tim.o(.text)
    TIM_ARRPreloadConfig                     0x08001c25   Thumb Code    24  stm32f10x_tim.o(.text)
    TIM_SelectCOM                            0x08001c3d   Thumb Code    24  stm32f10x_tim.o(.text)
    TIM_SelectCCDMA                          0x08001c55   Thumb Code    24  stm32f10x_tim.o(.text)
    TIM_CCPreloadControl                     0x08001c6d   Thumb Code    24  stm32f10x_tim.o(.text)
    TIM_OC1PreloadConfig                     0x08001c85   Thumb Code    18  stm32f10x_tim.o(.text)
    TIM_OC2PreloadConfig                     0x08001c97   Thumb Code    26  stm32f10x_tim.o(.text)
    TIM_OC3PreloadConfig                     0x08001cb1   Thumb Code    18  stm32f10x_tim.o(.text)
    TIM_OC4PreloadConfig                     0x08001cc3   Thumb Code    26  stm32f10x_tim.o(.text)
    TIM_OC1FastConfig                        0x08001cdd   Thumb Code    18  stm32f10x_tim.o(.text)
    TIM_OC2FastConfig                        0x08001cef   Thumb Code    26  stm32f10x_tim.o(.text)
    TIM_OC3FastConfig                        0x08001d09   Thumb Code    18  stm32f10x_tim.o(.text)
    TIM_OC4FastConfig                        0x08001d1b   Thumb Code    26  stm32f10x_tim.o(.text)
    TIM_ClearOC1Ref                          0x08001d35   Thumb Code    18  stm32f10x_tim.o(.text)
    TIM_ClearOC2Ref                          0x08001d47   Thumb Code    24  stm32f10x_tim.o(.text)
    TIM_ClearOC3Ref                          0x08001d5f   Thumb Code    18  stm32f10x_tim.o(.text)
    TIM_ClearOC4Ref                          0x08001d71   Thumb Code    24  stm32f10x_tim.o(.text)
    TIM_OC1PolarityConfig                    0x08001d89   Thumb Code    18  stm32f10x_tim.o(.text)
    TIM_OC1NPolarityConfig                   0x08001d9b   Thumb Code    18  stm32f10x_tim.o(.text)
    TIM_OC2PolarityConfig                    0x08001dad   Thumb Code    26  stm32f10x_tim.o(.text)
    TIM_OC2NPolarityConfig                   0x08001dc7   Thumb Code    26  stm32f10x_tim.o(.text)
    TIM_OC3PolarityConfig                    0x08001de1   Thumb Code    26  stm32f10x_tim.o(.text)
    TIM_OC3NPolarityConfig                   0x08001dfb   Thumb Code    26  stm32f10x_tim.o(.text)
    TIM_OC4PolarityConfig                    0x08001e15   Thumb Code    26  stm32f10x_tim.o(.text)
    TIM_CCxCmd                               0x08001e2f   Thumb Code    30  stm32f10x_tim.o(.text)
    TIM_CCxNCmd                              0x08001e4d   Thumb Code    30  stm32f10x_tim.o(.text)
    TIM_SelectOCxM                           0x08001e6b   Thumb Code    82  stm32f10x_tim.o(.text)
    TIM_UpdateDisableConfig                  0x08001ebd   Thumb Code    24  stm32f10x_tim.o(.text)
    TIM_UpdateRequestConfig                  0x08001ed5   Thumb Code    24  stm32f10x_tim.o(.text)
    TIM_SelectHallSensor                     0x08001eed   Thumb Code    24  stm32f10x_tim.o(.text)
    TIM_SelectOnePulseMode                   0x08001f05   Thumb Code    18  stm32f10x_tim.o(.text)
    TIM_SelectOutputTrigger                  0x08001f17   Thumb Code    18  stm32f10x_tim.o(.text)
    TIM_SelectSlaveMode                      0x08001f29   Thumb Code    18  stm32f10x_tim.o(.text)
    TIM_SelectMasterSlaveMode                0x08001f3b   Thumb Code    18  stm32f10x_tim.o(.text)
    TIM_SetCounter                           0x08001f4d   Thumb Code     4  stm32f10x_tim.o(.text)
    TIM_SetAutoreload                        0x08001f51   Thumb Code     4  stm32f10x_tim.o(.text)
    TIM_SetCompare1                          0x08001f55   Thumb Code     4  stm32f10x_tim.o(.text)
    TIM_SetCompare2                          0x08001f59   Thumb Code     4  stm32f10x_tim.o(.text)
    TIM_SetCompare3                          0x08001f5d   Thumb Code     4  stm32f10x_tim.o(.text)
    TIM_SetCompare4                          0x08001f61   Thumb Code     6  stm32f10x_tim.o(.text)
    TIM_SetClockDivision                     0x08001f67   Thumb Code    18  stm32f10x_tim.o(.text)
    TIM_GetCapture1                          0x08001f79   Thumb Code     6  stm32f10x_tim.o(.text)
    TIM_GetCapture2                          0x08001f7f   Thumb Code     6  stm32f10x_tim.o(.text)
    TIM_GetCapture3                          0x08001f85   Thumb Code     6  stm32f10x_tim.o(.text)
    TIM_GetCapture4                          0x08001f8b   Thumb Code     8  stm32f10x_tim.o(.text)
    TIM_GetCounter                           0x08001f93   Thumb Code     6  stm32f10x_tim.o(.text)
    TIM_GetPrescaler                         0x08001f99   Thumb Code     6  stm32f10x_tim.o(.text)
    TIM_GetFlagStatus                        0x08001f9f   Thumb Code    18  stm32f10x_tim.o(.text)
    TIM_ClearFlag                            0x08001fb1   Thumb Code     6  stm32f10x_tim.o(.text)
    TIM_GetITStatus                          0x08001fb7   Thumb Code    34  stm32f10x_tim.o(.text)
    TIM_ClearITPendingBit                    0x08001fd9   Thumb Code     6  stm32f10x_tim.o(.text)
    Led7_Set                                 0x08001fe1   Thumb Code    40  led.o(.text)
    Led6_Set                                 0x08002009   Thumb Code    40  led.o(.text)
    Led5_Set                                 0x08002031   Thumb Code    40  led.o(.text)
    Led4_Set                                 0x08002059   Thumb Code    38  led.o(.text)
    Led_Init                                 0x0800207f   Thumb Code    80  led.o(.text)
    WaterLights                              0x080020cf   Thumb Code   104  led.o(.text)
    Delay_Init                               0x08002151   Thumb Code    48  delay.o(.text)
    DelayUs                                  0x08002181   Thumb Code    60  delay.o(.text)
    DelayXms                                 0x080021bd   Thumb Code    66  delay.o(.text)
    DelayMs                                  0x080021ff   Thumb Code    60  delay.o(.text)
    Usart1_Init                              0x08002245   Thumb Code   166  usart.o(.text)
    Usart2_Init                              0x080022eb   Thumb Code   162  usart.o(.text)
    Usart_SendString                         0x0800238d   Thumb Code    50  usart.o(.text)
    UsartPrintf                              0x080023bf   Thumb Code    68  usart.o(.text)
    Usart1_IO_WaitRecive                     0x08002403   Thumb Code    42  usart.o(.text)
    Usart2_IO_WaitRecive                     0x0800242d   Thumb Code    42  usart.o(.text)
    USART1_IRQHandler                        0x08002457   Thumb Code    62  usart.o(.text)
    USART2_IRQHandler                        0x08002495   Thumb Code    62  usart.o(.text)
    Usart2_Send_Cmd                          0x080024d3   Thumb Code    44  usart.o(.text)
    Key_Init                                 0x08002515   Thumb Code    54  key.o(.text)
    KeyScan                                  0x0800254b   Thumb Code    54  key.o(.text)
    Keyboard                                 0x08002581   Thumb Code   128  key.o(.text)
    Exti_Key_Init                            0x08002609   Thumb Code   166  exti.o(.text)
    EXTI15_10_IRQHandler                     0x080026af   Thumb Code   130  exti.o(.text)
    EXTI2_IRQHandler                         0x08002731   Thumb Code    42  exti.o(.text)
    IIC_SpeedCtl                             0x08002765   Thumb Code     6  i2c.o(.text)
    IIC_Init                                 0x0800276b   Thumb Code    66  i2c.o(.text)
    IIC_Start                                0x080027ad   Thumb Code    60  i2c.o(.text)
    IIC_Stop                                 0x080027e9   Thumb Code    60  i2c.o(.text)
    IIC_WaitAck                              0x08002825   Thumb Code   100  i2c.o(.text)
    IIC_Ack                                  0x08002889   Thumb Code    60  i2c.o(.text)
    IIC_NAck                                 0x080028c5   Thumb Code    60  i2c.o(.text)
    IIC_SendByte                             0x08002901   Thumb Code    96  i2c.o(.text)
    IIC_RecvByte                             0x08002961   Thumb Code    86  i2c.o(.text)
    I2C_WriteByte                            0x080029b7   Thumb Code    92  i2c.o(.text)
    I2C_ReadByte                             0x08002a13   Thumb Code   106  i2c.o(.text)
    I2C_WriteBytes                           0x08002a7d   Thumb Code   116  i2c.o(.text)
    I2C_ReadBytes                            0x08002af1   Thumb Code   168  i2c.o(.text)
    ADXL345_Init                             0x08002b99   Thumb Code   166  adxl345.o(.text)
    ADXL345_GetValue                         0x08002c3f   Thumb Code   246  adxl345.o(.text)
    Timer1_8_Init                            0x08002d3d   Thumb Code   178  hwtimer.o(.text)
    Timer6_7_Init                            0x08002def   Thumb Code   106  hwtimer.o(.text)
    RTOS_TimerInit                           0x08002e59   Thumb Code    16  hwtimer.o(.text)
    TIM6_IRQHandler                          0x08002e69   Thumb Code    36  hwtimer.o(.text)
    TIM7_IRQHandler                          0x08002e8d   Thumb Code    24  hwtimer.o(.text)
    GSM_IO_Init                              0x08002eb5   Thumb Code    12  sim808.o(.text)
    GSM_IO_ClearRecive                       0x08002ec1   Thumb Code    20  sim808.o(.text)
    GSM_IO_WaitRecive                        0x08002ed5   Thumb Code    42  sim808.o(.text)
    GSM_SendString                           0x08002eff   Thumb Code    50  sim808.o(.text)
    GSM_Device_SendCmd                       0x08002f31   Thumb Code    94  sim808.o(.text)
    GSM_Device_InitStep                      0x08002f8f   Thumb Code  2104  sim808.o(.text)
    GSM_Device_Init                          0x080037c7   Thumb Code    28  sim808.o(.text)
    Hardware_Init                            0x080039b1   Thumb Code    52  main.o(.text)
    main                                     0x080039e5   Thumb Code    14  main.o(.text)
    OSInitHookBegin                          0x080039f5   Thumb Code    30  os_cpu_c.o(.text)
    OSInitHookEnd                            0x08003a13   Thumb Code     2  os_cpu_c.o(.text)
    OSTaskCreateHook                         0x08003a15   Thumb Code     2  os_cpu_c.o(.text)
    OSTaskDelHook                            0x08003a17   Thumb Code     2  os_cpu_c.o(.text)
    OSTaskIdleHook                           0x08003a19   Thumb Code     2  os_cpu_c.o(.text)
    OSTaskReturnHook                         0x08003a1b   Thumb Code     2  os_cpu_c.o(.text)
    OSTaskStatHook                           0x08003a1d   Thumb Code     2  os_cpu_c.o(.text)
    OSTaskStkInit                            0x08003a1f   Thumb Code   152  os_cpu_c.o(.text)
    OSTaskSwHook                             0x08003ab7   Thumb Code     2  os_cpu_c.o(.text)
    OSTCBInitHook                            0x08003ab9   Thumb Code     2  os_cpu_c.o(.text)
    OSTimeTickHook                           0x08003abb   Thumb Code    30  os_cpu_c.o(.text)
    OS_CPU_SysTickHandler                    0x08003ad9   Thumb Code    34  os_cpu_c.o(.text)
    OS_CPU_SysTickInit                       0x08003afb   Thumb Code    42  os_cpu_c.o(.text)
    OS_CPU_SR_Save                           0x08003b41   Thumb Code     0  os_cpu_a.o(.text)
    OS_CPU_SR_Restore                        0x08003b49   Thumb Code     0  os_cpu_a.o(.text)
    OSStartHighRdy                           0x08003b4f   Thumb Code     0  os_cpu_a.o(.text)
    OSCtxSw                                  0x08003b71   Thumb Code     0  os_cpu_a.o(.text)
    OSIntCtxSw                               0x08003b7f   Thumb Code     0  os_cpu_a.o(.text)
    PendSV_Handler                           0x08003b8f   Thumb Code     0  os_cpu_a.o(.text)
    OS_TaskStatStkChk                        0x08003bf5   Thumb Code    54  os_core.o(.text)
    OS_TaskStat                              0x08003c2b   Thumb Code   116  os_core.o(.text)
    OS_TaskIdle                              0x08003cd3   Thumb Code    34  os_core.o(.text)
    OS_MemClr                                0x08003d29   Thumb Code    18  os_core.o(.text)
    OSInit                                   0x08003e49   Thumb Code    48  os_core.o(.text)
    OSIntEnter                               0x08003e79   Thumb Code    28  os_core.o(.text)
    OSIntExit                                0x08003eaf   Thumb Code   112  os_core.o(.text)
    OSSchedLock                              0x08003f1f   Thumb Code    50  os_core.o(.text)
    OS_Sched                                 0x08003f51   Thumb Code    88  os_core.o(.text)
    OSSchedUnlock                            0x08003fa9   Thumb Code   236  os_core.o(.text)
    OSStart                                  0x08004095   Thumb Code    48  os_core.o(.text)
    OSStatInit                               0x080040c5   Thumb Code    62  os_core.o(.text)
    OSTimeTick                               0x08004103   Thumb Code   210  os_core.o(.text)
    OSVersion                                0x080041d5   Thumb Code     6  os_core.o(.text)
    OS_Dummy                                 0x080041db   Thumb Code     2  os_core.o(.text)
    OS_EventTaskRemove                       0x080041dd   Thumb Code    42  os_core.o(.text)
    OS_EventTaskRdy                          0x08004207   Thumb Code   114  os_core.o(.text)
    OS_EventTaskWait                         0x08004279   Thumb Code   112  os_core.o(.text)
    OS_EventWaitListInit                     0x080042e9   Thumb Code    28  os_core.o(.text)
    OS_MemCopy                               0x08004305   Thumb Code    20  os_core.o(.text)
    OS_StrLen                                0x08004319   Thumb Code    20  os_core.o(.text)
    OS_TCBInit                               0x0800432d   Thumb Code   280  os_core.o(.text)
    OSFlagAccept                             0x08004489   Thumb Code   252  os_flag.o(.text)
    OSFlagCreate                             0x08004585   Thumb Code    86  os_flag.o(.text)
    OS_FlagUnlink                            0x080045db   Thumb Code    36  os_flag.o(.text)
    OSFlagDel                                0x08004651   Thumb Code   214  os_flag.o(.text)
    OSFlagNameGet                            0x08004727   Thumb Code    80  os_flag.o(.text)
    OSFlagNameSet                            0x08004777   Thumb Code    66  os_flag.o(.text)
    OSFlagPend                               0x08004851   Thumb Code   614  os_flag.o(.text)
    OSFlagPendGetFlagsRdy                    0x08004ab7   Thumb Code    26  os_flag.o(.text)
    OSFlagPost                               0x08004ad1   Thumb Code   312  os_flag.o(.text)
    OSFlagQuery                              0x08004c09   Thumb Code    48  os_flag.o(.text)
    OS_FlagInit                              0x08004c39   Thumb Code    78  os_flag.o(.text)
    OSQAccept                                0x08004c95   Thumb Code    88  os_q.o(.text)
    OSQCreate                                0x08004ced   Thumb Code   140  os_q.o(.text)
    OSQDel                                   0x08004d79   Thumb Code   236  os_q.o(.text)
    OSQFlush                                 0x08004e65   Thumb Code    36  os_q.o(.text)
    OSQPend                                  0x08004e89   Thumb Code   272  os_q.o(.text)
    OSQPendAbort                             0x08004f99   Thumb Code   128  os_q.o(.text)
    OSQPost                                  0x08005019   Thumb Code   114  os_q.o(.text)
    OSQPostFront                             0x0800508b   Thumb Code   136  os_q.o(.text)
    OSQPostOpt                               0x08005113   Thumb Code   182  os_q.o(.text)
    OSQQuery                                 0x080051c9   Thumb Code    98  os_q.o(.text)
    OS_QInit                                 0x0800522b   Thumb Code    72  os_q.o(.text)
    OSSemAccept                              0x0800527d   Thumb Code    42  os_sem.o(.text)
    OSSemCreate                              0x080052a7   Thumb Code    68  os_sem.o(.text)
    OSSemDel                                 0x080052eb   Thumb Code   200  os_sem.o(.text)
    OSSemPend                                0x080053b3   Thumb Code   222  os_sem.o(.text)
    OSSemPendAbort                           0x08005491   Thumb Code   128  os_sem.o(.text)
    OSSemPost                                0x08005511   Thumb Code    88  os_sem.o(.text)
    OSSemQuery                               0x08005569   Thumb Code    76  os_sem.o(.text)
    OSSemSet                                 0x080055b5   Thumb Code    66  os_sem.o(.text)
    OSTaskChangePrio                         0x08005609   Thumb Code   308  os_task.o(.text)
    OSTaskCreate                             0x0800573d   Thumb Code   148  os_task.o(.text)
    OS_TaskStkClr                            0x080057d1   Thumb Code    26  os_task.o(.text)
    OSTaskCreateExt                          0x080057eb   Thumb Code   170  os_task.o(.text)
    OSTaskDel                                0x08005895   Thumb Code   294  os_task.o(.text)
    OSTaskDelReq                             0x080059bb   Thumb Code   144  os_task.o(.text)
    OSTaskNameGet                            0x08005a4b   Thumb Code   114  os_task.o(.text)
    OSTaskNameSet                            0x08005abd   Thumb Code    98  os_task.o(.text)
    OSTaskResume                             0x08005b1f   Thumb Code   154  os_task.o(.text)
    OSTaskStkChk                             0x08005bb9   Thumb Code   128  os_task.o(.text)
    OSTaskSuspend                            0x08005c39   Thumb Code   152  os_task.o(.text)
    OSTaskQuery                              0x08005cd1   Thumb Code    82  os_task.o(.text)
    OSTaskRegGet                             0x08005d23   Thumb Code    60  os_task.o(.text)
    OSTaskRegSet                             0x08005d5f   Thumb Code    62  os_task.o(.text)
    OS_TaskReturn                            0x08005d9d   Thumb Code    18  os_task.o(.text)
    OSTimeDly                                0x08005dc9   Thumb Code   100  os_time.o(.text)
    OSTimeDlyHMSM                            0x08005e2d   Thumb Code    86  os_time.o(.text)
    OSTimeDlyResume                          0x08005e83   Thumb Code   168  os_time.o(.text)
    OSTimeGet                                0x08005f2b   Thumb Code    24  os_time.o(.text)
    OSTimeSet                                0x08005f43   Thumb Code    24  os_time.o(.text)
    OSTmrCreate                              0x08005fab   Thumb Code   108  os_tmr.o(.text)
    OSTmrDel                                 0x0800608f   Thumb Code   124  os_tmr.o(.text)
    OSTmrNameGet                             0x0800610b   Thumb Code   114  os_tmr.o(.text)
    OSTmrRemainGet                           0x0800617d   Thumb Code   164  os_tmr.o(.text)
    OSTmrStateGet                            0x08006221   Thumb Code    86  os_tmr.o(.text)
    OSTmrStart                               0x080062db   Thumb Code   158  os_tmr.o(.text)
    OSTmrStop                                0x08006379   Thumb Code   180  os_tmr.o(.text)
    OSTmrSignal                              0x0800642d   Thumb Code    16  os_tmr.o(.text)
    OSTmr_Init                               0x080064e1   Thumb Code   152  os_tmr.o(.text)
    __c89vsprintf                            0x080065b9   Thumb Code    32  c89vsprintf.o(.text)
    strstr                                   0x080065dd   Thumb Code    36  strstr.o(.text)
    strcpy                                   0x08006601   Thumb Code    72  strcpy.o(.text)
    strlen                                   0x08006649   Thumb Code    62  strlen.o(.text)
    strcat                                   0x08006687   Thumb Code    24  strcat.o(.text)
    __aeabi_memcpy                           0x0800669f   Thumb Code     0  rt_memcpy_v6.o(.text)
    __rt_memcpy                              0x0800669f   Thumb Code   138  rt_memcpy_v6.o(.text)
    _memcpy_lastbytes                        0x08006705   Thumb Code     0  rt_memcpy_v6.o(.text)
    __aeabi_memclr                           0x08006729   Thumb Code     0  rt_memclr.o(.text)
    __rt_memclr                              0x08006729   Thumb Code    68  rt_memclr.o(.text)
    _memset                                  0x0800672d   Thumb Code     0  rt_memclr.o(.text)
    __aeabi_memclr4                          0x0800676d   Thumb Code     0  rt_memclr_w.o(.text)
    __aeabi_memclr8                          0x0800676d   Thumb Code     0  rt_memclr_w.o(.text)
    __rt_memclr_w                            0x0800676d   Thumb Code    78  rt_memclr_w.o(.text)
    _memset_w                                0x08006771   Thumb Code     0  rt_memclr_w.o(.text)
    __use_two_region_memory                  0x080067bb   Thumb Code     2  heapauxi.o(.text)
    __rt_heap_escrow$2region                 0x080067bd   Thumb Code     2  heapauxi.o(.text)
    __rt_heap_expand$2region                 0x080067bf   Thumb Code     2  heapauxi.o(.text)
    _printf_pre_padding                      0x080067c1   Thumb Code    44  _printf_pad.o(.text)
    _printf_post_padding                     0x080067ed   Thumb Code    34  _printf_pad.o(.text)
    _printf_truncate_signed                  0x0800680f   Thumb Code    18  _printf_truncate.o(.text)
    _printf_truncate_unsigned                0x08006821   Thumb Code    18  _printf_truncate.o(.text)
    _printf_str                              0x08006833   Thumb Code    82  _printf_str.o(.text)
    _printf_int_dec                          0x08006885   Thumb Code   100  _printf_dec.o(.text)
    _printf_charcount                        0x080068f9   Thumb Code    40  _printf_charcount.o(.text)
    _printf_char_common                      0x0800692b   Thumb Code    32  _printf_char_common.o(.text)
    _sputc                                   0x08006951   Thumb Code    10  _sputc.o(.text)
    _printf_wctomb                           0x0800695d   Thumb Code   182  _printf_wctomb.o(.text)
    _printf_longlong_dec                     0x08006a19   Thumb Code   104  _printf_longlong_dec.o(.text)
    _printf_longlong_oct                     0x08006a91   Thumb Code    68  _printf_oct_int_ll.o(.text)
    _printf_int_oct                          0x08006ad5   Thumb Code    24  _printf_oct_int_ll.o(.text)
    _printf_ll_oct                           0x08006aed   Thumb Code    12  _printf_oct_int_ll.o(.text)
    _printf_longlong_hex                     0x08006b01   Thumb Code    86  _printf_hex_int_ll_ptr.o(.text)
    _printf_int_hex                          0x08006b57   Thumb Code    28  _printf_hex_int_ll_ptr.o(.text)
    _printf_ll_hex                           0x08006b73   Thumb Code    12  _printf_hex_int_ll_ptr.o(.text)
    _printf_hex_ptr                          0x08006b7f   Thumb Code    18  _printf_hex_int_ll_ptr.o(.text)
    __printf                                 0x08006b95   Thumb Code   388  __printf_flags_ss_wp.o(.text)
    __aeabi_memcpy4                          0x08006d1d   Thumb Code     0  rt_memcpy_w.o(.text)
    __aeabi_memcpy8                          0x08006d1d   Thumb Code     0  rt_memcpy_w.o(.text)
    __rt_memcpy_w                            0x08006d1d   Thumb Code   100  rt_memcpy_w.o(.text)
    _memcpy_lastbytes_aligned                0x08006d65   Thumb Code     0  rt_memcpy_w.o(.text)
    _ll_udiv10                               0x08006d81   Thumb Code   138  lludiv10.o(.text)
    _printf_int_common                       0x08006e0b   Thumb Code   178  _printf_intcommon.o(.text)
    __lib_sel_fp_printf                      0x08006ebd   Thumb Code     2  _printf_fp_dec.o(.text)
    _printf_fp_dec_real                      0x0800706b   Thumb Code   616  _printf_fp_dec.o(.text)
    _printf_cs_common                        0x080072d3   Thumb Code    20  _printf_char.o(.text)
    _printf_char                             0x080072e7   Thumb Code    16  _printf_char.o(.text)
    _printf_string                           0x080072f7   Thumb Code     8  _printf_char.o(.text)
    _printf_lcs_common                       0x080072ff   Thumb Code    20  _printf_wchar.o(.text)
    _printf_wchar                            0x08007313   Thumb Code    16  _printf_wchar.o(.text)
    _printf_wstring                          0x08007323   Thumb Code     8  _printf_wchar.o(.text)
    _wcrtomb                                 0x0800732b   Thumb Code    64  _wcrtomb.o(.text)
    __user_setup_stackheap                   0x0800736b   Thumb Code    74  sys_stackheap_outer.o(.text)
    __rt_ctype_table                         0x080073b5   Thumb Code    16  rt_ctype_table.o(.text)
    __rt_locale                              0x080073c5   Thumb Code     8  rt_locale_intlibspace.o(.text)
    _printf_fp_infnan                        0x080073cd   Thumb Code   112  _printf_fp_infnan.o(.text)
    _btod_etento                             0x0800744d   Thumb Code   212  bigflt0.o(.text)
    exit                                     0x08007525   Thumb Code    12  exit.o(.text)
    __user_libspace                          0x08007531   Thumb Code     8  libspace.o(.text)
    __user_perproc_libspace                  0x08007531   Thumb Code     0  libspace.o(.text)
    __user_perthread_libspace                0x08007531   Thumb Code     0  libspace.o(.text)
    strcmp                                   0x08007539   Thumb Code   128  strcmpv7m.o(.text)
    _sys_exit                                0x080075b9   Thumb Code     8  sys_exit.o(.text)
    __I$use$semihosting                      0x080075c5   Thumb Code     0  use_no_semi.o(.text)
    __use_no_semihosting_swi                 0x080075c5   Thumb Code     2  use_no_semi.o(.text)
    __semihosting_library_function           0x080075c7   Thumb Code     0  indicate_semi.o(.text)
    _btod_d2e                                0x080075c7   Thumb Code    62  btod.o(CL$$btod_d2e)
    _d2e_denorm_low                          0x08007605   Thumb Code    70  btod.o(CL$$btod_d2e_denorm_low)
    _d2e_norm_op1                            0x0800764b   Thumb Code    96  btod.o(CL$$btod_d2e_norm_op1)
    __btod_div_common                        0x080076ab   Thumb Code   696  btod.o(CL$$btod_div_common)
    _e2e                                     0x080079e3   Thumb Code   198  btod.o(CL$$btod_e2e)
    _btod_ediv                               0x08007aa9   Thumb Code    40  btod.o(CL$$btod_ediv)
    _btod_emul                               0x08007ad1   Thumb Code    40  btod.o(CL$$btod_emul)
    __btod_mult_common                       0x08007af9   Thumb Code   580  btod.o(CL$$btod_mult_common)
    __ARM_fpclassify                         0x08007d3d   Thumb Code    40  fpclassify.o(i.__ARM_fpclassify)
    _is_digit                                0x08007d65   Thumb Code    14  __printf_wp.o(i._is_digit)
    _get_lc_numeric                          0x08007d75   Thumb Code    44  lc_numeric_c.o(locale$$code)
    _get_lc_ctype                            0x08007da1   Thumb Code    44  lc_ctype_c.o(locale$$code)
    __aeabi_d2f                              0x08007dcd   Thumb Code     0  d2f.o(x$fpl$d2f)
    _d2f                                     0x08007dcd   Thumb Code    98  d2f.o(x$fpl$d2f)
    __aeabi_dmul                             0x08007e31   Thumb Code     0  dmul.o(x$fpl$dmul)
    _dmul                                    0x08007e31   Thumb Code   332  dmul.o(x$fpl$dmul)
    __fpl_dnaninf                            0x08007f85   Thumb Code   156  dnaninf.o(x$fpl$dnaninf)
    __fpl_dretinf                            0x08008021   Thumb Code    12  dretinf.o(x$fpl$dretinf)
    __aeabi_f2d                              0x0800802d   Thumb Code     0  f2d.o(x$fpl$f2d)
    _f2d                                     0x0800802d   Thumb Code    86  f2d.o(x$fpl$f2d)
    __aeabi_ui2f                             0x08008085   Thumb Code     0  fflt_clz.o(x$fpl$ffltu)
    _ffltu                                   0x08008085   Thumb Code    38  fflt_clz.o(x$fpl$ffltu)
    __fpl_fnaninf                            0x080080ab   Thumb Code   140  fnaninf.o(x$fpl$fnaninf)
    __fpl_fretinf                            0x08008137   Thumb Code    10  fretinf.o(x$fpl$fretinf)
    _printf_fp_dec                           0x08008141   Thumb Code     4  printf1.o(x$fpl$printf1)
    __I$use$fp                               0x08008144   Number         0  usenofp.o(x$fpl$usenofp)
    OSUnMapTbl                               0x08008158   Data         256  os_core.o(.constdata)
    Region$$Table$$Base                      0x08008330   Number         0  anon$$obj.o(Region$$Table)
    Region$$Table$$Limit                     0x08008350   Number         0  anon$$obj.o(Region$$Table)
    __ctype                                  0x08008379   Data           0  lc_ctype_c.o(locale$$data)
    SystemCoreClock                          0x20000000   Data           4  system_stm32f10x.o(.data)
    AHBPrescTable                            0x20000004   Data          16  system_stm32f10x.o(.data)
    ledStatus                                0x20000028   Data           4  led.o(.data)
    UsCount                                  0x2000002c   Data           1  delay.o(.data)
    MsCount                                  0x2000002e   Data           2  delay.o(.data)
    iicInfo                                  0x20000030   Data           2  i2c.o(.data)
    gsmDeviceInfo                            0x20000032   Data           6  sim808.o(.data)
    serviceInfo                              0x20000038   Data          24  sim808.o(.data)
    OS_CPU_ExceptStkBase                     0x20000050   Data           4  os_cpu_c.o(.data)
    OSCtxSwCtr                               0x20000058   Data           4  os_core.o(.data)
    OSEventFreeList                          0x2000005c   Data           4  os_core.o(.data)
    OSFlagFreeList                           0x20000060   Data           4  os_core.o(.data)
    OSCPUUsage                               0x20000064   Data           1  os_core.o(.data)
    OSIdleCtrMax                             0x20000068   Data           4  os_core.o(.data)
    OSIdleCtrRun                             0x2000006c   Data           4  os_core.o(.data)
    OSStatRdy                                0x20000070   Data           1  os_core.o(.data)
    OSIntNesting                             0x20000071   Data           1  os_core.o(.data)
    OSLockNesting                            0x20000072   Data           1  os_core.o(.data)
    OSPrioCur                                0x20000073   Data           1  os_core.o(.data)
    OSPrioHighRdy                            0x20000074   Data           1  os_core.o(.data)
    OSRdyGrp                                 0x20000075   Data           1  os_core.o(.data)
    OSRdyTbl                                 0x20000076   Data           8  os_core.o(.data)
    OSRunning                                0x2000007e   Data           1  os_core.o(.data)
    OSTaskCtr                                0x2000007f   Data           1  os_core.o(.data)
    OSIdleCtr                                0x20000080   Data           4  os_core.o(.data)
    OSTCBCur                                 0x20000084   Data           4  os_core.o(.data)
    OSTCBFreeList                            0x20000088   Data           4  os_core.o(.data)
    OSTCBHighRdy                             0x2000008c   Data           4  os_core.o(.data)
    OSTCBList                                0x20000090   Data           4  os_core.o(.data)
    OSTickStepState                          0x20000094   Data           1  os_core.o(.data)
    OSQFreeList                              0x20000098   Data           4  os_core.o(.data)
    OSTime                                   0x2000009c   Data           4  os_core.o(.data)
    OSTmrFree                                0x200000a0   Data           2  os_core.o(.data)
    OSTmrUsed                                0x200000a2   Data           2  os_core.o(.data)
    OSTmrTime                                0x200000a4   Data           4  os_core.o(.data)
    OSTmrSem                                 0x200000a8   Data           4  os_core.o(.data)
    OSTmrSemSignal                           0x200000ac   Data           4  os_core.o(.data)
    OSTmrFreeList                            0x200000b0   Data           4  os_core.o(.data)
    usart1IOInfo                             0x200000b4   Data         204  main.o(.bss)
    usart2IOInfo                             0x20000180   Data         204  main.o(.bss)
    OS_CPU_ExceptStk                         0x2000024c   Data         512  os_cpu_c.o(.bss)
    OSEventTbl                               0x2000044c   Data         400  os_core.o(.bss)
    OSFlagTbl                                0x200005dc   Data          80  os_core.o(.bss)
    OSTaskStatStk                            0x2000062c   Data         512  os_core.o(.bss)
    OSTaskIdleStk                            0x2000082c   Data         512  os_core.o(.bss)
    OSTCBPrioTbl                             0x20000a2c   Data         256  os_core.o(.bss)
    OSTCBTbl                                 0x20000b2c   Data        1176  os_core.o(.bss)
    OSQTbl                                   0x20000fc4   Data         120  os_core.o(.bss)
    OSTmrTbl                                 0x2000103c   Data         640  os_core.o(.bss)
    OSTmrTaskStk                             0x200012bc   Data         512  os_core.o(.bss)
    OSTmrWheelTbl                            0x200014bc   Data          64  os_core.o(.bss)
    __libspace_start                         0x200014fc   Data          96  libspace.o(.bss)
    __temporary_stack_top$libspace           0x2000155c   Data           0  libspace.o(.bss)



==============================================================================

Memory Map of the image

  Image Entry point : 0x08000131

  Load Region LR_IROM1 (Base: 0x08000000, Size: 0x00008530, Max: 0x00080000, ABSOLUTE)

    Execution Region ER_IROM1 (Base: 0x08000000, Size: 0x0000847c, Max: 0x00080000, ABSOLUTE)

    Base Addr    Size         Type   Attr      Idx    E Section Name        Object

    0x08000000   0x00000130   Data   RO          136    RESET               startup_stm32f10x_hd.o
    0x08000130   0x00000008   Code   RO          906  * !!!main             c_w.l(__main.o)
    0x08000138   0x00000034   Code   RO         1261    !!!scatter          c_w.l(__scatter.o)
    0x0800016c   0x0000001a   Code   RO         1263    !!handler_copy      c_w.l(__scatter_copy.o)
    0x08000186   0x00000002   PAD
    0x08000188   0x0000001c   Code   RO         1265    !!handler_zi        c_w.l(__scatter_zi.o)
    0x080001a4   0x00000000   Code   RO         1026    .ARM.Collect$$_printf_percent$$00000000  c_w.l(_printf_percent.o)
    0x080001a4   0x00000006   Code   RO         1015    .ARM.Collect$$_printf_percent$$00000001  c_w.l(_printf_n.o)
    0x080001aa   0x00000006   Code   RO         1017    .ARM.Collect$$_printf_percent$$00000002  c_w.l(_printf_p.o)
    0x080001b0   0x00000006   Code   RO         1022    .ARM.Collect$$_printf_percent$$00000003  c_w.l(_printf_f.o)
    0x080001b6   0x00000006   Code   RO         1023    .ARM.Collect$$_printf_percent$$00000004  c_w.l(_printf_e.o)
    0x080001bc   0x00000006   Code   RO         1024    .ARM.Collect$$_printf_percent$$00000005  c_w.l(_printf_g.o)
    0x080001c2   0x00000006   Code   RO         1025    .ARM.Collect$$_printf_percent$$00000006  c_w.l(_printf_a.o)
    0x080001c8   0x0000000a   Code   RO         1030    .ARM.Collect$$_printf_percent$$00000007  c_w.l(_printf_ll.o)
    0x080001d2   0x00000006   Code   RO         1019    .ARM.Collect$$_printf_percent$$00000008  c_w.l(_printf_i.o)
    0x080001d8   0x00000006   Code   RO         1020    .ARM.Collect$$_printf_percent$$00000009  c_w.l(_printf_d.o)
    0x080001de   0x00000006   Code   RO         1021    .ARM.Collect$$_printf_percent$$0000000A  c_w.l(_printf_u.o)
    0x080001e4   0x00000006   Code   RO         1018    .ARM.Collect$$_printf_percent$$0000000B  c_w.l(_printf_o.o)
    0x080001ea   0x00000006   Code   RO         1016    .ARM.Collect$$_printf_percent$$0000000C  c_w.l(_printf_x.o)
    0x080001f0   0x00000006   Code   RO         1027    .ARM.Collect$$_printf_percent$$0000000D  c_w.l(_printf_lli.o)
    0x080001f6   0x00000006   Code   RO         1028    .ARM.Collect$$_printf_percent$$0000000E  c_w.l(_printf_lld.o)
    0x080001fc   0x00000006   Code   RO         1029    .ARM.Collect$$_printf_percent$$0000000F  c_w.l(_printf_llu.o)
    0x08000202   0x00000006   Code   RO         1034    .ARM.Collect$$_printf_percent$$00000010  c_w.l(_printf_llo.o)
    0x08000208   0x00000006   Code   RO         1035    .ARM.Collect$$_printf_percent$$00000011  c_w.l(_printf_llx.o)
    0x0800020e   0x0000000a   Code   RO         1031    .ARM.Collect$$_printf_percent$$00000012  c_w.l(_printf_l.o)
    0x08000218   0x00000006   Code   RO         1013    .ARM.Collect$$_printf_percent$$00000013  c_w.l(_printf_c.o)
    0x0800021e   0x00000006   Code   RO         1014    .ARM.Collect$$_printf_percent$$00000014  c_w.l(_printf_s.o)
    0x08000224   0x00000006   Code   RO         1032    .ARM.Collect$$_printf_percent$$00000015  c_w.l(_printf_lc.o)
    0x0800022a   0x00000006   Code   RO         1033    .ARM.Collect$$_printf_percent$$00000016  c_w.l(_printf_ls.o)
    0x08000230   0x00000004   Code   RO         1076    .ARM.Collect$$_printf_percent$$00000017  c_w.l(_printf_percent_end.o)
    0x08000234   0x00000002   Code   RO         1125    .ARM.Collect$$libinit$$00000000  c_w.l(libinit.o)
    0x08000236   0x00000000   Code   RO         1141    .ARM.Collect$$libinit$$00000002  c_w.l(libinit2.o)
    0x08000236   0x00000000   Code   RO         1144    .ARM.Collect$$libinit$$00000008  c_w.l(libinit2.o)
    0x08000236   0x00000000   Code   RO         1146    .ARM.Collect$$libinit$$0000000A  c_w.l(libinit2.o)
    0x08000236   0x00000000   Code   RO         1148    .ARM.Collect$$libinit$$0000000C  c_w.l(libinit2.o)
    0x08000236   0x00000006   Code   RO         1149    .ARM.Collect$$libinit$$0000000D  c_w.l(libinit2.o)
    0x0800023c   0x00000000   Code   RO         1151    .ARM.Collect$$libinit$$0000000F  c_w.l(libinit2.o)
    0x0800023c   0x0000000c   Code   RO         1152    .ARM.Collect$$libinit$$00000010  c_w.l(libinit2.o)
    0x08000248   0x00000000   Code   RO         1153    .ARM.Collect$$libinit$$00000011  c_w.l(libinit2.o)
    0x08000248   0x00000000   Code   RO         1155    .ARM.Collect$$libinit$$00000013  c_w.l(libinit2.o)
    0x08000248   0x0000000a   Code   RO         1156    .ARM.Collect$$libinit$$00000014  c_w.l(libinit2.o)
    0x08000252   0x00000000   Code   RO         1157    .ARM.Collect$$libinit$$00000015  c_w.l(libinit2.o)
    0x08000252   0x00000000   Code   RO         1159    .ARM.Collect$$libinit$$00000017  c_w.l(libinit2.o)
    0x08000252   0x00000000   Code   RO         1161    .ARM.Collect$$libinit$$00000019  c_w.l(libinit2.o)
    0x08000252   0x00000000   Code   RO         1163    .ARM.Collect$$libinit$$0000001B  c_w.l(libinit2.o)
    0x08000252   0x00000000   Code   RO         1165    .ARM.Collect$$libinit$$0000001D  c_w.l(libinit2.o)
    0x08000252   0x00000000   Code   RO         1167    .ARM.Collect$$libinit$$0000001F  c_w.l(libinit2.o)
    0x08000252   0x00000000   Code   RO         1169    .ARM.Collect$$libinit$$00000021  c_w.l(libinit2.o)
    0x08000252   0x00000000   Code   RO         1171    .ARM.Collect$$libinit$$00000023  c_w.l(libinit2.o)
    0x08000252   0x00000000   Code   RO         1175    .ARM.Collect$$libinit$$0000002A  c_w.l(libinit2.o)
    0x08000252   0x00000000   Code   RO         1177    .ARM.Collect$$libinit$$0000002C  c_w.l(libinit2.o)
    0x08000252   0x00000000   Code   RO         1179    .ARM.Collect$$libinit$$0000002E  c_w.l(libinit2.o)
    0x08000252   0x00000000   Code   RO         1181    .ARM.Collect$$libinit$$00000030  c_w.l(libinit2.o)
    0x08000252   0x00000002   Code   RO         1182    .ARM.Collect$$libinit$$00000031  c_w.l(libinit2.o)
    0x08000254   0x00000002   Code   RO         1202    .ARM.Collect$$libshutdown$$00000000  c_w.l(libshutdown.o)
    0x08000256   0x00000000   Code   RO         1216    .ARM.Collect$$libshutdown$$00000003  c_w.l(libshutdown2.o)
    0x08000256   0x00000000   Code   RO         1219    .ARM.Collect$$libshutdown$$00000006  c_w.l(libshutdown2.o)
    0x08000256   0x00000000   Code   RO         1222    .ARM.Collect$$libshutdown$$00000009  c_w.l(libshutdown2.o)
    0x08000256   0x00000000   Code   RO         1224    .ARM.Collect$$libshutdown$$0000000B  c_w.l(libshutdown2.o)
    0x08000256   0x00000000   Code   RO         1227    .ARM.Collect$$libshutdown$$0000000E  c_w.l(libshutdown2.o)
    0x08000256   0x00000002   Code   RO         1228    .ARM.Collect$$libshutdown$$0000000F  c_w.l(libshutdown2.o)
    0x08000258   0x00000000   Code   RO          944    .ARM.Collect$$rtentry$$00000000  c_w.l(rtentry.o)
    0x08000258   0x00000000   Code   RO         1050    .ARM.Collect$$rtentry$$00000002  c_w.l(rtentry2.o)
    0x08000258   0x00000006   Code   RO         1062    .ARM.Collect$$rtentry$$00000004  c_w.l(rtentry4.o)
    0x0800025e   0x00000000   Code   RO         1052    .ARM.Collect$$rtentry$$00000009  c_w.l(rtentry2.o)
    0x0800025e   0x00000004   Code   RO         1053    .ARM.Collect$$rtentry$$0000000A  c_w.l(rtentry2.o)
    0x08000262   0x00000000   Code   RO         1055    .ARM.Collect$$rtentry$$0000000C  c_w.l(rtentry2.o)
    0x08000262   0x00000008   Code   RO         1056    .ARM.Collect$$rtentry$$0000000D  c_w.l(rtentry2.o)
    0x0800026a   0x00000002   Code   RO         1133    .ARM.Collect$$rtexit$$00000000  c_w.l(rtexit.o)
    0x0800026c   0x00000000   Code   RO         1184    .ARM.Collect$$rtexit$$00000002  c_w.l(rtexit2.o)
    0x0800026c   0x00000004   Code   RO         1185    .ARM.Collect$$rtexit$$00000003  c_w.l(rtexit2.o)
    0x08000270   0x00000006   Code   RO         1186    .ARM.Collect$$rtexit$$00000004  c_w.l(rtexit2.o)
    0x08000276   0x0000001c   Code   RO           17    .text               stm32f10x_it.o
    0x08000292   0x00000002   PAD
    0x08000294   0x000001e8   Code   RO          116    .text               system_stm32f10x.o
    0x0800047c   0x00000040   Code   RO          137    .text               startup_stm32f10x_hd.o
    0x080004bc   0x000000dc   Code   RO          141    .text               misc.o
    0x08000598   0x0000035c   Code   RO          179    .text               stm32f10x_gpio.o
    0x080008f4   0x000003ac   Code   RO          191    .text               stm32f10x_rcc.o
    0x08000ca0   0x00000408   Code   RO          205    .text               stm32f10x_usart.o
    0x080010a8   0x0000011c   Code   RO          313    .text               stm32f10x_exti.o
    0x080011c4   0x00000e1a   Code   RO          421    .text               stm32f10x_tim.o
    0x08001fde   0x00000002   PAD
    0x08001fe0   0x00000170   Code   RO          445    .text               led.o
    0x08002150   0x000000f4   Code   RO          466    .text               delay.o
    0x08002244   0x000002d0   Code   RO          481    .text               usart.o
    0x08002514   0x000000f4   Code   RO          508    .text               key.o
    0x08002608   0x0000015c   Code   RO          541    .text               exti.o
    0x08002764   0x00000434   Code   RO          553    .text               i2c.o
    0x08002b98   0x000001a4   Code   RO          593    .text               adxl345.o
    0x08002d3c   0x00000178   Code   RO          641    .text               hwtimer.o
    0x08002eb4   0x00000afc   Code   RO          690    .text               sim808.o
    0x080039b0   0x00000042   Code   RO          713    .text               main.o
    0x080039f2   0x00000002   PAD
    0x080039f4   0x0000014c   Code   RO          738    .text               os_cpu_c.o
    0x08003b40   0x000000b4   Code   RO          761    .text               os_cpu_a.o
    0x08003bf4   0x00000894   Code   RO          764    .text               os_core.o
    0x08004488   0x0000080c   Code   RO          784    .text               os_flag.o
    0x08004c94   0x000005e8   Code   RO          826    .text               os_q.o
    0x0800527c   0x0000038c   Code   RO          838    .text               os_sem.o
    0x08005608   0x000007c0   Code   RO          850    .text               os_task.o
    0x08005dc8   0x000001b0   Code   RO          862    .text               os_time.o
    0x08005f78   0x00000640   Code   RO          874    .text               os_tmr.o
    0x080065b8   0x00000024   Code   RO          888    .text               c_w.l(c89vsprintf.o)
    0x080065dc   0x00000024   Code   RO          890    .text               c_w.l(strstr.o)
    0x08006600   0x00000048   Code   RO          892    .text               c_w.l(strcpy.o)
    0x08006648   0x0000003e   Code   RO          894    .text               c_w.l(strlen.o)
    0x08006686   0x00000018   Code   RO          896    .text               c_w.l(strcat.o)
    0x0800669e   0x0000008a   Code   RO          898    .text               c_w.l(rt_memcpy_v6.o)
    0x08006728   0x00000044   Code   RO          900    .text               c_w.l(rt_memclr.o)
    0x0800676c   0x0000004e   Code   RO          902    .text               c_w.l(rt_memclr_w.o)
    0x080067ba   0x00000006   Code   RO          904    .text               c_w.l(heapauxi.o)
    0x080067c0   0x0000004e   Code   RO          947    .text               c_w.l(_printf_pad.o)
    0x0800680e   0x00000024   Code   RO          949    .text               c_w.l(_printf_truncate.o)
    0x08006832   0x00000052   Code   RO          951    .text               c_w.l(_printf_str.o)
    0x08006884   0x00000074   Code   RO          953    .text               c_w.l(_printf_dec.o)
    0x080068f8   0x00000028   Code   RO          955    .text               c_w.l(_printf_charcount.o)
    0x08006920   0x00000030   Code   RO          957    .text               c_w.l(_printf_char_common.o)
    0x08006950   0x0000000a   Code   RO          959    .text               c_w.l(_sputc.o)
    0x0800695a   0x00000002   PAD
    0x0800695c   0x000000bc   Code   RO          961    .text               c_w.l(_printf_wctomb.o)
    0x08006a18   0x00000078   Code   RO          964    .text               c_w.l(_printf_longlong_dec.o)
    0x08006a90   0x00000070   Code   RO          970    .text               c_w.l(_printf_oct_int_ll.o)
    0x08006b00   0x00000094   Code   RO          990    .text               c_w.l(_printf_hex_int_ll_ptr.o)
    0x08006b94   0x00000188   Code   RO         1010    .text               c_w.l(__printf_flags_ss_wp.o)
    0x08006d1c   0x00000064   Code   RO         1036    .text               c_w.l(rt_memcpy_w.o)
    0x08006d80   0x0000008a   Code   RO         1064    .text               c_w.l(lludiv10.o)
    0x08006e0a   0x000000b2   Code   RO         1066    .text               c_w.l(_printf_intcommon.o)
    0x08006ebc   0x00000416   Code   RO         1068    .text               c_w.l(_printf_fp_dec.o)
    0x080072d2   0x0000002c   Code   RO         1072    .text               c_w.l(_printf_char.o)
    0x080072fe   0x0000002c   Code   RO         1074    .text               c_w.l(_printf_wchar.o)
    0x0800732a   0x00000040   Code   RO         1077    .text               c_w.l(_wcrtomb.o)
    0x0800736a   0x0000004a   Code   RO         1079    .text               c_w.l(sys_stackheap_outer.o)
    0x080073b4   0x00000010   Code   RO         1081    .text               c_w.l(rt_ctype_table.o)
    0x080073c4   0x00000008   Code   RO         1086    .text               c_w.l(rt_locale_intlibspace.o)
    0x080073cc   0x00000080   Code   RO         1088    .text               c_w.l(_printf_fp_infnan.o)
    0x0800744c   0x000000d8   Code   RO         1090    .text               c_w.l(bigflt0.o)
    0x08007524   0x0000000c   Code   RO         1118    .text               c_w.l(exit.o)
    0x08007530   0x00000008   Code   RO         1130    .text               c_w.l(libspace.o)
    0x08007538   0x00000080   Code   RO         1138    .text               c_w.l(strcmpv7m.o)
    0x080075b8   0x0000000c   Code   RO         1194    .text               c_w.l(sys_exit.o)
    0x080075c4   0x00000002   Code   RO         1205    .text               c_w.l(use_no_semi.o)
    0x080075c6   0x00000000   Code   RO         1207    .text               c_w.l(indicate_semi.o)
    0x080075c6   0x0000003e   Code   RO         1093    CL$$btod_d2e        c_w.l(btod.o)
    0x08007604   0x00000046   Code   RO         1095    CL$$btod_d2e_denorm_low  c_w.l(btod.o)
    0x0800764a   0x00000060   Code   RO         1094    CL$$btod_d2e_norm_op1  c_w.l(btod.o)
    0x080076aa   0x00000338   Code   RO         1103    CL$$btod_div_common  c_w.l(btod.o)
    0x080079e2   0x000000c6   Code   RO         1100    CL$$btod_e2e        c_w.l(btod.o)
    0x08007aa8   0x00000028   Code   RO         1097    CL$$btod_ediv       c_w.l(btod.o)
    0x08007ad0   0x00000028   Code   RO         1096    CL$$btod_emul       c_w.l(btod.o)
    0x08007af8   0x00000244   Code   RO         1102    CL$$btod_mult_common  c_w.l(btod.o)
    0x08007d3c   0x00000028   Code   RO         1128    i.__ARM_fpclassify  m_ws.l(fpclassify.o)
    0x08007d64   0x0000000e   Code   RO         1003    i._is_digit         c_w.l(__printf_wp.o)
    0x08007d72   0x00000002   PAD
    0x08007d74   0x0000002c   Code   RO         1116    locale$$code        c_w.l(lc_numeric_c.o)
    0x08007da0   0x0000002c   Code   RO         1136    locale$$code        c_w.l(lc_ctype_c.o)
    0x08007dcc   0x00000062   Code   RO          908    x$fpl$d2f           fz_ws.l(d2f.o)
    0x08007e2e   0x00000002   PAD
    0x08007e30   0x00000154   Code   RO          920    x$fpl$dmul          fz_ws.l(dmul.o)
    0x08007f84   0x0000009c   Code   RO         1038    x$fpl$dnaninf       fz_ws.l(dnaninf.o)
    0x08008020   0x0000000c   Code   RO         1040    x$fpl$dretinf       fz_ws.l(dretinf.o)
    0x0800802c   0x00000056   Code   RO          922    x$fpl$f2d           fz_ws.l(f2d.o)
    0x08008082   0x00000002   PAD
    0x08008084   0x00000026   Code   RO          938    x$fpl$ffltu         fz_ws.l(fflt_clz.o)
    0x080080aa   0x0000008c   Code   RO         1042    x$fpl$fnaninf       fz_ws.l(fnaninf.o)
    0x08008136   0x0000000a   Code   RO         1044    x$fpl$fretinf       fz_ws.l(fretinf.o)
    0x08008140   0x00000004   Code   RO         1046    x$fpl$printf1       fz_ws.l(printf1.o)
    0x08008144   0x00000000   Code   RO         1048    x$fpl$usenofp       fz_ws.l(usenofp.o)
    0x08008144   0x00000014   Data   RO          691    .constdata          sim808.o
    0x08008158   0x00000100   Data   RO          766    .constdata          os_core.o
    0x08008258   0x00000008   Data   RO          962    .constdata          c_w.l(_printf_wctomb.o)
    0x08008260   0x00000028   Data   RO          991    .constdata          c_w.l(_printf_hex_int_ll_ptr.o)
    0x08008288   0x00000011   Data   RO         1011    .constdata          c_w.l(__printf_flags_ss_wp.o)
    0x08008299   0x00000003   PAD
    0x0800829c   0x00000094   Data   RO         1091    .constdata          c_w.l(bigflt0.o)
    0x08008330   0x00000020   Data   RO         1259    Region$$Table       anon$$obj.o
    0x08008350   0x0000001c   Data   RO         1115    locale$$data        c_w.l(lc_numeric_c.o)
    0x0800836c   0x00000110   Data   RO         1135    locale$$data        c_w.l(lc_ctype_c.o)


    Execution Region RW_IRAM1 (Base: 0x20000000, Size: 0x00001d60, Max: 0x00010000, ABSOLUTE)

    Base Addr    Size         Type   Attr      Idx    E Section Name        Object

    0x20000000   0x00000014   Data   RW          117    .data               system_stm32f10x.o
    0x20000014   0x00000014   Data   RW          192    .data               stm32f10x_rcc.o
    0x20000028   0x00000004   Data   RW          446    .data               led.o
    0x2000002c   0x00000004   Data   RW          467    .data               delay.o
    0x20000030   0x00000002   Data   RW          554    .data               i2c.o
    0x20000032   0x0000001e   Data   RW          692    .data               sim808.o
    0x20000050   0x00000006   Data   RW          740    .data               os_cpu_c.o
    0x20000056   0x00000002   PAD
    0x20000058   0x0000005c   Data   RW          767    .data               os_core.o
    0x200000b4   0x00000198   Zero   RW          714    .bss                main.o
    0x2000024c   0x00000200   Zero   RW          739    .bss                os_cpu_c.o
    0x2000044c   0x000010b0   Zero   RW          765    .bss                os_core.o
    0x200014fc   0x00000060   Zero   RW         1131    .bss                c_w.l(libspace.o)
    0x2000155c   0x00000004   PAD
    0x20001560   0x00000400   Zero   RW          135    HEAP                startup_stm32f10x_hd.o
    0x20001960   0x00000400   Zero   RW          134    STACK               startup_stm32f10x_hd.o


==============================================================================

Image component sizes


      Code (inc. data)   RO Data    RW Data    ZI Data      Debug   Object Name

       420          8          0          0          0       1872   adxl345.o
         0          0          0          0          0       4304   core_cm3.o
       244         10          0          4          0       1360   delay.o
       348         10          0          0          0        858   exti.o
       376         16          0          0          0      10665   hwtimer.o
      1076         32          0          2          0       4220   i2c.o
       244          8          0          0          0       1268   key.o
       368         26          0          4          0       1839   led.o
        66          0          0          0        408       1165   main.o
       220         22          0          0          0     208397   misc.o
      2196        216        256         92       4272      15355   os_core.o
       180         36          0          0          0        280   os_cpu_a.o
       332         28          0          6        512      11399   os_cpu_c.o
      2060         42          0          0          0       6676   os_flag.o
      1512         30          0          0          0       5405   os_q.o
       908         18          0          0          0       3750   os_sem.o
      1984         70          0          0          0       7329   os_task.o
       432         30          0          0          0       1718   os_time.o
      1600         94          0          0          0       5369   os_tmr.o
      2812        888         20         30          0       4417   sim808.o
        64         26        304          0       2048        772   startup_stm32f10x_hd.o
       284         10          0          0          0       2079   stm32f10x_exti.o
       860         38          0          0          0       5493   stm32f10x_gpio.o
        28          0          0          0          0      44491   stm32f10x_it.o
       940         44          0         20          0       8608   stm32f10x_rcc.o
      3610         88          0          0          0      21976   stm32f10x_tim.o
      1032         22          0          0          0       8216   stm32f10x_usart.o
       488         46          0         20          0       1631   system_stm32f10x.o
       720         22          0          0          0       4167   usart.o

    ----------------------------------------------------------------------
     25410       1880        612        180       7240     395079   Object Totals
         0          0         32          0          0          0   (incl. Generated)
         6          0          0          2          0          0   (incl. Padding)

    ----------------------------------------------------------------------

      Code (inc. data)   RO Data    RW Data    ZI Data      Debug   Library Member Name

         8          0          0          0          0         68   __main.o
       392          4         17          0          0         92   __printf_flags_ss_wp.o
        14          0          0          0          0         68   __printf_wp.o
        52          8          0          0          0          0   __scatter.o
        26          0          0          0          0          0   __scatter_copy.o
        28          0          0          0          0          0   __scatter_zi.o
         6          0          0          0          0          0   _printf_a.o
         6          0          0          0          0          0   _printf_c.o
        44          0          0          0          0        108   _printf_char.o
        48          6          0          0          0         96   _printf_char_common.o
        40          0          0          0          0         68   _printf_charcount.o
         6          0          0          0          0          0   _printf_d.o
       116         16          0          0          0         92   _printf_dec.o
         6          0          0          0          0          0   _printf_e.o
         6          0          0          0          0          0   _printf_f.o
      1046          0          0          0          0        216   _printf_fp_dec.o
       128         16          0          0          0         84   _printf_fp_infnan.o
         6          0          0          0          0          0   _printf_g.o
       148          4         40          0          0        160   _printf_hex_int_ll_ptr.o
         6          0          0          0          0          0   _printf_i.o
       178          0          0          0          0         88   _printf_intcommon.o
        10          0          0          0          0          0   _printf_l.o
         6          0          0          0          0          0   _printf_lc.o
        10          0          0          0          0          0   _printf_ll.o
         6          0          0          0          0          0   _printf_lld.o
         6          0          0          0          0          0   _printf_lli.o
         6          0          0          0          0          0   _printf_llo.o
         6          0          0          0          0          0   _printf_llu.o
         6          0          0          0          0          0   _printf_llx.o
       120         16          0          0          0         92   _printf_longlong_dec.o
         6          0          0          0          0          0   _printf_ls.o
         6          0          0          0          0          0   _printf_n.o
         6          0          0          0          0          0   _printf_o.o
       112          8          0          0          0        124   _printf_oct_int_ll.o
         6          0          0          0          0          0   _printf_p.o
        78          0          0          0          0        108   _printf_pad.o
         0          0          0          0          0          0   _printf_percent.o
         4          0          0          0          0          0   _printf_percent_end.o
         6          0          0          0          0          0   _printf_s.o
        82          0          0          0          0         80   _printf_str.o
        36          0          0          0          0         84   _printf_truncate.o
         6          0          0          0          0          0   _printf_u.o
        44          0          0          0          0        108   _printf_wchar.o
       188          6          8          0          0         92   _printf_wctomb.o
         6          0          0          0          0          0   _printf_x.o
        10          0          0          0          0         68   _sputc.o
        64          0          0          0          0         92   _wcrtomb.o
       216          4        148          0          0         96   bigflt0.o
      1910        128          0          0          0        672   btod.o
        36          4          0          0          0         76   c89vsprintf.o
        12          0          0          0          0         72   exit.o
         6          0          0          0          0        152   heapauxi.o
         0          0          0          0          0          0   indicate_semi.o
        44         10        272          0          0         76   lc_ctype_c.o
        44         10         28          0          0         76   lc_numeric_c.o
         2          0          0          0          0          0   libinit.o
        30          0          0          0          0          0   libinit2.o
         2          0          0          0          0          0   libshutdown.o
         2          0          0          0          0          0   libshutdown2.o
         8          4          0          0         96         68   libspace.o
       138          0          0          0          0         80   lludiv10.o
        16          4          0          0          0         76   rt_ctype_table.o
         8          4          0          0          0         68   rt_locale_intlibspace.o
        68          0          0          0          0         68   rt_memclr.o
        78          0          0          0          0         80   rt_memclr_w.o
       138          0          0          0          0         68   rt_memcpy_v6.o
       100          0          0          0          0         80   rt_memcpy_w.o
         0          0          0          0          0          0   rtentry.o
        12          0          0          0          0          0   rtentry2.o
         6          0          0          0          0          0   rtentry4.o
         2          0          0          0          0          0   rtexit.o
        10          0          0          0          0          0   rtexit2.o
        24          0          0          0          0         68   strcat.o
       128          0          0          0          0         68   strcmpv7m.o
        72          0          0          0          0         80   strcpy.o
        62          0          0          0          0         76   strlen.o
        36          0          0          0          0         80   strstr.o
        12          4          0          0          0         68   sys_exit.o
        74          0          0          0          0         80   sys_stackheap_outer.o
         2          0          0          0          0         68   use_no_semi.o
        98          4          0          0          0         92   d2f.o
       340         12          0          0          0        104   dmul.o
       156          4          0          0          0         92   dnaninf.o
        12          0          0          0          0         68   dretinf.o
        86          4          0          0          0         84   f2d.o
        38          0          0          0          0         68   fflt_clz.o
       140          4          0          0          0         84   fnaninf.o
        10          0          0          0          0         68   fretinf.o
         4          0          0          0          0         68   printf1.o
         0          0          0          0          0          0   usenofp.o
        40          0          0          0          0         68   fpclassify.o

    ----------------------------------------------------------------------
      7378        284        516          0        100       5180   Library Totals
        10          0          3          0          4          0   (incl. Padding)

    ----------------------------------------------------------------------

      Code (inc. data)   RO Data    RW Data    ZI Data      Debug   Library Name

      6444        256        513          0         96       4384   c_w.l
       884         28          0          0          0        728   fz_ws.l
        40          0          0          0          0         68   m_ws.l

    ----------------------------------------------------------------------
      7378        284        516          0        100       5180   Library Totals

    ----------------------------------------------------------------------

==============================================================================


      Code (inc. data)   RO Data    RW Data    ZI Data      Debug   

     32788       2164       1128        180       7340     395003   Grand Totals
     32788       2164       1128        180       7340     395003   ELF Image Totals
     32788       2164       1128        180          0          0   ROM Totals

==============================================================================

    Total RO  Size (Code + RO Data)                33916 (  33.12kB)
    Total RW  Size (RW Data + ZI Data)              7520 (   7.34kB)
    Total ROM Size (Code + RO Data + RW Data)      34096 (  33.30kB)

==============================================================================

