Product: MDK-ARM Professional 5.10
Component: ARM Compiler 5.04 update 1 (build 49)
Tool: armlink [5040049]

==============================================================================

Section Cross References

    system_stm32f10x.o(.text) refers to system_stm32f10x.o(.data) for SystemCoreClock
    startup_stm32f10x_hd.o(STACK) refers (Special) to heapauxi.o(.text) for __use_two_region_memory
    startup_stm32f10x_hd.o(HEAP) refers (Special) to heapauxi.o(.text) for __use_two_region_memory
    startup_stm32f10x_hd.o(RESET) refers (Special) to heapauxi.o(.text) for __use_two_region_memory
    startup_stm32f10x_hd.o(RESET) refers to startup_stm32f10x_hd.o(STACK) for __initial_sp
    startup_stm32f10x_hd.o(RESET) refers to startup_stm32f10x_hd.o(.text) for Reset_Handler
    startup_stm32f10x_hd.o(RESET) refers to stm32f10x_it.o(.text) for NMI_Handler
    startup_stm32f10x_hd.o(RESET) refers to os_cpu_a.o(.text) for PendSV_Handler
    startup_stm32f10x_hd.o(RESET) refers to exti.o(.text) for EXTI2_IRQHandler
    startup_stm32f10x_hd.o(RESET) refers to usart.o(.text) for USART1_IRQHandler
    startup_stm32f10x_hd.o(RESET) refers to hwtimer.o(.text) for TIM6_IRQHandler
    startup_stm32f10x_hd.o(.text) refers (Special) to heapauxi.o(.text) for __use_two_region_memory
    startup_stm32f10x_hd.o(.text) refers to system_stm32f10x.o(.text) for SystemInit
    startup_stm32f10x_hd.o(.text) refers to __main.o(!!!main) for __main
    startup_stm32f10x_hd.o(.text) refers to startup_stm32f10x_hd.o(HEAP) for Heap_Mem
    startup_stm32f10x_hd.o(.text) refers to startup_stm32f10x_hd.o(STACK) for Stack_Mem
    stm32f10x_gpio.o(.text) refers to stm32f10x_rcc.o(.text) for RCC_APB2PeriphResetCmd
    stm32f10x_rcc.o(.text) refers to stm32f10x_rcc.o(.data) for APBAHBPrescTable
    stm32f10x_adc.o(.text) refers to stm32f10x_rcc.o(.text) for RCC_APB2PeriphResetCmd
    stm32f10x_bkp.o(.text) refers to stm32f10x_rcc.o(.text) for RCC_BackupResetCmd
    stm32f10x_can.o(.text) refers to stm32f10x_rcc.o(.text) for RCC_APB1PeriphResetCmd
    stm32f10x_cec.o(.text) refers to stm32f10x_rcc.o(.text) for RCC_APB1PeriphResetCmd
    stm32f10x_dac.o(.text) refers to stm32f10x_rcc.o(.text) for RCC_APB1PeriphResetCmd
    stm32f10x_i2c.o(.text) refers to stm32f10x_rcc.o(.text) for RCC_APB1PeriphResetCmd
    stm32f10x_pwr.o(.text) refers to stm32f10x_rcc.o(.text) for RCC_APB1PeriphResetCmd
    stm32f10x_spi.o(.text) refers to stm32f10x_rcc.o(.text) for RCC_APB2PeriphResetCmd
    stm32f10x_tim.o(.text) refers to stm32f10x_rcc.o(.text) for RCC_APB2PeriphResetCmd
    stm32f10x_usart.o(.text) refers to stm32f10x_rcc.o(.text) for RCC_APB2PeriphResetCmd
    stm32f10x_wwdg.o(.text) refers to stm32f10x_rcc.o(.text) for RCC_APB1PeriphResetCmd
    led.o(.text) refers to stm32f10x_gpio.o(.text) for GPIO_WriteBit
    led.o(.text) refers to stm32f10x_rcc.o(.text) for RCC_APB2PeriphClockCmd
    led.o(.text) refers to usart.o(.text) for UsartPrintf
    led.o(.text) refers to delay.o(.text) for DelayXms
    led.o(.text) refers to led.o(.data) for ledStatus
    delay.o(.text) refers to delay.o(.data) for UsCount
    adc.o(.text) refers to stm32f10x_rcc.o(.text) for RCC_APB2PeriphClockCmd
    adc.o(.text) refers to stm32f10x_adc.o(.text) for ADC_DeInit
    adc.o(.text) refers to fflt_clz.o(x$fpl$ffltu) for __aeabi_ui2f
    adc.o(.text) refers to faddsub_clz.o(x$fpl$fadd) for __aeabi_fadd
    adc.o(.text) refers to fdiv.o(x$fpl$fdiv) for __aeabi_fdiv
    adc.o(.text) refers to f2d.o(x$fpl$f2d) for __aeabi_f2d
    adc.o(.text) refers to dmul.o(x$fpl$dmul) for __aeabi_dmul
    adc.o(.text) refers to ddiv.o(x$fpl$ddiv) for __aeabi_ddiv
    adc.o(.text) refers to d2f.o(x$fpl$d2f) for __aeabi_d2f
    adc.o(.text) refers to daddsub_clz.o(x$fpl$drsb) for __aeabi_drsub
    adc.o(.text) refers to daddsub_clz.o(x$fpl$dadd) for __aeabi_dadd
    adxl345.o(.text) refers to delay.o(.text) for DelayUs
    adxl345.o(.text) refers to i2c.o(.text) for I2C_ReadByte
    adxl345.o(.text) refers to fflt_clz.o(x$fpl$ffltu) for __aeabi_ui2f
    adxl345.o(.text) refers to f2d.o(x$fpl$f2d) for __aeabi_f2d
    adxl345.o(.text) refers to dmul.o(x$fpl$dmul) for __aeabi_dmul
    adxl345.o(.text) refers to d2f.o(x$fpl$d2f) for __aeabi_d2f
    beep.o(.text) refers to stm32f10x_gpio.o(.text) for GPIO_WriteBit
    beep.o(.text) refers to stm32f10x_rcc.o(.text) for RCC_APB2PeriphClockCmd
    beep.o(.text) refers to beep.o(.data) for beepInfo
    exti.o(.text) refers to stm32f10x_rcc.o(.text) for RCC_APB2PeriphClockCmd
    exti.o(.text) refers to stm32f10x_gpio.o(.text) for GPIO_Init
    exti.o(.text) refers to misc.o(.text) for NVIC_Init
    exti.o(.text) refers to stm32f10x_exti.o(.text) for EXTI_Init
    i2c.o(.text) refers to stm32f10x_rcc.o(.text) for RCC_APB2PeriphClockCmd
    i2c.o(.text) refers to stm32f10x_gpio.o(.text) for GPIO_Init
    i2c.o(.text) refers to delay.o(.text) for DelayUs
[...]
    uc_hextab                                0x08006fbc   Data          20  _printf_hex_int_ll_ptr.o(.constdata)
    lc_hextab                                0x08006fd0   Data          20  _printf_hex_int_ll_ptr.o(.constdata)
    .constdata                               0x08006fe4   Section       17  __printf_flags_ss_wp.o(.constdata)
    maptable                                 0x08006fe4   Data          17  __printf_flags_ss_wp.o(.constdata)
    .constdata                               0x08006ff8   Section      148  bigflt0.o(.constdata)
    tenpwrs_x                                0x08006ff8   Data          60  bigflt0.o(.constdata)
    tenpwrs_i                                0x08007034   Data          64  bigflt0.o(.constdata)
    locale$$data                             0x080070ac   Section       28  lc_numeric_c.o(locale$$data)
    __lcnum_c_name                           0x080070b0   Data           2  lc_numeric_c.o(locale$$data)
    __lcnum_c_start                          0x080070b8   Data           0  lc_numeric_c.o(locale$$data)
    __lcnum_c_point                          0x080070c4   Data           0  lc_numeric_c.o(locale$$data)
    __lcnum_c_thousands                      0x080070c6   Data           0  lc_numeric_c.o(locale$$data)
    __lcnum_c_grouping                       0x080070c7   Data           0  lc_numeric_c.o(locale$$data)
    locale$$data                             0x080070c8   Section      272  lc_ctype_c.o(locale$$data)
    __lcnum_c_end                            0x080070c8   Data           0  lc_numeric_c.o(locale$$data)
    __lcctype_c_name                         0x080070cc   Data           2  lc_ctype_c.o(locale$$data)
    __lcctype_c_start                        0x080070d4   Data           0  lc_ctype_c.o(locale$$data)
    __lcctype_c_end                          0x080071d8   Data           0  lc_ctype_c.o(locale$$data)
    .data                                    0x20000000   Section       20  system_stm32f10x.o(.data)
    .data                                    0x20000014   Section       20  stm32f10x_rcc.o(.data)
    APBAHBPrescTable                         0x20000014   Data          16  stm32f10x_rcc.o(.data)
    ADCPrescTable                            0x20000024   Data           4  stm32f10x_rcc.o(.data)
    .data                                    0x20000028   Section        4  led.o(.data)
    .data                                    0x2000002c   Section        4  delay.o(.data)
    .data                                    0x20000030   Section        6  os_cpu_c.o(.data)
    OSTmrCtr                                 0x20000034   Data           2  os_cpu_c.o(.data)
    .data                                    0x20000038   Section       92  os_core.o(.data)
    .bss                                     0x20000094   Section     2776  main.o(.bss)
    .bss                                     0x20000b6c   Section      512  os_cpu_c.o(.bss)
    .bss                                     0x20000d6c   Section     4272  os_core.o(.bss)
    .bss                                     0x20001e1c   Section       96  libspace.o(.bss)
    HEAP                                     0x20001e80   Section     1024  startup_stm32f10x_hd.o(HEAP)
    Heap_Mem                                 0x20001e80   Data        1024  startup_stm32f10x_hd.o(HEAP)
    STACK                                    0x20002280   Section     1024  startup_stm32f10x_hd.o(STACK)
    Stack_Mem                                0x20002280   Data        1024  startup_stm32f10x_hd.o(STACK)
    __initial_sp                             0x20002680   Data           0  startup_stm32f10x_hd.o(STACK)

    Global Symbols

    Symbol Name                              Value     Ov Type        Size  Object(Section)

    BuildAttributes$$THM_ISAv4$P$D$K$B$S$PE$A:L22UL41UL21$X:L11$S22US41US21$IEEE1$IW$USESV6$~STKCKD$USESV7$~SHL$OTIME$ROPI$IEEEJ$EBA8$UX$STANDARDLIB$REQ8$PRES8$EABIv2 0x00000000   Number         0  anon$$obj.o ABSOLUTE
    __ARM_use_no_argv                        0x00000000   Number         0  main.o ABSOLUTE
    _printf_flags                            0x00000000   Number         0  printf_stubs.o ABSOLUTE
    _printf_return_value                     0x00000000   Number         0  printf_stubs.o ABSOLUTE
    _printf_sizespec                         0x00000000   Number         0  printf_stubs.o ABSOLUTE
    _printf_widthprec                        0x00000000   Number         0  printf_stubs.o ABSOLUTE
    __ARM_exceptions_init                     - Undefined Weak Reference
    __alloca_initialize                       - Undefined Weak Reference
    __cpp_initialize__aeabi_                  - Undefined Weak Reference
    __cxa_finalize                            - Undefined Weak Reference
    __sigvec_lookup                           - Undefined Weak Reference
    _atexit_init                              - Undefined Weak Reference
    _call_atexit_fns                          - Undefined Weak Reference
    _clock_init                               - Undefined Weak Reference
    _fp_trap_init                             - Undefined Weak Reference
    _fp_trap_shutdown                         - Undefined Weak Reference
    _get_lc_collate                           - Undefined Weak Reference
    _get_lc_monetary                          - Undefined Weak Reference
    _get_lc_time                              - Undefined Weak Reference
    _getenv_init                              - Undefined Weak Reference
    _handle_redirection                       - Undefined Weak Reference
    _init_alloc                               - Undefined Weak Reference
    _init_user_alloc                          - Undefined Weak Reference
    _initio                                   - Undefined Weak Reference
    _printf_fp_hex                            - Undefined Weak Reference
    _printf_mbtowc                            - Undefined Weak Reference
    _printf_wc                                - Undefined Weak Reference
    _rand_init                                - Undefined Weak Reference
    _signal_finish                            - Undefined Weak Reference
    _signal_init                              - Undefined Weak Reference
    _terminate_alloc                          - Undefined Weak Reference
    _terminate_user_alloc                     - Undefined Weak Reference
    _terminateio                              - Undefined Weak Reference
    __Vectors_Size                           0x00000130   Number         0  startup_stm32f10x_hd.o ABSOLUTE
    __Vectors                                0x08000000   Data           4  startup_stm32f10x_hd.o(RESET)
    __Vectors_End                            0x08000130   Data           0  startup_stm32f10x_hd.o(RESET)
    __main                                   0x08000131   Thumb Code     8  __main.o(!!!main)
    __scatterload                            0x08000139   Thumb Code     0  __scatter.o(!!!scatter)
    __scatterload_rt2                        0x08000139   Thumb Code    44  __scatter.o(!!!scatter)
    __scatterload_rt2_thumb_only             0x08000139   Thumb Code     0  __scatter.o(!!!scatter)
    __scatterload_null                       0x08000147   Thumb Code     0  __scatter.o(!!!scatter)
    __scatterload_copy                       0x0800016d   Thumb Code    26  __scatter_copy.o(!!handler_copy)
    __scatterload_zeroinit                   0x08000189   Thumb Code    28  __scatter_zi.o(!!handler_zi)
    _printf_n                                0x080001a5   Thumb Code     0  _printf_n.o(.ARM.Collect$$_printf_percent$$00000001)
    _printf_percent                          0x080001a5   Thumb Code     0  _printf_percent.o(.ARM.Collect$$_printf_percent$$00000000)
    _printf_p                                0x080001ab   Thumb Code     0  _printf_p.o(.ARM.Collect$$_printf_percent$$00000002)
    _printf_f                                0x080001b1   Thumb Code     0  _printf_f.o(.ARM.Collect$$_printf_percent$$00000003)
    _printf_e                                0x080001b7   Thumb Code     0  _printf_e.o(.ARM.Collect$$_printf_percent$$00000004)
    _printf_g                                0x080001bd   Thumb Code     0  _printf_g.o(.ARM.Collect$$_printf_percent$$00000005)
    _printf_a                                0x080001c3   Thumb Code     0  _printf_a.o(.ARM.Collect$$_printf_percent$$00000006)
    _printf_ll                               0x080001c9   Thumb Code     0  _printf_ll.o(.ARM.Collect$$_printf_percent$$00000007)
    _printf_i                                0x080001d3   Thumb Code     0  _printf_i.o(.ARM.Collect$$_printf_percent$$00000008)
    _printf_d                                0x080001d9   Thumb Code     0  _printf_d.o(.ARM.Collect$$_printf_percent$$00000009)
    _printf_u                                0x080001df   Thumb Code     0  _printf_u.o(.ARM.Collect$$_printf_percent$$0000000A)
    _printf_o                                0x080001e5   Thumb Code     0  _printf_o.o(.ARM.Collect$$_printf_percent$$0000000B)
    _printf_x                                0x080001eb   Thumb Code     0  _printf_x.o(.ARM.Collect$$_printf_percent$$0000000C)
    _printf_lli                              0x080001f1   Thumb Code     0  _printf_lli.o(.ARM.Collect$$_printf_percent$$0000000D)
    _printf_lld                              0x080001f7   Thumb Code     0  _printf_lld.o(.ARM.Collect$$_printf_percent$$0000000E)
    _printf_llu                              0x080001fd   Thumb Code     0  _printf_llu.o(.ARM.Collect$$_printf_percent$$0000000F)
    _printf_llo                              0x08000203   Thumb Code     0  _printf_llo.o(.ARM.Collect$$_printf_percent$$00000010)
    _printf_llx                              0x08000209   Thumb Code     0  _printf_llx.o(.ARM.Collect$$_printf_percent$$00000011)
    _printf_l                                0x0800020f   Thumb Code     0  _printf_l.o(.ARM.Collect$$_printf_percent$$00000012)
    _printf_c                                0x08000219   Thumb Code     0  _printf_c.o(.ARM.Collect$$_printf_percent$$00000013)
    _printf_s                                0x0800021f   Thumb Code     0  _printf_s.o(.ARM.Collect$$_printf_percent$$00000014)
    _printf_lc                               0x08000225   Thumb Code     0  _printf_lc.o(.ARM.Collect$$_printf_percent$$00000015)
    _printf_ls                               0x0800022b   Thumb Code     0  _printf_ls.o(.ARM.Collect$$_printf_percent$$00000016)
    _printf_percent_end                      0x08000231   Thumb Code     0  _printf_percent_end.o(.ARM.Collect$$_printf_percent$$00000017)
    __rt_lib_init                            0x08000235   Thumb Code     0  libinit.o(.ARM.Collect$$libinit$$00000000)
    __rt_lib_init_fp_1                       0x08000237   Thumb Code     0  libinit2.o(.ARM.Collect$$libinit$$00000002)
    __rt_lib_init_heap_1                     0x08000237   Thumb Code     0  libinit2.o(.ARM.Collect$$libinit$$00000008)
    __rt_lib_init_lc_common                  0x08000237   Thumb Code     0  libinit2.o(.ARM.Collect$$libinit$$0000000D)
    __rt_lib_init_rand_1                     0x08000237   Thumb Code     0  libinit2.o(.ARM.Collect$$libinit$$0000000C)
    __rt_lib_init_user_alloc_1               0x08000237   Thumb Code     0  libinit2.o(.ARM.Collect$$libinit$$0000000A)
    __rt_lib_init_lc_collate_1               0x0800023d   Thumb Code     0  libinit2.o(.ARM.Collect$$libinit$$0000000F)
    __rt_lib_init_lc_ctype_2                 0x0800023d   Thumb Code     0  libinit2.o(.ARM.Collect$$libinit$$00000010)
    __rt_lib_init_lc_ctype_1                 0x08000249   Thumb Code     0  libinit2.o(.ARM.Collect$$libinit$$00000011)
    __rt_lib_init_lc_monetary_1              0x08000249   Thumb Code     0  libinit2.o(.ARM.Collect$$libinit$$00000013)
    __rt_lib_init_lc_numeric_2               0x08000249   Thumb Code     0  libinit2.o(.ARM.Collect$$libinit$$00000014)
    __rt_lib_init_alloca_1                   0x08000253   Thumb Code     0  libinit2.o(.ARM.Collect$$libinit$$0000002C)
    __rt_lib_init_argv_1                     0x08000253   Thumb Code     0  libinit2.o(.ARM.Collect$$libinit$$0000002A)
    __rt_lib_init_atexit_1                   0x08000253   Thumb Code     0  libinit2.o(.ARM.Collect$$libinit$$00000019)
    __rt_lib_init_clock_1                    0x08000253   Thumb Code     0  libinit2.o(.ARM.Collect$$libinit$$0000001F)
    __rt_lib_init_cpp_1                      0x08000253   Thumb Code     0  libinit2.o(.ARM.Collect$$libinit$$00000030)
    __rt_lib_init_exceptions_1               0x08000253   Thumb Code     0  libinit2.o(.ARM.Collect$$libinit$$0000002E)
    __rt_lib_init_fp_trap_1                  0x08000253   Thumb Code     0  libinit2.o(.ARM.Collect$$libinit$$0000001D)
    __rt_lib_init_getenv_1                   0x08000253   Thumb Code     0  libinit2.o(.ARM.Collect$$libinit$$00000021)
    __rt_lib_init_lc_numeric_1               0x08000253   Thumb Code     0  libinit2.o(.ARM.Collect$$libinit$$00000015)
    __rt_lib_init_lc_time_1                  0x08000253   Thumb Code     0  libinit2.o(.ARM.Collect$$libinit$$00000017)
    __rt_lib_init_return                     0x08000253   Thumb Code     0  libinit2.o(.ARM.Collect$$libinit$$00000031)
    __rt_lib_init_signal_1                   0x08000253   Thumb Code     0  libinit2.o(.ARM.Collect$$libinit$$0000001B)
    __rt_lib_init_stdio_1                    0x08000253   Thumb Code     0  libinit2.o(.ARM.Collect$$libinit$$00000023)
    __rt_lib_shutdown                        0x08000255   Thumb Code     0  libshutdown.o(.ARM.Collect$$libshutdown$$00000000)
    __rt_lib_shutdown_fp_trap_1              0x08000257   Thumb Code     0  libshutdown2.o(.ARM.Collect$$libshutdown$$00000006)
    __rt_lib_shutdown_heap_1                 0x08000257   Thumb Code     0  libshutdown2.o(.ARM.Collect$$libshutdown$$0000000E)
    __rt_lib_shutdown_return                 0x08000257   Thumb Code     0  libshutdown2.o(.ARM.Collect$$libshutdown$$0000000F)
    __rt_lib_shutdown_signal_1               0x08000257   Thumb Code     0  libshutdown2.o(.ARM.Collect$$libshutdown$$00000009)
    __rt_lib_shutdown_stdio_1                0x08000257   Thumb Code     0  libshutdown2.o(.ARM.Collect$$libshutdown$$00000003)
    __rt_lib_shutdown_user_alloc_1           0x08000257   Thumb Code     0  libshutdown2.o(.ARM.Collect$$libshutdown$$0000000B)
    __rt_entry                               0x08000259   Thumb Code     0  rtentry.o(.ARM.Collect$$rtentry$$00000000)
    __rt_entry_presh_1                       0x08000259   Thumb Code     0  rtentry2.o(.ARM.Collect$$rtentry$$00000002)
    __rt_entry_sh                            0x08000259   Thumb Code     0  rtentry4.o(.ARM.Collect$$rtentry$$00000004)
    __rt_entry_li                            0x0800025f   Thumb Code     0  rtentry2.o(.ARM.Collect$$rtentry$$0000000A)
    __rt_entry_postsh_1                      0x0800025f   Thumb Code     0  rtentry2.o(.ARM.Collect$$rtentry$$00000009)
    __rt_entry_main                          0x08000263   Thumb Code     0  rtentry2.o(.ARM.Collect$$rtentry$$0000000D)
    __rt_entry_postli_1                      0x08000263   Thumb Code     0  rtentry2.o(.ARM.Collect$$rtentry$$0000000C)
    __rt_exit                                0x0800026b   Thumb Code     0  rtexit.o(.ARM.Collect$$rtexit$$00000000)
    __rt_exit_ls                             0x0800026d   Thumb Code     0  rtexit2.o(.ARM.Collect$$rtexit$$00000003)
    __rt_exit_prels_1                        0x0800026d   Thumb Code     0  rtexit2.o(.ARM.Collect$$rtexit$$00000002)
    __rt_exit_exit                           0x08000271   Thumb Code     0  rtexit2.o(.ARM.Collect$$rtexit$$00000004)
    NMI_Handler                              0x08000277   Thumb Code     2  stm32f10x_it.o(.text)
    HardFault_Handler                        0x08000279   Thumb Code     4  stm32f10x_it.o(.text)
    MemManage_Handler                        0x0800027d   Thumb Code     4  stm32f10x_it.o(.text)
    BusFault_Handler                         0x08000281   Thumb Code     4  stm32f10x_it.o(.text)
    UsageFault_Handler                       0x08000285   Thumb Code     4  stm32f10x_it.o(.text)
    SVC_Handler                              0x08000289   Thumb Code     2  stm32f10x_it.o(.text)
    DebugMon_Handler                         0x0800028b   Thumb Code     2  stm32f10x_it.o(.text)
    SysTick_Handler                          0x0800028d   Thumb Code     2  stm32f10x_it.o(.text)
    EXTI0_IRQHandler                         0x0800028f   Thumb Code     2  stm32f10x_it.o(.text)
    RTC_IRQHandler                           0x08000291   Thumb Code     2  stm32f10x_it.o(.text)
    SystemInit                               0x08000373   Thumb Code    78  system_stm32f10x.o(.text)
    SystemCoreClockUpdate                    0x080003c1   Thumb Code   142  system_stm32f10x.o(.text)
    Reset_Handler                            0x0800047d   Thumb Code     8  startup_stm32f10x_hd.o(.text)
    ADC1_2_IRQHandler                        0x08000497   Thumb Code     0  startup_stm32f10x_hd.o(.text)
    ADC3_IRQHandler                          0x08000497   Thumb Code     0  startup_stm32f10x_hd.o(.text)
    CAN1_RX1_IRQHandler                      0x08000497   Thumb Code     0  startup_stm32f10x_hd.o(.text)
    CAN1_SCE_IRQHandler                      0x08000497   Thumb Code     0  startup_stm32f10x_hd.o(.text)
    DMA1_Channel1_IRQHandler                 0x08000497   Thumb Code     0  startup_stm32f10x_hd.o(.text)
    DMA1_Channel2_IRQHandler                 0x08000497   Thumb Code     0  startup_stm32f10x_hd.o(.text)
    DMA1_Channel3_IRQHandler                 0x08000497   Thumb Code     0  startup_stm32f10x_hd.o(.text)
    DMA1_Channel4_IRQHandler                 0x08000497   Thumb Code     0  startup_stm32f10x_hd.o(.text)
    DMA1_Channel5_IRQHandler                 0x08000497   Thumb Code     0  startup_stm32f10x_hd.o(.text)
    DMA1_Channel6_IRQHandler                 0x08000497   Thumb Code     0  startup_stm32f10x_hd.o(.text)
    DMA1_Channel7_IRQHandler                 0x08000497   Thumb Code     0  startup_stm32f10x_hd.o(.text)
    DMA2_Channel1_IRQHandler                 0x08000497   Thumb Code     0  startup_stm32f10x_hd.o(.text)
    DMA2_Channel2_IRQHandler                 0x08000497   Thumb Code     0  startup_stm32f10x_hd.o(.text)
    DMA2_Channel3_IRQHandler                 0x08000497   Thumb Code     0  startup_stm32f10x_hd.o(.text)
    DMA2_Channel4_5_IRQHandler               0x08000497   Thumb Code     0  startup_stm32f10x_hd.o(.text)
    EXTI1_IRQHandler                         0x08000497   Thumb Code     0  startup_stm32f10x_hd.o(.text)
    EXTI3_IRQHandler                         0x08000497   Thumb Code     0  startup_stm32f10x_hd.o(.text)
    EXTI4_IRQHandler                         0x08000497   Thumb Code     0  startup_stm32f10x_hd.o(.text)
    EXTI9_5_IRQHandler                       0x08000497   Thumb Code     0  startup_stm32f10x_hd.o(.text)
    FLASH_IRQHandler                         0x08000497   Thumb Code     0  startup_stm32f10x_hd.o(.text)
    FSMC_IRQHandler                          0x08000497   Thumb Code     0  startup_stm32f10x_hd.o(.text)
    I2C1_ER_IRQHandler                       0x08000497   Thumb Code     0  startup_stm32f10x_hd.o(.text)
    I2C1_EV_IRQHandler                       0x08000497   Thumb Code     0  startup_stm32f10x_hd.o(.text)
    I2C2_ER_IRQHandler                       0x08000497   Thumb Code     0  startup_stm32f10x_hd.o(.text)
    I2C2_EV_IRQHandler                       0x08000497   Thumb Code     0  startup_stm32f10x_hd.o(.text)
    PVD_IRQHandler                           0x08000497   Thumb Code     0  startup_stm32f10x_hd.o(.text)
    RCC_IRQHandler                           0x08000497   Thumb Code     0  startup_stm32f10x_hd.o(.text)
    RTCAlarm_IRQHandler                      0x08000497   Thumb Code     0  startup_stm32f10x_hd.o(.text)
    SDIO_IRQHandler                          0x08000497   Thumb Code     0  startup_stm32f10x_hd.o(.text)
    SPI1_IRQHandler                          0x08000497   Thumb Code     0  startup_stm32f10x_hd.o(.text)
    SPI2_IRQHandler                          0x08000497   Thumb Code     0  startup_stm32f10x_hd.o(.text)
    SPI3_IRQHandler                          0x08000497   Thumb Code     0  startup_stm32f10x_hd.o(.text)
    TAMPER_IRQHandler                        0x08000497   Thumb Code     0  startup_stm32f10x_hd.o(.text)
    TIM1_BRK_IRQHandler                      0x08000497   Thumb Code     0  startup_stm32f10x_hd.o(.text)
    TIM1_CC_IRQHandler                       0x08000497   Thumb Code     0  startup_stm32f10x_hd.o(.text)
    TIM1_TRG_COM_IRQHandler                  0x08000497   Thumb Code     0  startup_stm32f10x_hd.o(.text)
    TIM1_UP_IRQHandler                       0x08000497   Thumb Code     0  startup_stm32f10x_hd.o(.text)
    TIM2_IRQHandler                          0x08000497   Thumb Code     0  startup_stm32f10x_hd.o(.text)
    TIM3_IRQHandler                          0x08000497   Thumb Code     0  startup_stm32f10x_hd.o(.text)
    TIM4_IRQHandler                          0x08000497   Thumb Code     0  startup_stm32f10x_hd.o(.text)
    TIM5_IRQHandler                          0x08000497   Thumb Code     0  startup_stm32f10x_hd.o(.text)
    TIM8_BRK_IRQHandler                      0x08000497   Thumb Code     0  startup_stm32f10x_hd.o(.text)
    TIM8_CC_IRQHandler                       0x08000497   Thumb Code     0  startup_stm32f10x_hd.o(.text)
    TIM8_TRG_COM_IRQHandler                  0x08000497   Thumb Code     0  startup_stm32f10x_hd.o(.text)
    TIM8_UP_IRQHandler                       0x08000497   Thumb Code     0  startup_stm32f10x_hd.o(.text)
    UART4_IRQHandler                         0x08000497   Thumb Code     0  startup_stm32f10x_hd.o(.text)
    UART5_IRQHandler                         0x08000497   Thumb Code     0  startup_stm32f10x_hd.o(.text)
    USART3_IRQHandler                        0x08000497   Thumb Code     0  startup_stm32f10x_hd.o(.text)
    USBWakeUp_IRQHandler                     0x08000497   Thumb Code     0  startup_stm32f10x_hd.o(.text)
    USB_HP_CAN1_TX_IRQHandler                0x08000497   Thumb Code     0  startup_stm32f10x_hd.o(.text)
    USB_LP_CAN1_RX0_IRQHandler               0x08000497   Thumb Code     0  startup_stm32f10x_hd.o(.text)
    WWDG_IRQHandler                          0x08000497   Thumb Code     0  startup_stm32f10x_hd.o(.text)
    __user_initial_stackheap                 0x08000499   Thumb Code     0  startup_stm32f10x_hd.o(.text)
    NVIC_PriorityGroupConfig                 0x080004bd   Thumb Code    10  misc.o(.text)
    NVIC_Init                                0x080004c7   Thumb Code   100  misc.o(.text)
    NVIC_SetVectorTable                      0x0800052b   Thumb Code    14  misc.o(.text)
    NVIC_SystemLPConfig                      0x08000539   Thumb Code    34  misc.o(.text)
    SysTick_CLKSourceConfig                  0x0800055b   Thumb Code    40  misc.o(.text)
    GPIO_DeInit                              0x08000599   Thumb Code   172  stm32f10x_gpio.o(.text)
    GPIO_AFIODeInit                          0x08000645   Thumb Code    20  stm32f10x_gpio.o(.text)
    GPIO_Init                                0x08000659   Thumb Code   278  stm32f10x_gpio.o(.text)
    GPIO_StructInit                          0x0800076f   Thumb Code    16  stm32f10x_gpio.o(.text)
    GPIO_ReadInputDataBit                    0x0800077f   Thumb Code    18  stm32f10x_gpio.o(.text)
    GPIO_ReadInputData                       0x08000791   Thumb Code     8  stm32f10x_gpio.o(.text)
    GPIO_ReadOutputDataBit                   0x08000799   Thumb Code    18  stm32f10x_gpio.o(.text)
    GPIO_ReadOutputData                      0x080007ab   Thumb Code     8  stm32f10x_gpio.o(.text)
    GPIO_SetBits                             0x080007b3   Thumb Code     4  stm32f10x_gpio.o(.text)
    GPIO_ResetBits                           0x080007b7   Thumb Code     4  stm32f10x_gpio.o(.text)
    GPIO_WriteBit                            0x080007bb   Thumb Code    10  stm32f10x_gpio.o(.text)
    GPIO_Write                               0x080007c5   Thumb Code     4  stm32f10x_gpio.o(.text)
    GPIO_PinLockConfig                       0x080007c9   Thumb Code    18  stm32f10x_gpio.o(.text)
    GPIO_EventOutputConfig                   0x080007db   Thumb Code    26  stm32f10x_gpio.o(.text)
    GPIO_EventOutputCmd                      0x080007f5   Thumb Code     6  stm32f10x_gpio.o(.text)
    GPIO_PinRemapConfig                      0x080007fb   Thumb Code   138  stm32f10x_gpio.o(.text)
    GPIO_EXTILineConfig                      0x08000885   Thumb Code    66  stm32f10x_gpio.o(.text)
    GPIO_ETH_MediaInterfaceConfig            0x080008c7   Thumb Code     8  stm32f10x_gpio.o(.text)
    RCC_DeInit                               0x080008f5   Thumb Code    64  stm32f10x_rcc.o(.text)
    RCC_HSEConfig                            0x08000935   Thumb Code    70  stm32f10x_rcc.o(.text)
    RCC_GetFlagStatus                        0x0800097b   Thumb Code    56  stm32f10x_rcc.o(.text)
    RCC_WaitForHSEStartUp                    0x080009b3   Thumb Code    56  stm32f10x_rcc.o(.text)
    RCC_AdjustHSICalibrationValue            0x080009eb   Thumb Code    20  stm32f10x_rcc.o(.text)
    RCC_HSICmd                               0x080009ff   Thumb Code     6  stm32f10x_rcc.o(.text)
    RCC_PLLConfig                            0x08000a05   Thumb Code    24  stm32f10x_rcc.o(.text)
    RCC_PLLCmd                               0x08000a1d   Thumb Code     6  stm32f10x_rcc.o(.text)
    RCC_SYSCLKConfig                         0x08000a23   Thumb Code    18  stm32f10x_rcc.o(.text)
    RCC_GetSYSCLKSource                      0x08000a35   Thumb Code    10  stm32f10x_rcc.o(.text)
    RCC_HCLKConfig                           0x08000a3f   Thumb Code    18  stm32f10x_rcc.o(.text)
    RCC_PCLK1Config                          0x08000a51   Thumb Code    18  stm32f10x_rcc.o(.text)
    RCC_PCLK2Config                          0x08000a63   Thumb Code    20  stm32f10x_rcc.o(.text)
    RCC_ITConfig                             0x08000a77   Thumb Code    26  stm32f10x_rcc.o(.text)
    RCC_USBCLKConfig                         0x08000a91   Thumb Code     8  stm32f10x_rcc.o(.text)
    RCC_ADCCLKConfig                         0x08000a99   Thumb Code    18  stm32f10x_rcc.o(.text)
    RCC_LSEConfig                            0x08000aab   Thumb Code    50  stm32f10x_rcc.o(.text)
    RCC_LSICmd                               0x08000add   Thumb Code     6  stm32f10x_rcc.o(.text)
    RCC_RTCCLKConfig                         0x08000ae3   Thumb Code    12  stm32f10x_rcc.o(.text)
    RCC_RTCCLKCmd                            0x08000aef   Thumb Code     8  stm32f10x_rcc.o(.text)
    RCC_GetClocksFreq                        0x08000af7   Thumb Code   192  stm32f10x_rcc.o(.text)
    RCC_AHBPeriphClockCmd                    0x08000bb7   Thumb Code    26  stm32f10x_rcc.o(.text)
    RCC_APB2PeriphClockCmd                   0x08000bd1   Thumb Code    26  stm32f10x_rcc.o(.text)
    RCC_APB1PeriphClockCmd                   0x08000beb   Thumb Code    26  stm32f10x_rcc.o(.text)
    RCC_APB2PeriphResetCmd                   0x08000c05   Thumb Code    26  stm32f10x_rcc.o(.text)
    RCC_APB1PeriphResetCmd                   0x08000c1f   Thumb Code    26  stm32f10x_rcc.o(.text)
    RCC_BackupResetCmd                       0x08000c39   Thumb Code     8  stm32f10x_rcc.o(.text)
    RCC_ClockSecuritySystemCmd               0x08000c41   Thumb Code     6  stm32f10x_rcc.o(.text)
    RCC_MCOConfig                            0x08000c47   Thumb Code     6  stm32f10x_rcc.o(.text)
    RCC_ClearFlag                            0x08000c4d   Thumb Code    14  stm32f10x_rcc.o(.text)
    RCC_GetITStatus                          0x08000c5b   Thumb Code    20  stm32f10x_rcc.o(.text)
    RCC_ClearITPendingBit                    0x08000c6f   Thumb Code     6  stm32f10x_rcc.o(.text)
    EXTI_DeInit                              0x08000ca1   Thumb Code    28  stm32f10x_exti.o(.text)
    EXTI_Init                                0x08000cbd   Thumb Code   142  stm32f10x_exti.o(.text)
    EXTI_StructInit                          0x08000d4b   Thumb Code    16  stm32f10x_exti.o(.text)
    EXTI_GenerateSWInterrupt                 0x08000d5b   Thumb Code    16  stm32f10x_exti.o(.text)
    EXTI_GetFlagStatus                       0x08000d6b   Thumb Code    22  stm32f10x_exti.o(.text)
    EXTI_ClearFlag                           0x08000d81   Thumb Code     8  stm32f10x_exti.o(.text)
    EXTI_GetITStatus                         0x08000d89   Thumb Code    34  stm32f10x_exti.o(.text)
    EXTI_ClearITPendingBit                   0x08000dab   Thumb Code     8  stm32f10x_exti.o(.text)
    TIM_DeInit                               0x08000dbd   Thumb Code   424  stm32f10x_tim.o(.text)
    TIM_TimeBaseInit                         0x08000f65   Thumb Code   122  stm32f10x_tim.o(.text)
    TIM_OC1Init                              0x08000fdf   Thumb Code   132  stm32f10x_tim.o(.text)
    TIM_OC2Init                              0x08001063   Thumb Code   154  stm32f10x_tim.o(.text)
    TIM_OC3Init                              0x080010fd   Thumb Code   150  stm32f10x_tim.o(.text)
    TIM_OC4Init                              0x08001193   Thumb Code   182  stm32f10x_tim.o(.text)
    TIM_SetIC4Prescaler                      0x08001249   Thumb Code    26  stm32f10x_tim.o(.text)
    TIM_SetIC3Prescaler                      0x080012e5   Thumb Code    18  stm32f10x_tim.o(.text)
    TIM_SetIC2Prescaler                      0x08001371   Thumb Code    26  stm32f10x_tim.o(.text)
    TIM_SetIC1Prescaler                      0x0800140d   Thumb Code    18  stm32f10x_tim.o(.text)
    TIM_ICInit                               0x0800148b   Thumb Code   150  stm32f10x_tim.o(.text)
    TIM_PWMIConfig                           0x08001521   Thumb Code   124  stm32f10x_tim.o(.text)
    TIM_BDTRConfig                           0x0800159d   Thumb Code    32  stm32f10x_tim.o(.text)
    TIM_TimeBaseStructInit                   0x080015bd   Thumb Code    18  stm32f10x_tim.o(.text)
    TIM_OCStructInit                         0x080015cf   Thumb Code    20  stm32f10x_tim.o(.text)
    TIM_ICStructInit                         0x080015e3   Thumb Code    18  stm32f10x_tim.o(.text)
    TIM_BDTRStructInit                       0x080015f5   Thumb Code    40  stm32f10x_tim.o(.text)
    TIM_Cmd                                  0x0800161d   Thumb Code    24  stm32f10x_tim.o(.text)
    TIM_CtrlPWMOutputs                       0x08001635   Thumb Code    30  stm32f10x_tim.o(.text)
    TIM_ITConfig                             0x08001653   Thumb Code    18  stm32f10x_tim.o(.text)
    TIM_GenerateEvent                        0x08001665   Thumb Code     4  stm32f10x_tim.o(.text)
    TIM_DMAConfig                            0x08001669   Thumb Code    10  stm32f10x_tim.o(.text)
    TIM_DMACmd                               0x08001673   Thumb Code    18  stm32f10x_tim.o(.text)
    TIM_InternalClockConfig                  0x08001685   Thumb Code    12  stm32f10x_tim.o(.text)
    TIM_SelectInputTrigger                   0x08001691   Thumb Code    18  stm32f10x_tim.o(.text)
    TIM_ITRxExternalClockConfig              0x080016a3   Thumb Code    24  stm32f10x_tim.o(.text)
    TIM_TIxExternalClockConfig               0x080016bb   Thumb Code    62  stm32f10x_tim.o(.text)
    TIM_ETRConfig                            0x080016f9   Thumb Code    28  stm32f10x_tim.o(.text)
    TIM_ETRClockMode1Config                  0x08001715   Thumb Code    54  stm32f10x_tim.o(.text)
    TIM_ETRClockMode2Config                  0x0800174b   Thumb Code    32  stm32f10x_tim.o(.text)
    TIM_PrescalerConfig                      0x0800176b   Thumb Code     6  stm32f10x_tim.o(.text)
    TIM_CounterModeConfig                    0x08001771   Thumb Code    18  stm32f10x_tim.o(.text)
    TIM_EncoderInterfaceConfig               0x08001783   Thumb Code    66  stm32f10x_tim.o(.text)
    TIM_ForcedOC1Config                      0x080017c5   Thumb Code    18  stm32f10x_tim.o(.text)
    TIM_ForcedOC2Config                      0x080017d7   Thumb Code    26  stm32f10x_tim.o(.text)
    TIM_ForcedOC3Config                      0x080017f1   Thumb Code    18  stm32f10x_tim.o(.text)
    TIM_ForcedOC4Config                      0x08001803   Thumb Code    26  stm32f10x_tim.o(.text)
    TIM_ARRPreloadConfig                     0x0800181d   Thumb Code    24  stm32f10x_tim.o(.text)
    TIM_SelectCOM                            0x08001835   Thumb Code    24  stm32f10x_tim.o(.text)
    TIM_SelectCCDMA                          0x0800184d   Thumb Code    24  stm32f10x_tim.o(.text)
    TIM_CCPreloadControl                     0x08001865   Thumb Code    24  stm32f10x_tim.o(.text)
    TIM_OC1PreloadConfig                     0x0800187d   Thumb Code    18  stm32f10x_tim.o(.text)
    TIM_OC2PreloadConfig                     0x0800188f   Thumb Code    26  stm32f10x_tim.o(.text)
    TIM_OC3PreloadConfig                     0x080018a9   Thumb Code    18  stm32f10x_tim.o(.text)
    TIM_OC4PreloadConfig                     0x080018bb   Thumb Code    26  stm32f10x_tim.o(.text)
    TIM_OC1FastConfig                        0x080018d5   Thumb Code    18  stm32f10x_tim.o(.text)
    TIM_OC2FastConfig                        0x080018e7   Thumb Code    26  stm32f10x_tim.o(.text)
    TIM_OC3FastConfig                        0x08001901   Thumb Code    18  stm32f10x_tim.o(.text)
    TIM_OC4FastConfig                        0x08001913   Thumb Code    26  stm32f10x_tim.o(.text)
    TIM_ClearOC1Ref                          0x0800192d   Thumb Code    18  stm32f10x_tim.o(.text)
    TIM_ClearOC2Ref                          0x0800193f   Thumb Code    24  stm32f10x_tim.o(.text)
    TIM_ClearOC3Ref                          0x08001957   Thumb Code    18  stm32f10x_tim.o(.text)
    TIM_ClearOC4Ref                          0x08001969   Thumb Code    24  stm32f10x_tim.o(.text)
    TIM_OC1PolarityConfig                    0x08001981   Thumb Code    18  stm32f10x_tim.o(.text)
    TIM_OC1NPolarityConfig                   0x08001993   Thumb Code    18  stm32f10x_tim.o(.text)
    TIM_OC2PolarityConfig                    0x080019a5   Thumb Code    26  stm32f10x_tim.o(.text)
    TIM_OC2NPolarityConfig                   0x080019bf   Thumb Code    26  stm32f10x_tim.o(.text)
    TIM_OC3PolarityConfig                    0x080019d9   Thumb Code    26  stm32f10x_tim.o(.text)
    TIM_OC3NPolarityConfig                   0x080019f3   Thumb Code    26  stm32f10x_tim.o(.text)
    TIM_OC4PolarityConfig                    0x08001a0d   Thumb Code    26  stm32f10x_tim.o(.text)
    TIM_CCxCmd                               0x08001a27   Thumb Code    30  stm32f10x_tim.o(.text)
    TIM_CCxNCmd                              0x08001a45   Thumb Code    30  stm32f10x_tim.o(.text)
    TIM_SelectOCxM                           0x08001a63   Thumb Code    82  stm32f10x_tim.o(.text)
    TIM_UpdateDisableConfig                  0x08001ab5   Thumb Code    24  stm32f10x_tim.o(.text)
    TIM_UpdateRequestConfig                  0x08001acd   Thumb Code    24  stm32f10x_tim.o(.text)
    TIM_SelectHallSensor                     0x08001ae5   Thumb Code    24  stm32f10x_tim.o(.text)
    TIM_SelectOnePulseMode                   0x08001afd   Thumb Code    18  stm32f10x_tim.o(.text)
    TIM_SelectOutputTrigger                  0x08001b0f   Thumb Code    18  stm32f10x_tim.o(.text)
    TIM_SelectSlaveMode                      0x08001b21   Thumb Code    18  stm32f10x_tim.o(.text)
    TIM_SelectMasterSlaveMode                0x08001b33   Thumb Code    18  stm32f10x_tim.o(.text)
    TIM_SetCounter                           0x08001b45   Thumb Code     4  stm32f10x_tim.o(.text)
    TIM_SetAutoreload                        0x08001b49   Thumb Code     4  stm32f10x_tim.o(.text)
    TIM_SetCompare1                          0x08001b4d   Thumb Code     4  stm32f10x_tim.o(.text)
    TIM_SetCompare2                          0x08001b51   Thumb Code     4  stm32f10x_tim.o(.text)
    TIM_SetCompare3                          0x08001b55   Thumb Code     4  stm32f10x_tim.o(.text)
    TIM_SetCompare4                          0x08001b59   Thumb Code     6  stm32f10x_tim.o(.text)
    TIM_SetClockDivision                     0x08001b5f   Thumb Code    18  stm32f10x_tim.o(.text)
    TIM_GetCapture1                          0x08001b71   Thumb Code     6  stm32f10x_tim.o(.text)
    TIM_GetCapture2                          0x08001b77   Thumb Code     6  stm32f10x_tim.o(.text)
    TIM_GetCapture3                          0x08001b7d   Thumb Code     6  stm32f10x_tim.o(.text)
    TIM_GetCapture4                          0x08001b83   Thumb Code     8  stm32f10x_tim.o(.text)
    TIM_GetCounter                           0x08001b8b   Thumb Code     6  stm32f10x_tim.o(.text)
    TIM_GetPrescaler                         0x08001b91   Thumb Code     6  stm32f10x_tim.o(.text)
    TIM_GetFlagStatus                        0x08001b97   Thumb Code    18  stm32f10x_tim.o(.text)
    TIM_ClearFlag                            0x08001ba9   Thumb Code     6  stm32f10x_tim.o(.text)
    TIM_GetITStatus                          0x08001baf   Thumb Code    34  stm32f10x_tim.o(.text)
    TIM_ClearITPendingBit                    0x08001bd1   Thumb Code     6  stm32f10x_tim.o(.text)
    USART_DeInit                             0x08001bd9   Thumb Code   134  stm32f10x_usart.o(.text)
    USART_Init                               0x08001c5f   Thumb Code   210  stm32f10x_usart.o(.text)
    USART_StructInit                         0x08001d31   Thumb Code    24  stm32f10x_usart.o(.text)
    USART_ClockInit                          0x08001d49   Thumb Code    34  stm32f10x_usart.o(.text)
    USART_ClockStructInit                    0x08001d6b   Thumb Code    12  stm32f10x_usart.o(.text)
    USART_Cmd                                0x08001d77   Thumb Code    24  stm32f10x_usart.o(.text)
    USART_ITConfig                           0x08001d8f   Thumb Code    74  stm32f10x_usart.o(.text)
    USART_DMACmd                             0x08001dd9   Thumb Code    18  stm32f10x_usart.o(.text)
    USART_SetAddress                         0x08001deb   Thumb Code    18  stm32f10x_usart.o(.text)
    USART_WakeUpConfig                       0x08001dfd   Thumb Code    18  stm32f10x_usart.o(.text)
    USART_ReceiverWakeUpCmd                  0x08001e0f   Thumb Code    24  stm32f10x_usart.o(.text)
    USART_LINBreakDetectLengthConfig         0x08001e27   Thumb Code    18  stm32f10x_usart.o(.text)
    USART_LINCmd                             0x08001e39   Thumb Code    24  stm32f10x_usart.o(.text)
    USART_SendData                           0x08001e51   Thumb Code     8  stm32f10x_usart.o(.text)
    USART_ReceiveData                        0x08001e59   Thumb Code    10  stm32f10x_usart.o(.text)
    USART_SendBreak                          0x08001e63   Thumb Code    10  stm32f10x_usart.o(.text)
    USART_SetGuardTime                       0x08001e6d   Thumb Code    16  stm32f10x_usart.o(.text)
    USART_SetPrescaler                       0x08001e7d   Thumb Code    16  stm32f10x_usart.o(.text)
    USART_SmartCardCmd                       0x08001e8d   Thumb Code    24  stm32f10x_usart.o(.text)
    USART_SmartCardNACKCmd                   0x08001ea5   Thumb Code    24  stm32f10x_usart.o(.text)
    USART_HalfDuplexCmd                      0x08001ebd   Thumb Code    24  stm32f10x_usart.o(.text)
    USART_OverSampling8Cmd                   0x08001ed5   Thumb Code    22  stm32f10x_usart.o(.text)
    USART_OneBitMethodCmd                    0x08001eeb   Thumb Code    24  stm32f10x_usart.o(.text)
    USART_IrDAConfig                         0x08001f03   Thumb Code    18  stm32f10x_usart.o(.text)
    USART_IrDACmd                            0x08001f15   Thumb Code    24  stm32f10x_usart.o(.text)
    USART_GetFlagStatus                      0x08001f2d   Thumb Code    26  stm32f10x_usart.o(.text)
    USART_ClearFlag                          0x08001f47   Thumb Code    18  stm32f10x_usart.o(.text)
    USART_GetITStatus                        0x08001f59   Thumb Code    84  stm32f10x_usart.o(.text)
    USART_ClearITPendingBit                  0x08001fad   Thumb Code    52  stm32f10x_usart.o(.text)
    Led7_Set                                 0x08001fe1   Thumb Code    40  led.o(.text)
    Led6_Set                                 0x08002009   Thumb Code    40  led.o(.text)
    Led5_Set                                 0x08002031   Thumb Code    40  led.o(.text)
    Led4_Set                                 0x08002059   Thumb Code    38  led.o(.text)
    Led_Init                                 0x0800207f   Thumb Code    80  led.o(.text)
    WaterLights                              0x080020cf   Thumb Code   104  led.o(.text)
    Delay_Init                               0x08002151   Thumb Code    48  delay.o(.text)
    DelayUs                                  0x08002181   Thumb Code    60  delay.o(.text)
    DelayXms                                 0x080021bd   Thumb Code    66  delay.o(.text)
    DelayMs                                  0x080021ff   Thumb Code    60  delay.o(.text)
    Exti_Key_Init                            0x08002245   Thumb Code   166  exti.o(.text)
    EXTI15_10_IRQHandler                     0x080022eb   Thumb Code   130  exti.o(.text)
    EXTI2_IRQHandler                         0x0800236d   Thumb Code    42  exti.o(.text)
    Usart1_Init                              0x080023a1   Thumb Code   166  usart.o(.text)
    Usart2_Init                              0x08002447   Thumb Code   162  usart.o(.text)
    Usart_SendString                         0x080024e9   Thumb Code    50  usart.o(.text)
    UsartPrintf                              0x0800251b   Thumb Code    68  usart.o(.text)
    Usart1_IO_WaitRecive                     0x0800255f   Thumb Code    42  usart.o(.text)
    Usart2_IO_WaitRecive                     0x08002589   Thumb Code    42  usart.o(.text)
    USART1_IRQHandler                        0x080025b3   Thumb Code    62  usart.o(.text)
    USART2_IRQHandler                        0x080025f1   Thumb Code    62  usart.o(.text)
    Usart2_Send_Cmd                          0x0800262f   Thumb Code    44  usart.o(.text)
    Timer1_8_Init                            0x08002671   Thumb Code   178  hwtimer.o(.text)
    Timer6_7_Init                            0x08002723   Thumb Code   106  hwtimer.o(.text)
    RTOS_TimerInit                           0x0800278d   Thumb Code    16  hwtimer.o(.text)
    TIM6_IRQHandler                          0x0800279d   Thumb Code    36  hwtimer.o(.text)
    TIM7_IRQHandler                          0x080027c1   Thumb Code    24  hwtimer.o(.text)
    PELCO_D_Task                             0x080027e9   Thumb Code   118  main.o(.text)
    Hardware_Init                            0x08002883   Thumb Code    40  main.o(.text)
    main                                     0x080028ab   Thumb Code    98  main.o(.text)
    Led_Set                                  0x0800297d   Thumb Code   118  manage.o(.text)
    Manager                                  0x080029f3   Thumb Code   114  manage.o(.text)
    Conversion_Handle                        0x08002a65   Thumb Code   230  manage.o(.text)
    OSInitHookBegin                          0x08002b99   Thumb Code    30  os_cpu_c.o(.text)
    OSInitHookEnd                            0x08002bb7   Thumb Code     2  os_cpu_c.o(.text)
    OSTaskCreateHook                         0x08002bb9   Thumb Code     2  os_cpu_c.o(.text)
    OSTaskDelHook                            0x08002bbb   Thumb Code     2  os_cpu_c.o(.text)
    OSTaskIdleHook                           0x08002bbd   Thumb Code     2  os_cpu_c.o(.text)
    OSTaskReturnHook                         0x08002bbf   Thumb Code     2  os_cpu_c.o(.text)
    OSTaskStatHook                           0x08002bc1   Thumb Code     2  os_cpu_c.o(.text)
    OSTaskStkInit                            0x08002bc3   Thumb Code   152  os_cpu_c.o(.text)
    OSTaskSwHook                             0x08002c5b   Thumb Code     2  os_cpu_c.o(.text)
    OSTCBInitHook                            0x08002c5d   Thumb Code     2  os_cpu_c.o(.text)
    OSTimeTickHook                           0x08002c5f   Thumb Code    30  os_cpu_c.o(.text)
    OS_CPU_SysTickHandler                    0x08002c7d   Thumb Code    34  os_cpu_c.o(.text)
    OS_CPU_SysTickInit                       0x08002c9f   Thumb Code    42  os_cpu_c.o(.text)
    OS_TaskStatStkChk                        0x08002ce5   Thumb Code    54  os_core.o(.text)
    OS_TaskStat                              0x08002d1b   Thumb Code   116  os_core.o(.text)
    OS_TaskIdle                              0x08002dc3   Thumb Code    34  os_core.o(.text)
    OS_MemClr                                0x08002e19   Thumb Code    18  os_core.o(.text)
    OSInit                                   0x08002f39   Thumb Code    48  os_core.o(.text)
    OSIntEnter                               0x08002f69   Thumb Code    28  os_core.o(.text)
    OSIntExit                                0x08002f9f   Thumb Code   112  os_core.o(.text)
    OSSchedLock                              0x0800300f   Thumb Code    50  os_core.o(.text)
    OS_Sched                                 0x08003041   Thumb Code    88  os_core.o(.text)
    OSSchedUnlock                            0x08003099   Thumb Code   236  os_core.o(.text)
    OSStart                                  0x08003185   Thumb Code    48  os_core.o(.text)
    OSStatInit                               0x080031b5   Thumb Code    62  os_core.o(.text)
    OSTimeTick                               0x080031f3   Thumb Code   210  os_core.o(.text)
    OSVersion                                0x080032c5   Thumb Code     6  os_core.o(.text)
    OS_Dummy                                 0x080032cb   Thumb Code     2  os_core.o(.text)
    OS_EventTaskRemove                       0x080032cd   Thumb Code    42  os_core.o(.text)
    OS_EventTaskRdy                          0x080032f7   Thumb Code   114  os_core.o(.text)
    OS_EventTaskWait                         0x08003369   Thumb Code   112  os_core.o(.text)
    OS_EventWaitListInit                     0x080033d9   Thumb Code    28  os_core.o(.text)
    OS_MemCopy                               0x080033f5   Thumb Code    20  os_core.o(.text)
    OS_StrLen                                0x08003409   Thumb Code    20  os_core.o(.text)
    OS_TCBInit                               0x0800341d   Thumb Code   280  os_core.o(.text)
    OSFlagAccept                             0x08003579   Thumb Code   252  os_flag.o(.text)
    OSFlagCreate                             0x08003675   Thumb Code    86  os_flag.o(.text)
    OS_FlagUnlink                            0x080036cb   Thumb Code    36  os_flag.o(.text)
    OSFlagDel                                0x08003741   Thumb Code   214  os_flag.o(.text)
    OSFlagNameGet                            0x08003817   Thumb Code    80  os_flag.o(.text)
    OSFlagNameSet                            0x08003867   Thumb Code    66  os_flag.o(.text)
    OSFlagPend                               0x08003941   Thumb Code   614  os_flag.o(.text)
    OSFlagPendGetFlagsRdy                    0x08003ba7   Thumb Code    26  os_flag.o(.text)
    OSFlagPost                               0x08003bc1   Thumb Code   312  os_flag.o(.text)
    OSFlagQuery                              0x08003cf9   Thumb Code    48  os_flag.o(.text)
    OS_FlagInit                              0x08003d29   Thumb Code    78  os_flag.o(.text)
    OSQAccept                                0x08003d85   Thumb Code    88  os_q.o(.text)
    OSQCreate                                0x08003ddd   Thumb Code   140  os_q.o(.text)
    OSQDel                                   0x08003e69   Thumb Code   236  os_q.o(.text)
    OSQFlush                                 0x08003f55   Thumb Code    36  os_q.o(.text)
    OSQPend                                  0x08003f79   Thumb Code   272  os_q.o(.text)
    OSQPendAbort                             0x08004089   Thumb Code   128  os_q.o(.text)
    OSQPost                                  0x08004109   Thumb Code   114  os_q.o(.text)
    OSQPostFront                             0x0800417b   Thumb Code   136  os_q.o(.text)
    OSQPostOpt                               0x08004203   Thumb Code   182  os_q.o(.text)
    OSQQuery                                 0x080042b9   Thumb Code    98  os_q.o(.text)
    OS_QInit                                 0x0800431b   Thumb Code    72  os_q.o(.text)
    OSSemAccept                              0x0800436d   Thumb Code    42  os_sem.o(.text)
    OSSemCreate                              0x08004397   Thumb Code    68  os_sem.o(.text)
    OSSemDel                                 0x080043db   Thumb Code   200  os_sem.o(.text)
    OSSemPend                                0x080044a3   Thumb Code   222  os_sem.o(.text)
    OSSemPendAbort                           0x08004581   Thumb Code   128  os_sem.o(.text)
    OSSemPost                                0x08004601   Thumb Code    88  os_sem.o(.text)
    OSSemQuery                               0x08004659   Thumb Code    76  os_sem.o(.text)
    OSSemSet                                 0x080046a5   Thumb Code    66  os_sem.o(.text)
    OSTaskChangePrio                         0x080046f9   Thumb Code   308  os_task.o(.text)
    OSTaskCreate                             0x0800482d   Thumb Code   148  os_task.o(.text)
    OS_TaskStkClr                            0x080048c1   Thumb Code    26  os_task.o(.text)
    OSTaskCreateExt                          0x080048db   Thumb Code   170  os_task.o(.text)
    OSTaskDel                                0x08004985   Thumb Code   294  os_task.o(.text)
    OSTaskDelReq                             0x08004aab   Thumb Code   144  os_task.o(.text)
    OSTaskNameGet                            0x08004b3b   Thumb Code   114  os_task.o(.text)
    OSTaskNameSet                            0x08004bad   Thumb Code    98  os_task.o(.text)
    OSTaskResume                             0x08004c0f   Thumb Code   154  os_task.o(.text)
    OSTaskStkChk                             0x08004ca9   Thumb Code   128  os_task.o(.text)
    OSTaskSuspend                            0x08004d29   Thumb Code   152  os_task.o(.text)
    OSTaskQuery                              0x08004dc1   Thumb Code    82  os_task.o(.text)
    OSTaskRegGet                             0x08004e13   Thumb Code    60  os_task.o(.text)
    OSTaskRegSet                             0x08004e4f   Thumb Code    62  os_task.o(.text)
    OS_TaskReturn                            0x08004e8d   Thumb Code    18  os_task.o(.text)
    OSTimeDly                                0x08004eb9   Thumb Code   100  os_time.o(.text)
    OSTimeDlyHMSM                            0x08004f1d   Thumb Code    86  os_time.o(.text)
    OSTimeDlyResume                          0x08004f73   Thumb Code   168  os_time.o(.text)
    OSTimeGet                                0x0800501b   Thumb Code    24  os_time.o(.text)
    OSTimeSet                                0x08005033   Thumb Code    24  os_time.o(.text)
    OSTmrCreate                              0x0800509b   Thumb Code   108  os_tmr.o(.text)
    OSTmrDel                                 0x0800517f   Thumb Code   124  os_tmr.o(.text)
    OSTmrNameGet                             0x080051fb   Thumb Code   114  os_tmr.o(.text)
    OSTmrRemainGet                           0x0800526d   Thumb Code   164  os_tmr.o(.text)
    OSTmrStateGet                            0x08005311   Thumb Code    86  os_tmr.o(.text)
    OSTmrStart                               0x080053cb   Thumb Code   158  os_tmr.o(.text)
    OSTmrStop                                0x08005469   Thumb Code   180  os_tmr.o(.text)
    OSTmrSignal                              0x0800551d   Thumb Code    16  os_tmr.o(.text)
    OSTmr_Init                               0x080055d1   Thumb Code   152  os_tmr.o(.text)
    OS_CPU_SR_Save                           0x080056a9   Thumb Code     0  os_cpu_a.o(.text)
    OS_CPU_SR_Restore                        0x080056b1   Thumb Code     0  os_cpu_a.o(.text)
    OSStartHighRdy                           0x080056b7   Thumb Code     0  os_cpu_a.o(.text)
    OSCtxSw                                  0x080056d9   Thumb Code     0  os_cpu_a.o(.text)
    OSIntCtxSw                               0x080056e7   Thumb Code     0  os_cpu_a.o(.text)
    PendSV_Handler                           0x080056f7   Thumb Code     0  os_cpu_a.o(.text)
    __c89vsprintf                            0x0800575d   Thumb Code    32  c89vsprintf.o(.text)
    __aeabi_memcpy                           0x08005781   Thumb Code     0  rt_memcpy_v6.o(.text)
    __rt_memcpy                              0x08005781   Thumb Code   138  rt_memcpy_v6.o(.text)
    _memcpy_lastbytes                        0x080057e7   Thumb Code     0  rt_memcpy_v6.o(.text)
    __aeabi_memcpy4                          0x0800580b   Thumb Code     0  rt_memcpy_w.o(.text)
    __aeabi_memcpy8                          0x0800580b   Thumb Code     0  rt_memcpy_w.o(.text)
    __rt_memcpy_w                            0x0800580b   Thumb Code   100  rt_memcpy_w.o(.text)
    _memcpy_lastbytes_aligned                0x08005853   Thumb Code     0  rt_memcpy_w.o(.text)
    __aeabi_memclr                           0x0800586f   Thumb Code     0  rt_memclr.o(.text)
    __rt_memclr                              0x0800586f   Thumb Code    68  rt_memclr.o(.text)
    _memset                                  0x08005873   Thumb Code     0  rt_memclr.o(.text)
    __aeabi_memclr4                          0x080058b3   Thumb Code     0  rt_memclr_w.o(.text)
    __aeabi_memclr8                          0x080058b3   Thumb Code     0  rt_memclr_w.o(.text)
    __rt_memclr_w                            0x080058b3   Thumb Code    78  rt_memclr_w.o(.text)
    _memset_w                                0x080058b7   Thumb Code     0  rt_memclr_w.o(.text)
    __use_two_region_memory                  0x08005901   Thumb Code     2  heapauxi.o(.text)
    __rt_heap_escrow$2region                 0x08005903   Thumb Code     2  heapauxi.o(.text)
    __rt_heap_expand$2region                 0x08005905   Thumb Code     2  heapauxi.o(.text)
    _printf_pre_padding                      0x08005907   Thumb Code    44  _printf_pad.o(.text)
    _printf_post_padding                     0x08005933   Thumb Code    34  _printf_pad.o(.text)
    _printf_truncate_signed                  0x08005955   Thumb Code    18  _printf_truncate.o(.text)
    _printf_truncate_unsigned                0x08005967   Thumb Code    18  _printf_truncate.o(.text)
    _printf_str                              0x08005979   Thumb Code    82  _printf_str.o(.text)
    _printf_int_dec                          0x080059cd   Thumb Code   100  _printf_dec.o(.text)
    _printf_charcount                        0x08005a41   Thumb Code    40  _printf_charcount.o(.text)
    _printf_char_common                      0x08005a73   Thumb Code    32  _printf_char_common.o(.text)
    _sputc                                   0x08005a99   Thumb Code    10  _sputc.o(.text)
    _printf_wctomb                           0x08005aa5   Thumb Code   182  _printf_wctomb.o(.text)
    _printf_longlong_dec                     0x08005b61   Thumb Code   104  _printf_longlong_dec.o(.text)
    _printf_longlong_oct                     0x08005bd9   Thumb Code    68  _printf_oct_int_ll.o(.text)
    _printf_int_oct                          0x08005c1d   Thumb Code    24  _printf_oct_int_ll.o(.text)
    _printf_ll_oct                           0x08005c35   Thumb Code    12  _printf_oct_int_ll.o(.text)
    _printf_longlong_hex                     0x08005c49   Thumb Code    86  _printf_hex_int_ll_ptr.o(.text)
    _printf_int_hex                          0x08005c9f   Thumb Code    28  _printf_hex_int_ll_ptr.o(.text)
    _printf_ll_hex                           0x08005cbb   Thumb Code    12  _printf_hex_int_ll_ptr.o(.text)
    _printf_hex_ptr                          0x08005cc7   Thumb Code    18  _printf_hex_int_ll_ptr.o(.text)
    __printf                                 0x08005cdd   Thumb Code   388  __printf_flags_ss_wp.o(.text)
    _ll_udiv10                               0x08005e65   Thumb Code   138  lludiv10.o(.text)
    _printf_int_common                       0x08005eef   Thumb Code   178  _printf_intcommon.o(.text)
    __lib_sel_fp_printf                      0x08005fa1   Thumb Code     2  _printf_fp_dec.o(.text)
    _printf_fp_dec_real                      0x0800614f   Thumb Code   616  _printf_fp_dec.o(.text)
    _printf_cs_common                        0x080063b7   Thumb Code    20  _printf_char.o(.text)
    _printf_char                             0x080063cb   Thumb Code    16  _printf_char.o(.text)
    _printf_string                           0x080063db   Thumb Code     8  _printf_char.o(.text)
    _printf_lcs_common                       0x080063e3   Thumb Code    20  _printf_wchar.o(.text)
    _printf_wchar                            0x080063f7   Thumb Code    16  _printf_wchar.o(.text)
    _printf_wstring                          0x08006407   Thumb Code     8  _printf_wchar.o(.text)
    _wcrtomb                                 0x0800640f   Thumb Code    64  _wcrtomb.o(.text)
    __user_setup_stackheap                   0x0800644f   Thumb Code    74  sys_stackheap_outer.o(.text)
    __rt_ctype_table                         0x08006499   Thumb Code    16  rt_ctype_table.o(.text)
    __rt_locale                              0x080064a9   Thumb Code     8  rt_locale_intlibspace.o(.text)
    _printf_fp_infnan                        0x080064b1   Thumb Code   112  _printf_fp_infnan.o(.text)
    _btod_etento                             0x08006531   Thumb Code   212  bigflt0.o(.text)
    exit                                     0x08006609   Thumb Code    12  exit.o(.text)
    __user_libspace                          0x08006615   Thumb Code     8  libspace.o(.text)
    __user_perproc_libspace                  0x08006615   Thumb Code     0  libspace.o(.text)
    __user_perthread_libspace                0x08006615   Thumb Code     0  libspace.o(.text)
    strcmp                                   0x0800661d   Thumb Code   128  strcmpv7m.o(.text)
    _sys_exit                                0x0800669d   Thumb Code     8  sys_exit.o(.text)
    __I$use$semihosting                      0x080066a9   Thumb Code     0  use_no_semi.o(.text)
    __use_no_semihosting_swi                 0x080066a9   Thumb Code     2  use_no_semi.o(.text)
    __semihosting_library_function           0x080066ab   Thumb Code     0  indicate_semi.o(.text)
    _btod_d2e                                0x080066ab   Thumb Code    62  btod.o(CL$$btod_d2e)
    _d2e_denorm_low                          0x080066e9   Thumb Code    70  btod.o(CL$$btod_d2e_denorm_low)
    _d2e_norm_op1                            0x0800672f   Thumb Code    96  btod.o(CL$$btod_d2e_norm_op1)
    __btod_div_common                        0x0800678f   Thumb Code   696  btod.o(CL$$btod_div_common)
    _e2e                                     0x08006ac7   Thumb Code   198  btod.o(CL$$btod_e2e)
    _btod_ediv                               0x08006b8d   Thumb Code    40  btod.o(CL$$btod_ediv)
    _btod_emul                               0x08006bb5   Thumb Code    40  btod.o(CL$$btod_emul)
    __btod_mult_common                       0x08006bdd   Thumb Code   580  btod.o(CL$$btod_mult_common)
    __ARM_fpclassify                         0x08006e21   Thumb Code    40  fpclassify.o(i.__ARM_fpclassify)
    _is_digit                                0x08006e49   Thumb Code    14  __printf_wp.o(i._is_digit)
    _get_lc_numeric                          0x08006e59   Thumb Code    44  lc_numeric_c.o(locale$$code)
    _get_lc_ctype                            0x08006e85   Thumb Code    44  lc_ctype_c.o(locale$$code)
    _printf_fp_dec                           0x08006eb1   Thumb Code     4  printf1.o(x$fpl$printf1)
    OSUnMapTbl                               0x08006eb4   Data         256  os_core.o(.constdata)
    __I$use$fp                               0x08006eb4   Number         0  usenofp.o(x$fpl$usenofp)
    Region$$Table$$Base                      0x0800708c   Number         0  anon$$obj.o(Region$$Table)
    Region$$Table$$Limit                     0x080070ac   Number         0  anon$$obj.o(Region$$Table)
    __ctype                                  0x080070d5   Data           0  lc_ctype_c.o(locale$$data)
    SystemCoreClock                          0x20000000   Data           4  system_stm32f10x.o(.data)
    AHBPrescTable                            0x20000004   Data          16  system_stm32f10x.o(.data)
    ledStatus                                0x20000028   Data           4  led.o(.data)
    UsCount                                  0x2000002c   Data           1  delay.o(.data)
    MsCount                                  0x2000002e   Data           2  delay.o(.data)
    OS_CPU_ExceptStkBase                     0x20000030   Data           4  os_cpu_c.o(.data)
    OSCtxSwCtr                               0x20000038   Data           4  os_core.o(.data)
    OSEventFreeList                          0x2000003c   Data           4  os_core.o(.data)
    OSFlagFreeList                           0x20000040   Data           4  os_core.o(.data)
    OSCPUUsage                               0x20000044   Data           1  os_core.o(.data)
    OSIdleCtrMax                             0x20000048   Data           4  os_core.o(.data)
    OSIdleCtrRun                             0x2000004c   Data           4  os_core.o(.data)
    OSStatRdy                                0x20000050   Data           1  os_core.o(.data)
    OSIntNesting                             0x20000051   Data           1  os_core.o(.data)
    OSLockNesting                            0x20000052   Data           1  os_core.o(.data)
    OSPrioCur                                0x20000053   Data           1  os_core.o(.data)
    OSPrioHighRdy                            0x20000054   Data           1  os_core.o(.data)
    OSRdyGrp                                 0x20000055   Data           1  os_core.o(.data)
    OSRdyTbl                                 0x20000056   Data           8  os_core.o(.data)
    OSRunning                                0x2000005e   Data           1  os_core.o(.data)
    OSTaskCtr                                0x2000005f   Data           1  os_core.o(.data)
    OSIdleCtr                                0x20000060   Data           4  os_core.o(.data)
    OSTCBCur                                 0x20000064   Data           4  os_core.o(.data)
    OSTCBFreeList                            0x20000068   Data           4  os_core.o(.data)
    OSTCBHighRdy                             0x2000006c   Data           4  os_core.o(.data)
    OSTCBList                                0x20000070   Data           4  os_core.o(.data)
    OSTickStepState                          0x20000074   Data           1  os_core.o(.data)
    OSQFreeList                              0x20000078   Data           4  os_core.o(.data)
    OSTime                                   0x2000007c   Data           4  os_core.o(.data)
    OSTmrFree                                0x20000080   Data           2  os_core.o(.data)
    OSTmrUsed                                0x20000082   Data           2  os_core.o(.data)
    OSTmrTime                                0x20000084   Data           4  os_core.o(.data)
    OSTmrSem                                 0x20000088   Data           4  os_core.o(.data)
    OSTmrSemSignal                           0x2000008c   Data           4  os_core.o(.data)
    OSTmrFreeList                            0x20000090   Data           4  os_core.o(.data)
    usart1Buf                                0x20000094   Data          64  main.o(.bss)
    usart1IOInfo                             0x200000d4   Data         204  main.o(.bss)
    usart2IOInfo                             0x200001a0   Data         204  main.o(.bss)
    PELCO_D_TASK_STK                         0x2000026c   Data        2048  main.o(.bss)
    CHECKTASK_TASK_STK                       0x20000a6c   Data         256  main.o(.bss)
    OS_CPU_ExceptStk                         0x20000b6c   Data         512  os_cpu_c.o(.bss)
    OSEventTbl                               0x20000d6c   Data         400  os_core.o(.bss)
    OSFlagTbl                                0x20000efc   Data          80  os_core.o(.bss)
    OSTaskStatStk                            0x20000f4c   Data         512  os_core.o(.bss)
    OSTaskIdleStk                            0x2000114c   Data         512  os_core.o(.bss)
    OSTCBPrioTbl                             0x2000134c   Data         256  os_core.o(.bss)
    OSTCBTbl                                 0x2000144c   Data        1176  os_core.o(.bss)
    OSQTbl                                   0x200018e4   Data         120  os_core.o(.bss)
    OSTmrTbl                                 0x2000195c   Data         640  os_core.o(.bss)
    OSTmrTaskStk                             0x20001bdc   Data         512  os_core.o(.bss)
    OSTmrWheelTbl                            0x20001ddc   Data          64  os_core.o(.bss)
    __libspace_start                         0x20001e1c   Data          96  libspace.o(.bss)
    __temporary_stack_top$libspace           0x20001e7c   Data           0  libspace.o(.bss)



==============================================================================

Memory Map of the image

  Image Entry point : 0x08000131

  Load Region LR_IROM1 (Base: 0x08000000, Size: 0x0000726c, Max: 0x00080000, ABSOLUTE)

    Execution Region ER_IROM1 (Base: 0x08000000, Size: 0x000071d8, Max: 0x00080000, ABSOLUTE)

    Base Addr    Size         Type   Attr      Idx    E Section Name        Object

    0x08000000   0x00000130   Data   RO          136    RESET               startup_stm32f10x_hd.o
    0x08000130   0x00000008   Code   RO          907  * !!!main             c_w.l(__main.o)
    0x08000138   0x00000034   Code   RO         1260    !!!scatter          c_w.l(__scatter.o)
    0x0800016c   0x0000001a   Code   RO         1262    !!handler_copy      c_w.l(__scatter_copy.o)
    0x08000186   0x00000002   PAD
    0x08000188   0x0000001c   Code   RO         1264    !!handler_zi        c_w.l(__scatter_zi.o)
    0x080001a4   0x00000000   Code   RO         1027    .ARM.Collect$$_printf_percent$$00000000  c_w.l(_printf_percent.o)
    0x080001a4   0x00000006   Code   RO         1016    .ARM.Collect$$_printf_percent$$00000001  c_w.l(_printf_n.o)
    0x080001aa   0x00000006   Code   RO         1018    .ARM.Collect$$_printf_percent$$00000002  c_w.l(_printf_p.o)
    0x080001b0   0x00000006   Code   RO         1023    .ARM.Collect$$_printf_percent$$00000003  c_w.l(_printf_f.o)
    0x080001b6   0x00000006   Code   RO         1024    .ARM.Collect$$_printf_percent$$00000004  c_w.l(_printf_e.o)
    0x080001bc   0x00000006   Code   RO         1025    .ARM.Collect$$_printf_percent$$00000005  c_w.l(_printf_g.o)
    0x080001c2   0x00000006   Code   RO         1026    .ARM.Collect$$_printf_percent$$00000006  c_w.l(_printf_a.o)
    0x080001c8   0x0000000a   Code   RO         1031    .ARM.Collect$$_printf_percent$$00000007  c_w.l(_printf_ll.o)
    0x080001d2   0x00000006   Code   RO         1020    .ARM.Collect$$_printf_percent$$00000008  c_w.l(_printf_i.o)
    0x080001d8   0x00000006   Code   RO         1021    .ARM.Collect$$_printf_percent$$00000009  c_w.l(_printf_d.o)
    0x080001de   0x00000006   Code   RO         1022    .ARM.Collect$$_printf_percent$$0000000A  c_w.l(_printf_u.o)
    0x080001e4   0x00000006   Code   RO         1019    .ARM.Collect$$_printf_percent$$0000000B  c_w.l(_printf_o.o)
    0x080001ea   0x00000006   Code   RO         1017    .ARM.Collect$$_printf_percent$$0000000C  c_w.l(_printf_x.o)
    0x080001f0   0x00000006   Code   RO         1028    .ARM.Collect$$_printf_percent$$0000000D  c_w.l(_printf_lli.o)
    0x080001f6   0x00000006   Code   RO         1029    .ARM.Collect$$_printf_percent$$0000000E  c_w.l(_printf_lld.o)
    0x080001fc   0x00000006   Code   RO         1030    .ARM.Collect$$_printf_percent$$0000000F  c_w.l(_printf_llu.o)
    0x08000202   0x00000006   Code   RO         1035    .ARM.Collect$$_printf_percent$$00000010  c_w.l(_printf_llo.o)
    0x08000208   0x00000006   Code   RO         1036    .ARM.Collect$$_printf_percent$$00000011  c_w.l(_printf_llx.o)
    0x0800020e   0x0000000a   Code   RO         1032    .ARM.Collect$$_printf_percent$$00000012  c_w.l(_printf_l.o)
    0x08000218   0x00000006   Code   RO         1014    .ARM.Collect$$_printf_percent$$00000013  c_w.l(_printf_c.o)
    0x0800021e   0x00000006   Code   RO         1015    .ARM.Collect$$_printf_percent$$00000014  c_w.l(_printf_s.o)
    0x08000224   0x00000006   Code   RO         1033    .ARM.Collect$$_printf_percent$$00000015  c_w.l(_printf_lc.o)
    0x0800022a   0x00000006   Code   RO         1034    .ARM.Collect$$_printf_percent$$00000016  c_w.l(_printf_ls.o)
    0x08000230   0x00000004   Code   RO         1075    .ARM.Collect$$_printf_percent$$00000017  c_w.l(_printf_percent_end.o)
    0x08000234   0x00000002   Code   RO         1124    .ARM.Collect$$libinit$$00000000  c_w.l(libinit.o)
    0x08000236   0x00000000   Code   RO         1140    .ARM.Collect$$libinit$$00000002  c_w.l(libinit2.o)
    0x08000236   0x00000000   Code   RO         1143    .ARM.Collect$$libinit$$00000008  c_w.l(libinit2.o)
    0x08000236   0x00000000   Code   RO         1145    .ARM.Collect$$libinit$$0000000A  c_w.l(libinit2.o)
    0x08000236   0x00000000   Code   RO         1147    .ARM.Collect$$libinit$$0000000C  c_w.l(libinit2.o)
    0x08000236   0x00000006   Code   RO         1148    .ARM.Collect$$libinit$$0000000D  c_w.l(libinit2.o)
    0x0800023c   0x00000000   Code   RO         1150    .ARM.Collect$$libinit$$0000000F  c_w.l(libinit2.o)
    0x0800023c   0x0000000c   Code   RO         1151    .ARM.Collect$$libinit$$00000010  c_w.l(libinit2.o)
    0x08000248   0x00000000   Code   RO         1152    .ARM.Collect$$libinit$$00000011  c_w.l(libinit2.o)
    0x08000248   0x00000000   Code   RO         1154    .ARM.Collect$$libinit$$00000013  c_w.l(libinit2.o)
    0x08000248   0x0000000a   Code   RO         1155    .ARM.Collect$$libinit$$00000014  c_w.l(libinit2.o)
    0x08000252   0x00000000   Code   RO         1156    .ARM.Collect$$libinit$$00000015  c_w.l(libinit2.o)
    0x08000252   0x00000000   Code   RO         1158    .ARM.Collect$$libinit$$00000017  c_w.l(libinit2.o)
    0x08000252   0x00000000   Code   RO         1160    .ARM.Collect$$libinit$$00000019  c_w.l(libinit2.o)
    0x08000252   0x00000000   Code   RO         1162    .ARM.Collect$$libinit$$0000001B  c_w.l(libinit2.o)
    0x08000252   0x00000000   Code   RO         1164    .ARM.Collect$$libinit$$0000001D  c_w.l(libinit2.o)
    0x08000252   0x00000000   Code   RO         1166    .ARM.Collect$$libinit$$0000001F  c_w.l(libinit2.o)
    0x08000252   0x00000000   Code   RO         1168    .ARM.Collect$$libinit$$00000021  c_w.l(libinit2.o)
    0x08000252   0x00000000   Code   RO         1170    .ARM.Collect$$libinit$$00000023  c_w.l(libinit2.o)
    0x08000252   0x00000000   Code   RO         1174    .ARM.Collect$$libinit$$0000002A  c_w.l(libinit2.o)
    0x08000252   0x00000000   Code   RO         1176    .ARM.Collect$$libinit$$0000002C  c_w.l(libinit2.o)
    0x08000252   0x00000000   Code   RO         1178    .ARM.Collect$$libinit$$0000002E  c_w.l(libinit2.o)
    0x08000252   0x00000000   Code   RO         1180    .ARM.Collect$$libinit$$00000030  c_w.l(libinit2.o)
    0x08000252   0x00000002   Code   RO         1181    .ARM.Collect$$libinit$$00000031  c_w.l(libinit2.o)
    0x08000254   0x00000002   Code   RO         1201    .ARM.Collect$$libshutdown$$00000000  c_w.l(libshutdown.o)
    0x08000256   0x00000000   Code   RO         1215    .ARM.Collect$$libshutdown$$00000003  c_w.l(libshutdown2.o)
    0x08000256   0x00000000   Code   RO         1218    .ARM.Collect$$libshutdown$$00000006  c_w.l(libshutdown2.o)
    0x08000256   0x00000000   Code   RO         1221    .ARM.Collect$$libshutdown$$00000009  c_w.l(libshutdown2.o)
    0x08000256   0x00000000   Code   RO         1223    .ARM.Collect$$libshutdown$$0000000B  c_w.l(libshutdown2.o)
    0x08000256   0x00000000   Code   RO         1226    .ARM.Collect$$libshutdown$$0000000E  c_w.l(libshutdown2.o)
    0x08000256   0x00000002   Code   RO         1227    .ARM.Collect$$libshutdown$$0000000F  c_w.l(libshutdown2.o)
    0x08000258   0x00000000   Code   RO          945    .ARM.Collect$$rtentry$$00000000  c_w.l(rtentry.o)
    0x08000258   0x00000000   Code   RO         1049    .ARM.Collect$$rtentry$$00000002  c_w.l(rtentry2.o)
    0x08000258   0x00000006   Code   RO         1061    .ARM.Collect$$rtentry$$00000004  c_w.l(rtentry4.o)
    0x0800025e   0x00000000   Code   RO         1051    .ARM.Collect$$rtentry$$00000009  c_w.l(rtentry2.o)
    0x0800025e   0x00000004   Code   RO         1052    .ARM.Collect$$rtentry$$0000000A  c_w.l(rtentry2.o)
    0x08000262   0x00000000   Code   RO         1054    .ARM.Collect$$rtentry$$0000000C  c_w.l(rtentry2.o)
    0x08000262   0x00000008   Code   RO         1055    .ARM.Collect$$rtentry$$0000000D  c_w.l(rtentry2.o)
    0x0800026a   0x00000002   Code   RO         1132    .ARM.Collect$$rtexit$$00000000  c_w.l(rtexit.o)
    0x0800026c   0x00000000   Code   RO         1183    .ARM.Collect$$rtexit$$00000002  c_w.l(rtexit2.o)
    0x0800026c   0x00000004   Code   RO         1184    .ARM.Collect$$rtexit$$00000003  c_w.l(rtexit2.o)
    0x08000270   0x00000006   Code   RO         1185    .ARM.Collect$$rtexit$$00000004  c_w.l(rtexit2.o)
    0x08000276   0x0000001c   Code   RO           17    .text               stm32f10x_it.o
    0x08000292   0x00000002   PAD
    0x08000294   0x000001e8   Code   RO          116    .text               system_stm32f10x.o
    0x0800047c   0x00000040   Code   RO          137    .text               startup_stm32f10x_hd.o
    0x080004bc   0x000000dc   Code   RO          141    .text               misc.o
    0x08000598   0x0000035c   Code   RO          179    .text               stm32f10x_gpio.o
    0x080008f4   0x000003ac   Code   RO          191    .text               stm32f10x_rcc.o
    0x08000ca0   0x0000011c   Code   RO          301    .text               stm32f10x_exti.o
    0x08000dbc   0x00000e1a   Code   RO          409    .text               stm32f10x_tim.o
    0x08001bd6   0x00000002   PAD
    0x08001bd8   0x00000408   Code   RO          421    .text               stm32f10x_usart.o
    0x08001fe0   0x00000170   Code   RO          445    .text               led.o
    0x08002150   0x000000f4   Code   RO          466    .text               delay.o
    0x08002244   0x0000015c   Code   RO          536    .text               exti.o
    0x080023a0   0x000002d0   Code   RO          620    .text               usart.o
    0x08002670   0x00000178   Code   RO          640    .text               hwtimer.o
    0x080027e8   0x00000194   Code   RO          689    .text               main.o
    0x0800297c   0x0000021c   Code   RO          729    .text               manage.o
    0x08002b98   0x0000014c   Code   RO          745    .text               os_cpu_c.o
    0x08002ce4   0x00000894   Code   RO          768    .text               os_core.o
    0x08003578   0x0000080c   Code   RO          788    .text               os_flag.o
    0x08003d84   0x000005e8   Code   RO          830    .text               os_q.o
    0x0800436c   0x0000038c   Code   RO          842    .text               os_sem.o
    0x080046f8   0x000007c0   Code   RO          854    .text               os_task.o
    0x08004eb8   0x000001b0   Code   RO          866    .text               os_time.o
    0x08005068   0x00000640   Code   RO          878    .text               os_tmr.o
    0x080056a8   0x000000b4   Code   RO          890    .text               os_cpu_a.o
    0x0800575c   0x00000024   Code   RO          895    .text               c_w.l(c89vsprintf.o)
    0x08005780   0x0000008a   Code   RO          897    .text               c_w.l(rt_memcpy_v6.o)
    0x0800580a   0x00000064   Code   RO          899    .text               c_w.l(rt_memcpy_w.o)
    0x0800586e   0x00000044   Code   RO          901    .text               c_w.l(rt_memclr.o)
    0x080058b2   0x0000004e   Code   RO          903    .text               c_w.l(rt_memclr_w.o)
    0x08005900   0x00000006   Code   RO          905    .text               c_w.l(heapauxi.o)
    0x08005906   0x0000004e   Code   RO          948    .text               c_w.l(_printf_pad.o)
    0x08005954   0x00000024   Code   RO          950    .text               c_w.l(_printf_truncate.o)
    0x08005978   0x00000052   Code   RO          952    .text               c_w.l(_printf_str.o)
    0x080059ca   0x00000002   PAD
    0x080059cc   0x00000074   Code   RO          954    .text               c_w.l(_printf_dec.o)
    0x08005a40   0x00000028   Code   RO          956    .text               c_w.l(_printf_charcount.o)
    0x08005a68   0x00000030   Code   RO          958    .text               c_w.l(_printf_char_common.o)
    0x08005a98   0x0000000a   Code   RO          960    .text               c_w.l(_sputc.o)
    0x08005aa2   0x00000002   PAD
    0x08005aa4   0x000000bc   Code   RO          962    .text               c_w.l(_printf_wctomb.o)
    0x08005b60   0x00000078   Code   RO          965    .text               c_w.l(_printf_longlong_dec.o)
    0x08005bd8   0x00000070   Code   RO          971    .text               c_w.l(_printf_oct_int_ll.o)
    0x08005c48   0x00000094   Code   RO          991    .text               c_w.l(_printf_hex_int_ll_ptr.o)
    0x08005cdc   0x00000188   Code   RO         1011    .text               c_w.l(__printf_flags_ss_wp.o)
    0x08005e64   0x0000008a   Code   RO         1063    .text               c_w.l(lludiv10.o)
    0x08005eee   0x000000b2   Code   RO         1065    .text               c_w.l(_printf_intcommon.o)
    0x08005fa0   0x00000416   Code   RO         1067    .text               c_w.l(_printf_fp_dec.o)
    0x080063b6   0x0000002c   Code   RO         1071    .text               c_w.l(_printf_char.o)
    0x080063e2   0x0000002c   Code   RO         1073    .text               c_w.l(_printf_wchar.o)
    0x0800640e   0x00000040   Code   RO         1076    .text               c_w.l(_wcrtomb.o)
    0x0800644e   0x0000004a   Code   RO         1078    .text               c_w.l(sys_stackheap_outer.o)
    0x08006498   0x00000010   Code   RO         1080    .text               c_w.l(rt_ctype_table.o)
    0x080064a8   0x00000008   Code   RO         1085    .text               c_w.l(rt_locale_intlibspace.o)
    0x080064b0   0x00000080   Code   RO         1087    .text               c_w.l(_printf_fp_infnan.o)
    0x08006530   0x000000d8   Code   RO         1089    .text               c_w.l(bigflt0.o)
    0x08006608   0x0000000c   Code   RO         1117    .text               c_w.l(exit.o)
    0x08006614   0x00000008   Code   RO         1129    .text               c_w.l(libspace.o)
    0x0800661c   0x00000080   Code   RO         1137    .text               c_w.l(strcmpv7m.o)
    0x0800669c   0x0000000c   Code   RO         1193    .text               c_w.l(sys_exit.o)
    0x080066a8   0x00000002   Code   RO         1204    .text               c_w.l(use_no_semi.o)
    0x080066aa   0x00000000   Code   RO         1206    .text               c_w.l(indicate_semi.o)
    0x080066aa   0x0000003e   Code   RO         1092    CL$$btod_d2e        c_w.l(btod.o)
    0x080066e8   0x00000046   Code   RO         1094    CL$$btod_d2e_denorm_low  c_w.l(btod.o)
    0x0800672e   0x00000060   Code   RO         1093    CL$$btod_d2e_norm_op1  c_w.l(btod.o)
    0x0800678e   0x00000338   Code   RO         1102    CL$$btod_div_common  c_w.l(btod.o)
    0x08006ac6   0x000000c6   Code   RO         1099    CL$$btod_e2e        c_w.l(btod.o)
    0x08006b8c   0x00000028   Code   RO         1096    CL$$btod_ediv       c_w.l(btod.o)
    0x08006bb4   0x00000028   Code   RO         1095    CL$$btod_emul       c_w.l(btod.o)
    0x08006bdc   0x00000244   Code   RO         1101    CL$$btod_mult_common  c_w.l(btod.o)
    0x08006e20   0x00000028   Code   RO         1127    i.__ARM_fpclassify  m_ws.l(fpclassify.o)
    0x08006e48   0x0000000e   Code   RO         1004    i._is_digit         c_w.l(__printf_wp.o)
    0x08006e56   0x00000002   PAD
    0x08006e58   0x0000002c   Code   RO         1115    locale$$code        c_w.l(lc_numeric_c.o)
    0x08006e84   0x0000002c   Code   RO         1135    locale$$code        c_w.l(lc_ctype_c.o)
    0x08006eb0   0x00000004   Code   RO         1045    x$fpl$printf1       fz_ws.l(printf1.o)
    0x08006eb4   0x00000000   Code   RO         1047    x$fpl$usenofp       fz_ws.l(usenofp.o)
    0x08006eb4   0x00000100   Data   RO          770    .constdata          os_core.o
    0x08006fb4   0x00000008   Data   RO          963    .constdata          c_w.l(_printf_wctomb.o)
    0x08006fbc   0x00000028   Data   RO          992    .constdata          c_w.l(_printf_hex_int_ll_ptr.o)
    0x08006fe4   0x00000011   Data   RO         1012    .constdata          c_w.l(__printf_flags_ss_wp.o)
    0x08006ff5   0x00000003   PAD
    0x08006ff8   0x00000094   Data   RO         1090    .constdata          c_w.l(bigflt0.o)
    0x0800708c   0x00000020   Data   RO         1258    Region$$Table       anon$$obj.o
    0x080070ac   0x0000001c   Data   RO         1114    locale$$data        c_w.l(lc_numeric_c.o)
    0x080070c8   0x00000110   Data   RO         1134    locale$$data        c_w.l(lc_ctype_c.o)


    Execution Region RW_IRAM1 (Base: 0x20000000, Size: 0x00002680, Max: 0x00010000, ABSOLUTE)

    Base Addr    Size         Type   Attr      Idx    E Section Name        Object

    0x20000000   0x00000014   Data   RW          117    .data               system_stm32f10x.o
    0x20000014   0x00000014   Data   RW          192    .data               stm32f10x_rcc.o
    0x20000028   0x00000004   Data   RW          446    .data               led.o
    0x2000002c   0x00000004   Data   RW          467    .data               delay.o
    0x20000030   0x00000006   Data   RW          747    .data               os_cpu_c.o
    0x20000036   0x00000002   PAD
    0x20000038   0x0000005c   Data   RW          771    .data               os_core.o
    0x20000094   0x00000ad8   Zero   RW          690    .bss                main.o
    0x20000b6c   0x00000200   Zero   RW          746    .bss                os_cpu_c.o
    0x20000d6c   0x000010b0   Zero   RW          769    .bss                os_core.o
    0x20001e1c   0x00000060   Zero   RW         1130    .bss                c_w.l(libspace.o)
    0x20001e7c   0x00000004   PAD
    0x20001e80   0x00000400   Zero   RW          135    HEAP                startup_stm32f10x_hd.o
    0x20002280   0x00000400   Zero   RW          134    STACK               startup_stm32f10x_hd.o


==============================================================================

Image component sizes


      Code (inc. data)   RO Data    RW Data    ZI Data      Debug   Object Name

         0          0          0          0          0       4304   core_cm3.o
       244         10          0          4          0       1360   delay.o
       348         10          0          0          0        858   exti.o
       376         16          0          0          0      10665   hwtimer.o
         0          0          0          0          0        404   i2c.o
       368         26          0          4          0       1839   led.o
       404        112          0          0       2776       2502   main.o
       540         78          0          0          0       1100   manage.o
       220         22          0          0          0     208397   misc.o
      2196        216        256         92       4272      15355   os_core.o
       180         36          0          0          0        280   os_cpu_a.o
       332         28          0          6        512      11399   os_cpu_c.o
      2060         42          0          0          0       6676   os_flag.o
      1512         30          0          0          0       5405   os_q.o
       908         18          0          0          0       3750   os_sem.o
      1984         70          0          0          0       7329   os_task.o
       432         30          0          0          0       1718   os_time.o
      1600         94          0          0          0       5369   os_tmr.o
        64         26        304          0       2048        772   startup_stm32f10x_hd.o
       284         10          0          0          0       2079   stm32f10x_exti.o
       860         38          0          0          0       5493   stm32f10x_gpio.o
        28          0          0          0          0      44491   stm32f10x_it.o
       940         44          0         20          0       8608   stm32f10x_rcc.o
      3610         88          0          0          0      21976   stm32f10x_tim.o
      1032         22          0          0          0       8216   stm32f10x_usart.o
       488         46          0         20          0       1631   system_stm32f10x.o
       720         22          0          0          0       3749   usart.o

    ----------------------------------------------------------------------
     21734       1134        592        148       9608     385725   Object Totals
         0          0         32          0          0          0   (incl. Generated)
         4          0          0          2          0          0   (incl. Padding)

    ----------------------------------------------------------------------

      Code (inc. data)   RO Data    RW Data    ZI Data      Debug   Library Member Name

         8          0          0          0          0         68   __main.o
       392          4         17          0          0         92   __printf_flags_ss_wp.o
        14          0          0          0          0         68   __printf_wp.o
        52          8          0          0          0          0   __scatter.o
        26          0          0          0          0          0   __scatter_copy.o
        28          0          0          0          0          0   __scatter_zi.o
         6          0          0          0          0          0   _printf_a.o
         6          0          0          0          0          0   _printf_c.o
        44          0          0          0          0        108   _printf_char.o
        48          6          0          0          0         96   _printf_char_common.o
        40          0          0          0          0         68   _printf_charcount.o
         6          0          0          0          0          0   _printf_d.o
       116         16          0          0          0         92   _printf_dec.o
         6          0          0          0          0          0   _printf_e.o
         6          0          0          0          0          0   _printf_f.o
      1046          0          0          0          0        216   _printf_fp_dec.o
       128         16          0          0          0         84   _printf_fp_infnan.o
         6          0          0          0          0          0   _printf_g.o
       148          4         40          0          0        160   _printf_hex_int_ll_ptr.o
         6          0          0          0          0          0   _printf_i.o
       178          0          0          0          0         88   _printf_intcommon.o
        10          0          0          0          0          0   _printf_l.o
         6          0          0          0          0          0   _printf_lc.o
        10          0          0          0          0          0   _printf_ll.o
         6          0          0          0          0          0   _printf_lld.o
         6          0          0          0          0          0   _printf_lli.o
         6          0          0          0          0          0   _printf_llo.o
         6          0          0          0          0          0   _printf_llu.o
         6          0          0          0          0          0   _printf_llx.o
       120         16          0          0          0         92   _printf_longlong_dec.o
         6          0          0          0          0          0   _printf_ls.o
         6          0          0          0          0          0   _printf_n.o
         6          0          0          0          0          0   _printf_o.o
       112          8          0          0          0        124   _printf_oct_int_ll.o
         6          0          0          0          0          0   _printf_p.o
        78          0          0          0          0        108   _printf_pad.o
         0          0          0          0          0          0   _printf_percent.o
         4          0          0          0          0          0   _printf_percent_end.o
         6          0          0          0          0          0   _printf_s.o
        82          0          0          0          0         80   _printf_str.o
        36          0          0          0          0         84   _printf_truncate.o
         6          0          0          0          0          0   _printf_u.o
        44          0          0          0          0        108   _printf_wchar.o
       188          6          8          0          0         92   _printf_wctomb.o
         6          0          0          0          0          0   _printf_x.o
        10          0          0          0          0         68   _sputc.o
        64          0          0          0          0         92   _wcrtomb.o
       216          4        148          0          0         96   bigflt0.o
      1910        128          0          0          0        672   btod.o
        36          4          0          0          0         76   c89vsprintf.o
        12          0          0          0          0         72   exit.o
         6          0          0          0          0        152   heapauxi.o
         0          0          0          0          0          0   indicate_semi.o
        44         10        272          0          0         76   lc_ctype_c.o
        44         10         28          0          0         76   lc_numeric_c.o
         2          0          0          0          0          0   libinit.o
        30          0          0          0          0          0   libinit2.o
         2          0          0          0          0          0   libshutdown.o
         2          0          0          0          0          0   libshutdown2.o
         8          4          0          0         96         68   libspace.o
       138          0          0          0          0         80   lludiv10.o
        16          4          0          0          0         76   rt_ctype_table.o
         8          4          0          0          0         68   rt_locale_intlibspace.o
        68          0          0          0          0         68   rt_memclr.o
        78          0          0          0          0         80   rt_memclr_w.o
       138          0          0          0          0         68   rt_memcpy_v6.o
       100          0          0          0          0         80   rt_memcpy_w.o
         0          0          0          0          0          0   rtentry.o
        12          0          0          0          0          0   rtentry2.o
         6          0          0          0          0          0   rtentry4.o
         2          0          0          0          0          0   rtexit.o
        10          0          0          0          0          0   rtexit2.o
       128          0          0          0          0         68   strcmpv7m.o
        12          4          0          0          0         68   sys_exit.o
        74          0          0          0          0         80   sys_stackheap_outer.o
         2          0          0          0          0         68   use_no_semi.o
         4          0          0          0          0         68   printf1.o
         0          0          0          0          0          0   usenofp.o
        40          0          0          0          0         68   fpclassify.o

    ----------------------------------------------------------------------
      6302        256        516          0        100       4216   Library Totals
         8          0          3          0          4          0   (incl. Padding)

    ----------------------------------------------------------------------

      Code (inc. data)   RO Data    RW Data    ZI Data      Debug   Library Name

      6250        256        513          0         96       4080   c_w.l
         4          0          0          0          0         68   fz_ws.l
        40          0          0          0          0         68   m_ws.l

    ----------------------------------------------------------------------
      6302        256        516          0        100       4216   Library Totals

    ----------------------------------------------------------------------

==============================================================================


      Code (inc. data)   RO Data    RW Data    ZI Data      Debug   

     28036       1390       1108        148       9708     385569   Grand Totals
     28036       1390       1108        148       9708     385569   ELF Image Totals
     28036       1390       1108        148          0          0   ROM Totals

==============================================================================

    Total RO  Size (Code + RO Data)                29144 (  28.46kB)
    Total RW  Size (RW Data + ZI Data)              9856 (   9.63kB)
    Total ROM Size (Code + RO Data + RW Data)      29292 (  28.61kB)

==============================================================================

